Component: ARM Compiler 5.06 update 6 (build 750) Tool: armlink [4d35ed]

==============================================================================

Section Cross References

    startup_stm32f429xx.o(RESET) refers to startup_stm32f429xx.o(STACK) for __initial_sp
    startup_stm32f429xx.o(RESET) refers to startup_stm32f429xx.o(.text) for Reset_Handler
    startup_stm32f429xx.o(RESET) refers to stm32f4xx_it.o(i.NMI_Handler) for NMI_Handler
    startup_stm32f429xx.o(RESET) refers to stm32f4xx_it.o(i.HardFault_Handler) for HardFault_Handler
    startup_stm32f429xx.o(RESET) refers to stm32f4xx_it.o(i.MemManage_Handler) for MemManage_Handler
    startup_stm32f429xx.o(RESET) refers to stm32f4xx_it.o(i.BusFault_Handler) for BusFault_Handler
    startup_stm32f429xx.o(RESET) refers to stm32f4xx_it.o(i.UsageFault_Handler) for UsageFault_Handler
    startup_stm32f429xx.o(RESET) refers to stm32f4xx_it.o(i.SVC_Handler) for SVC_Handler
    startup_stm32f429xx.o(RESET) refers to stm32f4xx_it.o(i.DebugMon_Handler) for DebugMon_Handler
    startup_stm32f429xx.o(RESET) refers to stm32f4xx_it.o(i.PendSV_Handler) for PendSV_Handler
    startup_stm32f429xx.o(RESET) refers to stm32f4xx_it.o(i.SysTick_Handler) for SysTick_Handler
    startup_stm32f429xx.o(RESET) refers to stm32f4xx_it.o(i.USART1_IRQHandler) for USART1_IRQHandler
    startup_stm32f429xx.o(RESET) refers to stm32f4xx_it.o(i.OTG_HS_IRQHandler) for OTG_HS_IRQHandler
    startup_stm32f429xx.o(.text) refers to system_stm32f4xx.o(i.SystemInit) for SystemInit
    startup_stm32f429xx.o(.text) refers to entry.o(.ARM.Collect$$$$00000000) for __main
    stm32f429i_discovery.o(i.BSP_LED_Init) refers to stm32f4xx_hal_gpio.o(i.HAL_GPIO_Init) for HAL_GPIO_Init
    stm32f429i_discovery.o(i.BSP_LED_Init) refers to stm32f4xx_hal_gpio.o(i.HAL_GPIO_WritePin) for HAL_GPIO_WritePin
    stm32f429i_discovery.o(i.BSP_LED_Init) refers to stm32f429i_discovery.o(.constdata) for .constdata
    stm32f429i_discovery.o(i.BSP_LED_Init) refers to stm32f429i_discovery.o(.data) for .data
    stm32f429i_discovery.o(i.BSP_LED_Off) refers to stm32f4xx_hal_gpio.o(i.HAL_GPIO_WritePin) for HAL_GPIO_WritePin
    stm32f429i_discovery.o(i.BSP_LED_Off) refers to stm32f429i_discovery.o(.constdata) for .constdata
    stm32f429i_discovery.o(i.BSP_LED_Off) refers to stm32f429i_discovery.o(.data) for .data
    stm32f429i_discovery.o(i.BSP_LED_On) refers to stm32f4xx_hal_gpio.o(i.HAL_GPIO_WritePin) for HAL_GPIO_WritePin
    stm32f429i_discovery.o(i.BSP_LED_On) refers to stm32f429i_discovery.o(.constdata) for .constdata
    stm32f429i_discovery.o(i.BSP_LED_On) refers to stm32f429i_discovery.o(.data) for .data
    stm32f429i_discovery.o(i.BSP_LED_Toggle) refers to stm32f4xx_hal_gpio.o(i.HAL_GPIO_TogglePin) for HAL_GPIO_TogglePin
    stm32f429i_discovery.o(i.BSP_LED_Toggle) refers to stm32f429i_discovery.o(.constdata) for .constdata
    stm32f429i_discovery.o(i.BSP_LED_Toggle) refers to stm32f429i_discovery.o(.data) for .data
    stm32f429i_discovery.o(i.BSP_PB_GetState) refers to stm32f4xx_hal_gpio.o(i.HAL_GPIO_ReadPin) for HAL_GPIO_ReadPin
    stm32f429i_discovery.o(i.BSP_PB_GetState) refers to stm32f429i_discovery.o(.constdata) for .constdata
    stm32f429i_discovery.o(i.BSP_PB_GetState) refers to stm32f429i_discovery.o(.data) for .data
    stm32f429i_discovery.o(i.BSP_PB_Init) refers to stm32f4xx_hal_gpio.o(i.HAL_GPIO_Init) for HAL_GPIO_Init
    stm32f429i_discovery.o(i.BSP_PB_Init) refers to stm32f4xx_hal_cortex.o(i.HAL_NVIC_SetPriority) for HAL_NVIC_SetPriority
    stm32f429i_discovery.o(i.BSP_PB_Init) refers to stm32f4xx_hal_cortex.o(i.HAL_NVIC_EnableIRQ) for HAL_NVIC_EnableIRQ
    stm32f429i_discovery.o(i.BSP_PB_Init) refers to stm32f429i_discovery.o(.constdata) for .constdata
    stm32f429i_discovery.o(i.BSP_PB_Init) refers to stm32f429i_discovery.o(.data) for .data
    stm32f429i_discovery.o(i.GYRO_IO_Init) refers to stm32f4xx_hal_gpio.o(i.HAL_GPIO_Init) for HAL_GPIO_Init
    stm32f429i_discovery.o(i.GYRO_IO_Init) refers to stm32f4xx_hal_gpio.o(i.HAL_GPIO_WritePin) for HAL_GPIO_WritePin
    stm32f429i_discovery.o(i.GYRO_IO_Init) refers to stm32f429i_discovery.o(i.SPIx_Init) for SPIx_Init
    stm32f429i_discovery.o(i.GYRO_IO_Read) refers to stm32f4xx_hal_gpio.o(i.HAL_GPIO_WritePin) for HAL_GPIO_WritePin
    stm32f429i_discovery.o(i.GYRO_IO_Read) refers to stm32f429i_discovery.o(i.SPIx_WriteRead) for SPIx_WriteRead
    stm32f429i_discovery.o(i.GYRO_IO_Write) refers to stm32f4xx_hal_gpio.o(i.HAL_GPIO_WritePin) for HAL_GPIO_WritePin
    stm32f429i_discovery.o(i.GYRO_IO_Write) refers to stm32f429i_discovery.o(i.SPIx_WriteRead) for SPIx_WriteRead
    stm32f429i_discovery.o(i.I2Cx_Error) refers to stm32f4xx_hal_i2c.o(i.HAL_I2C_DeInit) for HAL_I2C_DeInit
    stm32f429i_discovery.o(i.I2Cx_Error) refers to stm32f429i_discovery.o(i.I2Cx_Init) for I2Cx_Init
    stm32f429i_discovery.o(i.I2Cx_Error) refers to stm32f429i_discovery.o(.bss) for .bss
[...]
    HAL_HCD_HC_Halt                          0x08001fbf   Thumb Code    36  stm32f4xx_hal_hcd.o(i.HAL_HCD_HC_Halt)
    HAL_HCD_HC_Init                          0x08001fe3   Thumb Code    84  stm32f4xx_hal_hcd.o(i.HAL_HCD_HC_Init)
    HAL_HCD_HC_NotifyURBChange_Callback      0x08002037   Thumb Code     2  usbh_conf.o(i.HAL_HCD_HC_NotifyURBChange_Callback)
    HAL_HCD_HC_SubmitRequest                 0x08002039   Thumb Code   182  stm32f4xx_hal_hcd.o(i.HAL_HCD_HC_SubmitRequest)
    HAL_HCD_IRQHandler                       0x080020f1   Thumb Code   302  stm32f4xx_hal_hcd.o(i.HAL_HCD_IRQHandler)
    HAL_HCD_Init                             0x0800221f   Thumb Code    90  stm32f4xx_hal_hcd.o(i.HAL_HCD_Init)
    HAL_HCD_MspInit                          0x08002279   Thumb Code    98  usbh_conf.o(i.HAL_HCD_MspInit)
    HAL_HCD_ResetPort                        0x080022e9   Thumb Code     6  stm32f4xx_hal_hcd.o(i.HAL_HCD_ResetPort)
    HAL_HCD_SOF_Callback                     0x080022ef   Thumb Code     8  usbh_conf.o(i.HAL_HCD_SOF_Callback)
    HAL_HCD_Start                            0x080022f7   Thumb Code    44  stm32f4xx_hal_hcd.o(i.HAL_HCD_Start)
    HAL_HCD_Stop                             0x08002323   Thumb Code    36  stm32f4xx_hal_hcd.o(i.HAL_HCD_Stop)
    HAL_I2CEx_ConfigAnalogFilter             0x08002347   Thumb Code    66  stm32f4xx_hal_i2c_ex.o(i.HAL_I2CEx_ConfigAnalogFilter)
    HAL_I2CEx_ConfigDigitalFilter            0x08002389   Thumb Code    62  stm32f4xx_hal_i2c_ex.o(i.HAL_I2CEx_ConfigDigitalFilter)
    HAL_I2C_DeInit                           0x080023c7   Thumb Code    50  stm32f4xx_hal_i2c.o(i.HAL_I2C_DeInit)
    HAL_I2C_GetState                         0x080023f9   Thumb Code     6  stm32f4xx_hal_i2c.o(i.HAL_I2C_GetState)
    HAL_I2C_Init                             0x08002401   Thumb Code   254  stm32f4xx_hal_i2c.o(i.HAL_I2C_Init)
    HAL_I2C_Mem_Read                         0x08002509   Thumb Code   496  stm32f4xx_hal_i2c.o(i.HAL_I2C_Mem_Read)
    HAL_I2C_Mem_Write                        0x08002705   Thumb Code   306  stm32f4xx_hal_i2c.o(i.HAL_I2C_Mem_Write)
    HAL_I2C_MspDeInit                        0x08002841   Thumb Code    44  i2c.o(i.HAL_I2C_MspDeInit)
    HAL_I2C_MspInit                          0x0800287d   Thumb Code   126  i2c.o(i.HAL_I2C_MspInit)
    HAL_IncTick                              0x0800290d   Thumb Code    12  stm32f4xx_hal.o(i.HAL_IncTick)
    HAL_Init                                 0x0800291d   Thumb Code    48  stm32f4xx_hal.o(i.HAL_Init)
    HAL_InitTick                             0x08002951   Thumb Code    54  stm32f4xx_hal.o(i.HAL_InitTick)
    HAL_LTDC_ConfigLayer                     0x08002991   Thumb Code    82  stm32f4xx_hal_ltdc.o(i.HAL_LTDC_ConfigLayer)
    HAL_LTDC_EnableDither                    0x080029e5   Thumb Code    42  stm32f4xx_hal_ltdc.o(i.HAL_LTDC_EnableDither)
    HAL_LTDC_Init                            0x08002a15   Thumb Code   238  stm32f4xx_hal_ltdc.o(i.HAL_LTDC_Init)
    HAL_LTDC_MspInit                         0x08002b09   Thumb Code   340  ltdc.o(i.HAL_LTDC_MspInit)
    HAL_MspInit                              0x08002c7d   Thumb Code    48  stm32f4xx_hal_msp.o(i.HAL_MspInit)
    HAL_NVIC_EnableIRQ                       0x08002cb1   Thumb Code    22  stm32f4xx_hal_cortex.o(i.HAL_NVIC_EnableIRQ)
    HAL_NVIC_SetPriority                     0x08002cc9   Thumb Code    60  stm32f4xx_hal_cortex.o(i.HAL_NVIC_SetPriority)
    HAL_NVIC_SetPriorityGrouping             0x08002d09   Thumb Code    26  stm32f4xx_hal_cortex.o(i.HAL_NVIC_SetPriorityGrouping)
    HAL_RCCEx_PeriphCLKConfig                0x08002d2d   Thumb Code   528  stm32f4xx_hal_rcc_ex.o(i.HAL_RCCEx_PeriphCLKConfig)
    HAL_RCC_ClockConfig                      0x08002f61   Thumb Code   286  stm32f4xx_hal_rcc.o(i.HAL_RCC_ClockConfig)
    HAL_RCC_GetPCLK1Freq                     0x08003091   Thumb Code    20  stm32f4xx_hal_rcc.o(i.HAL_RCC_GetPCLK1Freq)
    HAL_RCC_GetPCLK2Freq                     0x080030b1   Thumb Code    20  stm32f4xx_hal_rcc.o(i.HAL_RCC_GetPCLK2Freq)
    HAL_RCC_GetSysClockFreq                  0x080030d1   Thumb Code    88  stm32f4xx_hal_rcc.o(i.HAL_RCC_GetSysClockFreq)
    HAL_RCC_OscConfig                        0x08003131   Thumb Code   770  stm32f4xx_hal_rcc.o(i.HAL_RCC_OscConfig)
    HAL_RTC_GetDate                          0x0800344d   Thumb Code    62  stm32f4xx_hal_rtc.o(i.HAL_RTC_GetDate)
    HAL_RTC_GetTime                          0x08003491   Thumb Code    82  stm32f4xx_hal_rtc.o(i.HAL_RTC_GetTime)
    HAL_RTC_Init                             0x080034e9   Thumb Code   166  stm32f4xx_hal_rtc.o(i.HAL_RTC_Init)
    HAL_RTC_MspInit                          0x08003595   Thumb Code    16  rtc.o(i.HAL_RTC_MspInit)
    HAL_RTC_SetDate                          0x080035ad   Thumb Code   194  stm32f4xx_hal_rtc.o(i.HAL_RTC_SetDate)
    HAL_RTC_SetTime                          0x08003675   Thumb Code   236  stm32f4xx_hal_rtc.o(i.HAL_RTC_SetTime)
    HAL_RTC_WaitForSynchro                   0x08003765   Thumb Code    54  stm32f4xx_hal_rtc.o(i.HAL_RTC_WaitForSynchro)
    HAL_SDRAM_Init                           0x0800379b   Thumb Code    66  stm32f4xx_hal_sdram.o(i.HAL_SDRAM_Init)
    HAL_SDRAM_MspInit                        0x080037dd   Thumb Code     4  fmc.o(i.HAL_SDRAM_MspInit)
    HAL_SDRAM_ProgramRefreshRate             0x080037e1   Thumb Code    34  stm32f4xx_hal_sdram.o(i.HAL_SDRAM_ProgramRefreshRate)
    HAL_SDRAM_SendCommand                    0x08003805   Thumb Code    48  stm32f4xx_hal_sdram.o(i.HAL_SDRAM_SendCommand)
    HAL_SPI_DeInit                           0x08003835   Thumb Code    46  stm32f4xx_hal_spi.o(i.HAL_SPI_DeInit)
    HAL_SPI_GetState                         0x08003863   Thumb Code     6  stm32f4xx_hal_spi.o(i.HAL_SPI_GetState)
    HAL_SPI_Init                             0x08003869   Thumb Code   128  stm32f4xx_hal_spi.o(i.HAL_SPI_Init)
    HAL_SPI_MspDeInit                        0x080038e9   Thumb Code    30  spi.o(i.HAL_SPI_MspDeInit)
    HAL_SPI_MspInit                          0x08003915   Thumb Code    92  spi.o(i.HAL_SPI_MspInit)
    HAL_SPI_Receive                          0x0800397d   Thumb Code   336  stm32f4xx_hal_spi.o(i.HAL_SPI_Receive)
    HAL_SPI_Transmit                         0x08003acd   Thumb Code   360  stm32f4xx_hal_spi.o(i.HAL_SPI_Transmit)
    HAL_SPI_TransmitReceive                  0x08003c35   Thumb Code   472  stm32f4xx_hal_spi.o(i.HAL_SPI_TransmitReceive)
    HAL_SYSTICK_Config                       0x08003e0d   Thumb Code    40  stm32f4xx_hal_cortex.o(i.HAL_SYSTICK_Config)
    HAL_TIMEx_MasterConfigSynchronization    0x08003e35   Thumb Code    80  stm32f4xx_hal_tim_ex.o(i.HAL_TIMEx_MasterConfigSynchronization)
    HAL_TIM_Base_Init                        0x08003e85   Thumb Code    54  stm32f4xx_hal_tim.o(i.HAL_TIM_Base_Init)
    HAL_TIM_Base_MspInit                     0x08003ebd   Thumb Code    52  tim.o(i.HAL_TIM_Base_MspInit)
    HAL_TIM_ConfigClockSource                0x08003ef9   Thumb Code   242  stm32f4xx_hal_tim.o(i.HAL_TIM_ConfigClockSource)
    HAL_TIM_MspPostInit                      0x08003fed   Thumb Code   110  tim.o(i.HAL_TIM_MspPostInit)
    HAL_TIM_PWM_ConfigChannel                0x08004069   Thumb Code   208  stm32f4xx_hal_tim.o(i.HAL_TIM_PWM_ConfigChannel)
    HAL_TIM_PWM_Init                         0x08004139   Thumb Code    54  stm32f4xx_hal_tim.o(i.HAL_TIM_PWM_Init)
    HAL_TIM_PWM_MspInit                      0x0800416f   Thumb Code     2  stm32f4xx_hal_tim.o(i.HAL_TIM_PWM_MspInit)
    HAL_TIM_PWM_Start                        0x08004171   Thumb Code    48  stm32f4xx_hal_tim.o(i.HAL_TIM_PWM_Start)
    HAL_UART_ErrorCallback                   0x080041a9   Thumb Code     2  stm32f4xx_hal_uart.o(i.HAL_UART_ErrorCallback)
    HAL_UART_IRQHandler                      0x080041ad   Thumb Code   266  stm32f4xx_hal_uart.o(i.HAL_UART_IRQHandler)
    HAL_UART_Init                            0x080042bd   Thumb Code    98  stm32f4xx_hal_uart.o(i.HAL_UART_Init)
    HAL_UART_MspInit                         0x08004321   Thumb Code   110  usart.o(i.HAL_UART_MspInit)
    HAL_UART_Receive_IT                      0x0800439d   Thumb Code    72  stm32f4xx_hal_uart.o(i.HAL_UART_Receive_IT)
    HAL_UART_RxCpltCallback                  0x080043e5   Thumb Code    20  main.o(i.HAL_UART_RxCpltCallback)
    HAL_UART_TxCpltCallback                  0x08004401   Thumb Code     2  stm32f4xx_hal_uart.o(i.HAL_UART_TxCpltCallback)
    HardFault_Handler                        0x08004969   Thumb Code     2  stm32f4xx_it.o(i.HardFault_Handler)
    IOE_Delay                                0x08004e21   Thumb Code     4  stm32f429i_discovery.o(i.IOE_Delay)
    IOE_ITConfig                             0x08004e25   Thumb Code    68  stm32f429i_discovery.o(i.IOE_ITConfig)
    IOE_Init                                 0x08004e75   Thumb Code     4  stm32f429i_discovery.o(i.IOE_Init)
    IOE_Read                                 0x08004e79   Thumb Code    44  stm32f429i_discovery.o(i.IOE_Read)
    IOE_ReadMultiple                         0x08004ead   Thumb Code    38  stm32f429i_discovery.o(i.IOE_ReadMultiple)
    IOE_Write                                0x08004edd   Thumb Code    40  stm32f429i_discovery.o(i.IOE_Write)
    LCD_Delay                                0x08004f0d   Thumb Code     4  stm32f429i_discovery.o(i.LCD_Delay)
    LCD_IO_Init                              0x08004f11   Thumb Code   150  stm32f429i_discovery.o(i.LCD_IO_Init)
    LCD_IO_ReadData                          0x08004fb9   Thumb Code    92  stm32f429i_discovery.o(i.LCD_IO_ReadData)
    LCD_IO_WriteData                         0x08005025   Thumb Code    46  stm32f429i_discovery.o(i.LCD_IO_WriteData)
    LCD_IO_WriteReg                          0x0800505d   Thumb Code    48  stm32f429i_discovery.o(i.LCD_IO_WriteReg)
    MX_ADC1_Init                             0x080051f9   Thumb Code   100  adc.o(i.MX_ADC1_Init)
    MX_DMA2D_Init                            0x08005269   Thumb Code    58  dma2d.o(i.MX_DMA2D_Init)
    MX_DriverVbusHS                          0x080052ad   Thumb Code    16  usbh_platform.o(i.MX_DriverVbusHS)
    MX_FATFS_Init                            0x080052c1   Thumb Code    18  fatfs.o(i.MX_FATFS_Init)
    MX_FMC_Init                              0x080052dd   Thumb Code    74  fmc.o(i.MX_FMC_Init)
    MX_GPIO_Init                             0x08005331   Thumb Code   352  gpio.o(i.MX_GPIO_Init)
    MX_I2C3_Init                             0x080054ad   Thumb Code    78  i2c.o(i.MX_I2C3_Init)
    MX_LTDC_Init                             0x08005509   Thumb Code   208  ltdc.o(i.MX_LTDC_Init)
    MX_RTC_Init                              0x080055e1   Thumb Code   120  rtc.o(i.MX_RTC_Init)
    MX_SPI5_Init                             0x08005661   Thumb Code    60  spi.o(i.MX_SPI5_Init)
    MX_TIM2_Init                             0x080056a5   Thumb Code   142  tim.o(i.MX_TIM2_Init)
    MX_TIM3_Init                             0x08005739   Thumb Code   142  tim.o(i.MX_TIM3_Init)
    MX_USART1_UART_Init                      0x080057d1   Thumb Code    48  usart.o(i.MX_USART1_UART_Init)
    MX_USB_HOST_Init                         0x08005809   Thumb Code    30  usb_host.o(i.MX_USB_HOST_Init)
    MX_USB_HOST_Process                      0x08005835   Thumb Code     6  usb_host.o(i.MX_USB_HOST_Process)
    MemManage_Handler                        0x08005841   Thumb Code     2  stm32f4xx_it.o(i.MemManage_Handler)
    NMI_Handler                              0x08005843   Thumb Code     2  stm32f4xx_it.o(i.NMI_Handler)
    OTG_HS_IRQHandler                        0x08005865   Thumb Code     6  stm32f4xx_it.o(i.OTG_HS_IRQHandler)
    PendSV_Handler                           0x08005871   Thumb Code     2  stm32f4xx_it.o(i.PendSV_Handler)
    RTC_Bcd2ToByte                           0x08005873   Thumb Code    18  stm32f4xx_hal_rtc.o(i.RTC_Bcd2ToByte)
    RTC_ByteToBcd2                           0x08005885   Thumb Code    22  stm32f4xx_hal_rtc.o(i.RTC_ByteToBcd2)
    RTC_EnterInitMode                        0x0800589d   Thumb Code    58  stm32f4xx_hal_rtc.o(i.RTC_EnterInitMode)
    SVC_Handler                              0x08005a61   Thumb Code     2  stm32f4xx_it.o(i.SVC_Handler)
    SysTick_Handler                          0x08005a63   Thumb Code     4  stm32f4xx_it.o(i.SysTick_Handler)
    SystemClock_Config                       0x08005a69   Thumb Code   158  main.o(i.SystemClock_Config)
    SystemInit                               0x08005b11   Thumb Code    66  system_stm32f4xx.o(i.SystemInit)
    TIM_Base_SetConfig                       0x08005b65   Thumb Code   148  stm32f4xx_hal_tim.o(i.TIM_Base_SetConfig)
    TIM_CCxChannelCmd                        0x08005c25   Thumb Code    22  stm32f4xx_hal_tim.o(i.TIM_CCxChannelCmd)
    TIM_OC2_SetConfig                        0x08005cb9   Thumb Code    90  stm32f4xx_hal_tim.o(i.TIM_OC2_SetConfig)
    USART1_IRQHandler                        0x080061dd   Thumb Code     6  stm32f4xx_it.o(i.USART1_IRQHandler)
    USBH_AllocPipe                           0x080061e9   Thumb Code    52  usbh_pipes.o(i.USBH_AllocPipe)
    USBH_BulkReceiveData                     0x0800621d   Thumb Code    32  usbh_ioreq.o(i.USBH_BulkReceiveData)
    USBH_BulkSendData                        0x0800623d   Thumb Code    40  usbh_ioreq.o(i.USBH_BulkSendData)
    USBH_ClosePipe                           0x08006265   Thumb Code    10  usbh_pipes.o(i.USBH_ClosePipe)
    USBH_ClrFeature                          0x0800626f   Thumb Code    30  usbh_ctlreq.o(i.USBH_ClrFeature)
    USBH_CtlReceiveData                      0x0800628d   Thumb Code    30  usbh_ioreq.o(i.USBH_CtlReceiveData)
    USBH_CtlReq                              0x080062ab   Thumb Code    54  usbh_ctlreq.o(i.USBH_CtlReq)
    USBH_CtlSendData                         0x080062e1   Thumb Code    40  usbh_ioreq.o(i.USBH_CtlSendData)
    USBH_CtlSendSetup                        0x08006309   Thumb Code    30  usbh_ioreq.o(i.USBH_CtlSendSetup)
    USBH_Delay                               0x08006327   Thumb Code     4  usbh_conf.o(i.USBH_Delay)
    USBH_FindInterface                       0x0800632b   Thumb Code    68  usbh_core.o(i.USBH_FindInterface)
    USBH_FreePipe                            0x0800636f   Thumb Code    24  usbh_pipes.o(i.USBH_FreePipe)
    USBH_GetDescriptor                       0x08006387   Thumb Code    52  usbh_ctlreq.o(i.USBH_GetDescriptor)
    USBH_GetNextDesc                         0x080063bb   Thumb Code    14  usbh_ctlreq.o(i.USBH_GetNextDesc)
    USBH_Get_CfgDesc                         0x080063c9   Thumb Code    44  usbh_ctlreq.o(i.USBH_Get_CfgDesc)
    USBH_Get_DevDesc                         0x080063f5   Thumb Code   154  usbh_ctlreq.o(i.USBH_Get_DevDesc)
    USBH_Get_StringDesc                      0x0800648f   Thumb Code    72  usbh_ctlreq.o(i.USBH_Get_StringDesc)
    USBH_Init                                0x08006747   Thumb Code    48  usbh_core.o(i.USBH_Init)
    USBH_LL_ClosePipe                        0x08006777   Thumb Code    32  usbh_conf.o(i.USBH_LL_ClosePipe)
    USBH_LL_Connect                          0x08006797   Thumb Code    40  usbh_core.o(i.USBH_LL_Connect)
    USBH_LL_Disconnect                       0x080067bf   Thumb Code    56  usbh_core.o(i.USBH_LL_Disconnect)
    USBH_LL_DriverVBUS                       0x080067f7   Thumb Code    24  usbh_conf.o(i.USBH_LL_DriverVBUS)
    USBH_LL_GetLastXferSize                  0x0800680f   Thumb Code     8  usbh_conf.o(i.USBH_LL_GetLastXferSize)
    USBH_LL_GetSpeed                         0x08006817   Thumb Code    34  usbh_conf.o(i.USBH_LL_GetSpeed)
    USBH_LL_GetToggle                        0x08006839   Thumb Code    30  usbh_conf.o(i.USBH_LL_GetToggle)
    USBH_LL_GetURBState                      0x08006857   Thumb Code     8  usbh_conf.o(i.USBH_LL_GetURBState)
    USBH_LL_IncTimer                         0x0800685f   Thumb Code    30  usbh_core.o(i.USBH_LL_IncTimer)
    USBH_LL_Init                             0x0800687d   Thumb Code    76  usbh_conf.o(i.USBH_LL_Init)
    USBH_LL_OpenPipe                         0x080068d1   Thumb Code    42  usbh_conf.o(i.USBH_LL_OpenPipe)
    USBH_LL_ResetPort                        0x080068fb   Thumb Code    32  usbh_conf.o(i.USBH_LL_ResetPort)
    USBH_LL_SetTimer                         0x0800691b   Thumb Code     6  usbh_core.o(i.USBH_LL_SetTimer)
    USBH_LL_SetToggle                        0x08006921   Thumb Code    32  usbh_conf.o(i.USBH_LL_SetToggle)
    USBH_LL_Start                            0x08006941   Thumb Code    32  usbh_conf.o(i.USBH_LL_Start)
    USBH_LL_Stop                             0x08006961   Thumb Code    32  usbh_conf.o(i.USBH_LL_Stop)
    USBH_LL_SubmitURB                        0x08006981   Thumb Code    48  usbh_conf.o(i.USBH_LL_SubmitURB)
    USBH_MSC_BOT_Init                        0x080069d1   Thumb Code    26  usbh_msc_bot.o(i.USBH_MSC_BOT_Init)
    USBH_MSC_BOT_Process                     0x080069f5   Thumb Code   470  usbh_msc_bot.o(i.USBH_MSC_BOT_Process)
    USBH_MSC_BOT_REQ_GetMaxLUN               0x08006bd1   Thumb Code    22  usbh_msc_bot.o(i.USBH_MSC_BOT_REQ_GetMaxLUN)
    USBH_MSC_BOT_REQ_Reset                   0x08006be7   Thumb Code    22  usbh_msc_bot.o(i.USBH_MSC_BOT_REQ_Reset)
    USBH_MSC_GetLUNInfo                      0x08006c69   Thumb Code    46  usbh_msc.o(i.USBH_MSC_GetLUNInfo)
    USBH_MSC_Read                            0x0800714b   Thumb Code   138  usbh_msc.o(i.USBH_MSC_Read)
    USBH_MSC_SCSI_Inquiry                    0x080071d5   Thumb Code   192  usbh_msc_scsi.o(i.USBH_MSC_SCSI_Inquiry)
    USBH_MSC_SCSI_Read                       0x08007295   Thumb Code   124  usbh_msc_scsi.o(i.USBH_MSC_SCSI_Read)
    USBH_MSC_SCSI_ReadCapacity               0x08007311   Thumb Code   122  usbh_msc_scsi.o(i.USBH_MSC_SCSI_ReadCapacity)
    USBH_MSC_SCSI_RequestSense               0x0800738b   Thumb Code   146  usbh_msc_scsi.o(i.USBH_MSC_SCSI_RequestSense)
    USBH_MSC_SCSI_TestUnitReady              0x0800741d   Thumb Code    76  usbh_msc_scsi.o(i.USBH_MSC_SCSI_TestUnitReady)
    USBH_MSC_SCSI_Write                      0x08007469   Thumb Code   124  usbh_msc_scsi.o(i.USBH_MSC_SCSI_Write)
    USBH_MSC_UnitIsReady                     0x080074e9   Thumb Code    38  usbh_msc.o(i.USBH_MSC_UnitIsReady)
    USBH_MSC_Write                           0x0800750f   Thumb Code   138  usbh_msc.o(i.USBH_MSC_Write)
    USBH_OpenPipe                            0x08007599   Thumb Code    20  usbh_pipes.o(i.USBH_OpenPipe)
    USBH_Process                             0x08007695   Thumb Code   360  usbh_core.o(i.USBH_Process)
    USBH_RegisterClass                       0x080077fd   Thumb Code    28  usbh_core.o(i.USBH_RegisterClass)
    USBH_SelectInterface                     0x08007819   Thumb Code    22  usbh_core.o(i.USBH_SelectInterface)
    USBH_SetAddress                          0x0800782f   Thumb Code    28  usbh_ctlreq.o(i.USBH_SetAddress)
    USBH_SetCfg                              0x0800784b   Thumb Code    28  usbh_ctlreq.o(i.USBH_SetCfg)
    USBH_Start                               0x08007867   Thumb Code    20  usbh_core.o(i.USBH_Start)
    USBH_initialize                          0x0800789d   Thumb Code     4  usbh_diskio.o(i.USBH_initialize)
    USBH_ioctl                               0x080078a1   Thumb Code    96  usbh_diskio.o(i.USBH_ioctl)
    USBH_read                                0x08007905   Thumb Code    62  usbh_diskio.o(i.USBH_read)
    USBH_status                              0x08007949   Thumb Code    20  usbh_diskio.o(i.USBH_status)
    USBH_write                               0x08007961   Thumb Code    70  usbh_diskio.o(i.USBH_write)
    USB_CoreInit                             0x080079ad   Thumb Code   104  stm32f4xx_ll_usb.o(i.USB_CoreInit)
    USB_DisableGlobalInt                     0x08007a51   Thumb Code    12  stm32f4xx_ll_usb.o(i.USB_DisableGlobalInt)
    USB_DoPing                               0x08007a5d   Thumb Code    60  stm32f4xx_ll_usb.o(i.USB_DoPing)
    USB_DriveVbus                            0x08007a9d   Thumb Code    44  stm32f4xx_ll_usb.o(i.USB_DriveVbus)
    USB_EnableGlobalInt                      0x08007ac9   Thumb Code    12  stm32f4xx_ll_usb.o(i.USB_EnableGlobalInt)
    USB_FlushRxFifo                          0x08007ad5   Thumb Code    28  stm32f4xx_ll_usb.o(i.USB_FlushRxFifo)
    USB_FlushTxFifo                          0x08007af5   Thumb Code    32  stm32f4xx_ll_usb.o(i.USB_FlushTxFifo)
    USB_GetCurrentFrame                      0x08007b19   Thumb Code     8  stm32f4xx_ll_usb.o(i.USB_GetCurrentFrame)
    USB_GetHostSpeed                         0x08007b21   Thumb Code    14  stm32f4xx_ll_usb.o(i.USB_GetHostSpeed)
    USB_GetMode                              0x08007b2f   Thumb Code     8  stm32f4xx_ll_usb.o(i.USB_GetMode)
    USB_HC_Halt                              0x08007b37   Thumb Code   328  stm32f4xx_ll_usb.o(i.USB_HC_Halt)
    USB_HC_Init                              0x08007c81   Thumb Code   234  stm32f4xx_ll_usb.o(i.USB_HC_Init)
    USB_HC_ReadInterrupt                     0x08007d6b   Thumb Code    12  stm32f4xx_ll_usb.o(i.USB_HC_ReadInterrupt)
    USB_HC_StartXfer                         0x08007d79   Thumb Code   386  stm32f4xx_ll_usb.o(i.USB_HC_StartXfer)
    USB_HostInit                             0x08007f01   Thumb Code   192  stm32f4xx_ll_usb.o(i.USB_HostInit)
    USB_InitFSLSPClkSel                      0x08007fd5   Thumb Code    54  stm32f4xx_ll_usb.o(i.USB_InitFSLSPClkSel)
    USB_ReadInterrupts                       0x0800800b   Thumb Code     8  stm32f4xx_ll_usb.o(i.USB_ReadInterrupts)
    USB_ReadPacket                           0x08008013   Thumb Code    32  stm32f4xx_ll_usb.o(i.USB_ReadPacket)
    USB_ResetPort                            0x08008033   Thumb Code    44  stm32f4xx_ll_usb.o(i.USB_ResetPort)
    USB_SetCurrentMode                       0x0800805f   Thumb Code    44  stm32f4xx_ll_usb.o(i.USB_SetCurrentMode)
    USB_StopHost                             0x0800808b   Thumb Code   178  stm32f4xx_ll_usb.o(i.USB_StopHost)
    USB_WritePacket                          0x0800813d   Thumb Code    40  stm32f4xx_ll_usb.o(i.USB_WritePacket)
    UsageFault_Handler                       0x08008165   Thumb Code     2  stm32f4xx_it.o(i.UsageFault_Handler)
    __0sprintf                               0x08008169   Thumb Code    34  printfa.o(i.__0sprintf)
    __1sprintf                               0x08008169   Thumb Code     0  printfa.o(i.__0sprintf)
    __2sprintf                               0x08008169   Thumb Code     0  printfa.o(i.__0sprintf)
    __c89sprintf                             0x08008169   Thumb Code     0  printfa.o(i.__0sprintf)
    sprintf                                  0x08008169   Thumb Code     0  printfa.o(i.__0sprintf)
    __scatterload_copy                       0x08008191   Thumb Code    14  handlers.o(i.__scatterload_copy)
    __scatterload_null                       0x0800819f   Thumb Code     2  handlers.o(i.__scatterload_null)
    __scatterload_zeroinit                   0x080081a1   Thumb Code    14  handlers.o(i.__scatterload_zeroinit)
    aciona_PWM                               0x08008a6d   Thumb Code   152  main.o(i.aciona_PWM)
    configura_hora                           0x08008c85   Thumb Code   148  main.o(i.configura_hora)
    disk_initialize                          0x08009111   Thumb Code    36  diskio.o(i.disk_initialize)
    disk_ioctl                               0x08009139   Thumb Code    24  diskio.o(i.disk_ioctl)
    disk_read                                0x08009155   Thumb Code    24  diskio.o(i.disk_read)
    disk_status                              0x08009171   Thumb Code    18  diskio.o(i.disk_status)
    disk_write                               0x08009189   Thumb Code    24  diskio.o(i.disk_write)
    f_close                                  0x080091a5   Thumb Code    40  ff.o(i.f_close)
    f_mount                                  0x080091cd   Thumb Code    84  ff.o(i.f_mount)
    f_open                                   0x08009225   Thumb Code   534  ff.o(i.f_open)
    f_sync                                   0x08009441   Thumb Code   142  ff.o(i.f_sync)
    f_write                                  0x080094cf   Thumb Code   434  ff.o(i.f_write)
    free                                     0x08009985   Thumb Code    76  malloc.o(i.free)
    get_fattime                              0x08009abd   Thumb Code     4  fatfs.o(i.get_fattime)
    ili9341_DisplayOff                       0x08009afd   Thumb Code     6  ili9341.o(i.ili9341_DisplayOff)
    ili9341_DisplayOn                        0x08009b03   Thumb Code     6  ili9341.o(i.ili9341_DisplayOn)
    ili9341_GetLcdPixelHeight                0x08009b09   Thumb Code     6  ili9341.o(i.ili9341_GetLcdPixelHeight)
    ili9341_GetLcdPixelWidth                 0x08009b0f   Thumb Code     4  ili9341.o(i.ili9341_GetLcdPixelWidth)
    ili9341_Init                             0x08009b13   Thumb Code   658  ili9341.o(i.ili9341_Init)
    ili9341_ReadID                           0x08009da5   Thumb Code    18  ili9341.o(i.ili9341_ReadID)
    inicializa_display                       0x08009e39   Thumb Code    68  main.o(i.inicializa_display)
    inicializa_vetor_uint8                   0x08009e85   Thumb Code    16  main.o(i.inicializa_vetor_uint8)
    le_pressao                               0x08009edd   Thumb Code   152  main.o(i.le_pressao)
    le_temperatura                           0x08009f79   Thumb Code   312  main.o(i.le_temperatura)
    le_umidade                               0x0800a0b5   Thumb Code   282  main.o(i.le_umidade)
    leitura_AD                               0x0800a1d5   Thumb Code    58  main.o(i.leitura_AD)
    main                                     0x0800a219   Thumb Code   270  main.o(i.main)
    malloc                                   0x0800a365   Thumb Code    92  malloc.o(i.malloc)
    pendrive                                 0x0800a425   Thumb Code   282  main.o(i.pendrive)
    renderiza_RTC                            0x0800a751   Thumb Code    88  main.o(i.renderiza_RTC)
    renderiza_sensores                       0x0800a7c5   Thumb Code   144  main.o(i.renderiza_sensores)
    stmpe811_ClearGlobalIT                   0x0800a8a5   Thumb Code    10  stmpe811.o(i.stmpe811_ClearGlobalIT)
    stmpe811_DisableGlobalIT                 0x0800a8af   Thumb Code    28  stmpe811.o(i.stmpe811_DisableGlobalIT)
    stmpe811_DisableITSource                 0x0800a8cb   Thumb Code    30  stmpe811.o(i.stmpe811_DisableITSource)
    stmpe811_EnableGlobalIT                  0x0800a8e9   Thumb Code    28  stmpe811.o(i.stmpe811_EnableGlobalIT)
    stmpe811_EnableITSource                  0x0800a905   Thumb Code    30  stmpe811.o(i.stmpe811_EnableITSource)
    stmpe811_IO_EnableAF                     0x0800a941   Thumb Code    30  stmpe811.o(i.stmpe811_IO_EnableAF)
    stmpe811_Init                            0x0800a961   Thumb Code    42  stmpe811.o(i.stmpe811_Init)
    stmpe811_ReadID                          0x0800a991   Thumb Code    32  stmpe811.o(i.stmpe811_ReadID)
    stmpe811_Reset                           0x0800a9b1   Thumb Code    40  stmpe811.o(i.stmpe811_Reset)
    stmpe811_TS_ClearIT                      0x0800a9d9   Thumb Code     6  stmpe811.o(i.stmpe811_TS_ClearIT)
    stmpe811_TS_DetectTouch                  0x0800a9df   Thumb Code    54  stmpe811.o(i.stmpe811_TS_DetectTouch)
    stmpe811_TS_DisableIT                    0x0800aa15   Thumb Code    20  stmpe811.o(i.stmpe811_TS_DisableIT)
    stmpe811_TS_EnableIT                     0x0800aa29   Thumb Code    26  stmpe811.o(i.stmpe811_TS_EnableIT)
    stmpe811_TS_GetXY                        0x0800aa43   Thumb Code    62  stmpe811.o(i.stmpe811_TS_GetXY)
    stmpe811_TS_ITStatus                     0x0800aa81   Thumb Code    16  stmpe811.o(i.stmpe811_TS_ITStatus)
    stmpe811_TS_Start                        0x0800aa91   Thumb Code   162  stmpe811.o(i.stmpe811_TS_Start)
    Font24_Table                             0x0800ac40   Data        6840  stm32f429i_discovery_lcd.o(.constdata)
    Font16_Table                             0x0800c6f8   Data        3040  stm32f429i_discovery_lcd.o(.constdata)
    USBH_Driver                              0x0800d2d8   Data          20  usbh_diskio.o(.constdata)
    AHBPrescTable                            0x0800d2f4   Data          16  system_stm32f4xx.o(.constdata)
    APBPrescTable                            0x0800d304   Data           8  system_stm32f4xx.o(.constdata)
    Region$$Table$$Base                      0x0800d3ac   Number         0  anon$$obj.o(Region$$Table)
    Region$$Table$$Limit                     0x0800d3cc   Number         0  anon$$obj.o(Region$$Table)
    BUTTON_PORT                              0x20000004   Data           4  stm32f429i_discovery.o(.data)
    I2cxTimeout                              0x20000008   Data           4  stm32f429i_discovery.o(.data)
    SpixTimeout                              0x2000000c   Data           4  stm32f429i_discovery.o(.data)
    GPIO_PORT                                0x20000010   Data           8  stm32f429i_discovery.o(.data)
    LcdDrv                                   0x2000001c   Data           4  stm32f429i_discovery_lcd.o(.data)
    Font24                                   0x20000020   Data           8  stm32f429i_discovery_lcd.o(.data)
    Font16                                   0x20000028   Data           8  stm32f429i_discovery_lcd.o(.data)
    ili9341_drv                              0x20000044   Data          56  ili9341.o(.data)
    stmpe811_ts_drv                          0x2000007c   Data          40  stmpe811.o(.data)
    stmpe811                                 0x200000a4   Data           2  stmpe811.o(.data)
    retUSBH                                  0x200000ac   Data           1  fatfs.o(.data)
    USBHPath                                 0x200000ad   Data           4  fatfs.o(.data)
    Appli_state                              0x200000bc   Data           1  usb_host.o(.data)
    uwTickFreq                               0x200000c0   Data           1  stm32f4xx_hal.o(.data)
    uwTickPrio                               0x200000c4   Data           4  stm32f4xx_hal.o(.data)
    uwTick                                   0x200000c8   Data           4  stm32f4xx_hal.o(.data)
    SystemCoreClock                          0x200000cc   Data           4  system_stm32f4xx.o(.data)
    USBH_msc                                 0x200000d8   Data          32  usbh_msc.o(.data)
    __microlib_freelist                      0x200000f8   Data           4  mvars.o(.data)
    __microlib_freelist_initialised          0x200000fc   Data           4  mvars.o(.data)
    I2cHandle                                0x20000100   Data          84  stm32f429i_discovery.o(.bss)
    LtdcHandler                              0x200001ac   Data         168  stm32f429i_discovery_lcd.o(.bss)
    c                                        0x200003fc   Data         112  main.o(.bss)
    p                                        0x2000046c   Data        8996  main.o(.bss)
    hadc1                                    0x20002790   Data          72  adc.o(.bss)
    hdma2d                                   0x200027d8   Data          64  dma2d.o(.bss)
    hsdram1                                  0x20002818   Data          52  fmc.o(.bss)
    hi2c3                                    0x2000284c   Data          84  i2c.o(.bss)
    hltdc                                    0x200028a0   Data         168  ltdc.o(.bss)
    hrtc                                     0x20002948   Data          32  rtc.o(.bss)
    hspi5                                    0x20002968   Data          88  spi.o(.bss)
    htim2                                    0x200029c0   Data          60  tim.o(.bss)
    htim3                                    0x200029fc   Data          60  tim.o(.bss)
    huart1                                   0x20002a38   Data          64  usart.o(.bss)
    hUsbHostHS                               0x20002a78   Data         968  usb_host.o(.bss)
    hhcd_USB_OTG_HS                          0x20002e40   Data         664  usbh_conf.o(.bss)
    disk                                     0x200030f8   Data          12  ff_gen_drv.o(.bss)
    __heap_base                              0x20003108   Data           0  startup_stm32f429xx.o(HEAP)
    __heap_limit                             0x20003308   Data           0  startup_stm32f429xx.o(HEAP)
    __initial_sp                             0x20003708   Data           0  startup_stm32f429xx.o(STACK)



==============================================================================

Memory Map of the image

  Image Entry point : 0x080001ad

  Load Region LR_IROM1 (Base: 0x08000000, Size: 0x0000d4cc, Max: 0x00200000, ABSOLUTE)

    Execution Region ER_IROM1 (Exec base: 0x08000000, Load base: 0x08000000, Size: 0x0000d3cc, Max: 0x00200000, ABSOLUTE)

    Exec Addr    Load Addr    Size         Type   Attr      Idx    E Section Name        Object

    0x08000000   0x08000000   0x000001ac   Data   RO            3    RESET               startup_stm32f429xx.o
    0x080001ac   0x080001ac   0x00000000   Code   RO         8232  * .ARM.Collect$$$$00000000  mc_w.l(entry.o)
    0x080001ac   0x080001ac   0x00000004   Code   RO         8538    .ARM.Collect$$$$00000001  mc_w.l(entry2.o)
    0x080001b0   0x080001b0   0x00000004   Code   RO         8541    .ARM.Collect$$$$00000004  mc_w.l(entry5.o)
    0x080001b4   0x080001b4   0x00000000   Code   RO         8543    .ARM.Collect$$$$00000008  mc_w.l(entry7b.o)
    0x080001b4   0x080001b4   0x00000000   Code   RO         8545    .ARM.Collect$$$$0000000A  mc_w.l(entry8b.o)
    0x080001b4   0x080001b4   0x00000008   Code   RO         8546    .ARM.Collect$$$$0000000B  mc_w.l(entry9a.o)
    0x080001bc   0x080001bc   0x00000000   Code   RO         8548    .ARM.Collect$$$$0000000D  mc_w.l(entry10a.o)
    0x080001bc   0x080001bc   0x00000000   Code   RO         8550    .ARM.Collect$$$$0000000F  mc_w.l(entry11a.o)
    0x080001bc   0x080001bc   0x00000004   Code   RO         8539    .ARM.Collect$$$$00002712  mc_w.l(entry2.o)
    0x080001c0   0x080001c0   0x00000024   Code   RO            4    .text               startup_stm32f429xx.o
    0x080001e4   0x080001e4   0x00000062   Code   RO         8235    .text               mc_w.l(uldiv.o)
    0x08000246   0x08000246   0x00000024   Code   RO         8237    .text               mc_w.l(memcpya.o)
    0x0800026a   0x0800026a   0x00000024   Code   RO         8239    .text               mc_w.l(memseta.o)
    0x0800028e   0x0800028e   0x0000000e   Code   RO         8241    .text               mc_w.l(strlen.o)
    0x0800029c   0x0800029c   0x00000012   Code   RO         8243    .text               mc_w.l(strcpy.o)
    0x080002ae   0x080002ae   0x00000026   Code   RO         8536    .text               mf_w.l(f2d.o)
    0x080002d4   0x080002d4   0x0000002c   Code   RO         8555    .text               mc_w.l(uidiv.o)
    0x08000300   0x08000300   0x0000001e   Code   RO         8557    .text               mc_w.l(llshl.o)
    0x0800031e   0x0800031e   0x00000020   Code   RO         8559    .text               mc_w.l(llushr.o)
    0x0800033e   0x0800033e   0x00000000   Code   RO         8563    .text               mc_w.l(iusefp.o)
    0x0800033e   0x0800033e   0x0000014e   Code   RO         8564    .text               mf_w.l(dadd.o)
    0x0800048c   0x0800048c   0x000000e4   Code   RO         8566    .text               mf_w.l(dmul.o)
    0x08000570   0x08000570   0x000000de   Code   RO         8568    .text               mf_w.l(ddiv.o)
    0x0800064e   0x0800064e   0x00000030   Code   RO         8570    .text               mf_w.l(dfixul.o)
    0x0800067e   0x0800067e   0x00000002   PAD
    0x08000680   0x08000680   0x00000030   Code   RO         8572    .text               mf_w.l(cdrcmple.o)
    0x080006b0   0x080006b0   0x00000024   Code   RO         8574    .text               mc_w.l(init.o)
    0x080006d4   0x080006d4   0x00000024   Code   RO         8577    .text               mc_w.l(llsshr.o)
    0x080006f8   0x080006f8   0x000000ba   Code   RO         8580    .text               mf_w.l(depilogue.o)
    0x080007b2   0x080007b2   0x00000002   PAD
    0x080007b4   0x080007b4   0x00000124   Code   RO         2690    i.ADC_Init          stm32f4xx_hal_adc.o
    0x080008d8   0x080008d8   0x0000003c   Code   RO          414    i.BSP_LCD_Clear     stm32f429i_discovery_lcd.o
    0x08000914   0x08000914   0x00000034   Code   RO          416    i.BSP_LCD_DisplayChar  stm32f429i_discovery_lcd.o
    0x08000948   0x08000948   0x00000014   Code   RO          418    i.BSP_LCD_DisplayOn  stm32f429i_discovery_lcd.o
    0x0800095c   0x0800095c   0x000000c4   Code   RO          419    i.BSP_LCD_DisplayStringAt  stm32f429i_discovery_lcd.o
    0x08000a20   0x08000a20   0x0000001c   Code   RO          420    i.BSP_LCD_DisplayStringAtLine  stm32f429i_discovery_lcd.o
    0x08000a3c   0x08000a3c   0x00000034   Code   RO          426    i.BSP_LCD_DrawPixel  stm32f429i_discovery_lcd.o
    0x08000a70   0x08000a70   0x0000001c   Code   RO          436    i.BSP_LCD_GetFont   stm32f429i_discovery_lcd.o
    0x08000a8c   0x08000a8c   0x0000000c   Code   RO          438    i.BSP_LCD_GetXSize  stm32f429i_discovery_lcd.o
    0x08000a98   0x08000a98   0x0000000c   Code   RO          439    i.BSP_LCD_GetYSize  stm32f429i_discovery_lcd.o
    0x08000aa4   0x08000aa4   0x00000094   Code   RO          440    i.BSP_LCD_Init      stm32f429i_discovery_lcd.o
    0x08000b38   0x08000b38   0x00000080   Code   RO          441    i.BSP_LCD_LayerDefaultInit  stm32f429i_discovery_lcd.o
    0x08000bb8   0x08000bb8   0x0000012c   Code   RO          442    i.BSP_LCD_MspInit   stm32f429i_discovery_lcd.o
    0x08000ce4   0x08000ce4   0x0000000c   Code   RO          447    i.BSP_LCD_SelectLayer  stm32f429i_discovery_lcd.o
    0x08000cf0   0x08000cf0   0x0000001c   Code   RO          451    i.BSP_LCD_SetFont   stm32f429i_discovery_lcd.o
    0x08000d0c   0x08000d0c   0x00000018   Code   RO          458    i.BSP_LCD_SetTextColor  stm32f429i_discovery_lcd.o
    0x08000d24   0x08000d24   0x00000078   Code   RO          769    i.BSP_SDRAM_Init    stm32f429i_discovery_sdram.o
    0x08000d9c   0x08000d9c   0x00000088   Code   RO          770    i.BSP_SDRAM_Initialization_sequence  stm32f429i_discovery_sdram.o
    0x08000e24   0x08000e24   0x00000164   Code   RO          772    i.BSP_SDRAM_MspInit  stm32f429i_discovery_sdram.o
    0x08000f88   0x08000f88   0x00000038   Code   RO          853    i.BSP_TS_Init       stm32f429i_discovery_ts.o
    0x08000fc0   0x08000fc0   0x00000002   Code   RO         2128    i.BusFault_Handler  stm32f4xx_it.o
    0x08000fc2   0x08000fc2   0x00000096   Code   RO         2962    i.DMA2D_SetConfig   stm32f4xx_hal_dma2d.o
    0x08001058   0x08001058   0x00000028   Code   RO         6605    i.DMA_CalcBaseAndBitshift  stm32f4xx_hal_dma.o
    0x08001080   0x08001080   0x00000054   Code   RO         6606    i.DMA_CheckFifoParam  stm32f4xx_hal_dma.o
    0x080010d4   0x080010d4   0x00000048   Code   RO         7724    i.DeInitStateMachine  usbh_core.o
    0x0800111c   0x0800111c   0x00000002   Code   RO         2129    i.DebugMon_Handler  stm32f4xx_it.o
    0x0800111e   0x0800111e   0x00000002   PAD
    0x08001120   0x08001120   0x000000b4   Code   RO          462    i.DrawChar          stm32f429i_discovery_lcd.o
    0x080011d4   0x080011d4   0x00000002   Code   RO         1181    i.Error_Handler     main.o
    0x080011d6   0x080011d6   0x00000006   Code   RO         7650    i.FATFS_LinkDriver  ff_gen_drv.o
    0x080011dc   0x080011dc   0x00000040   Code   RO         7651    i.FATFS_LinkDriverEx  ff_gen_drv.o
    0x0800121c   0x0800121c   0x00000050   Code   RO         3179    i.FMC_SDRAM_Init    stm32f4xx_ll_fmc.o
    0x0800126c   0x0800126c   0x0000000c   Code   RO         3180    i.FMC_SDRAM_ProgramRefreshRate  stm32f4xx_ll_fmc.o
    0x08001278   0x08001278   0x00000048   Code   RO         3181    i.FMC_SDRAM_SendCommand  stm32f4xx_ll_fmc.o
    0x080012c0   0x080012c0   0x00000080   Code   RO         3183    i.FMC_SDRAM_Timing_Init  stm32f4xx_ll_fmc.o
    0x08001340   0x08001340   0x00000060   Code   RO          463    i.FillBuffer        stm32f429i_discovery_lcd.o
    0x080013a0   0x080013a0   0x00000154   Code   RO         2692    i.HAL_ADC_ConfigChannel  stm32f4xx_hal_adc.o
    0x080014f4   0x080014f4   0x00000006   Code   RO         2699    i.HAL_ADC_GetValue  stm32f4xx_hal_adc.o
    0x080014fa   0x080014fa   0x00000054   Code   RO         2701    i.HAL_ADC_Init      stm32f4xx_hal_adc.o
    0x0800154e   0x0800154e   0x00000002   PAD
    0x08001550   0x08001550   0x00000084   Code   RO         1427    i.HAL_ADC_MspInit   adc.o
    0x080015d4   0x080015d4   0x000000a2   Code   RO         2705    i.HAL_ADC_PollForConversion  stm32f4xx_hal_adc.o
    0x08001676   0x08001676   0x00000002   PAD
    0x08001678   0x08001678   0x000000bc   Code   RO         2707    i.HAL_ADC_Start     stm32f4xx_hal_adc.o
    0x08001734   0x08001734   0x0000003c   Code   RO         2710    i.HAL_ADC_Stop      stm32f4xx_hal_adc.o
    0x08001770   0x08001770   0x000000a8   Code   RO         2974    i.HAL_DMA2D_ConfigLayer  stm32f4xx_hal_dma2d.o
    0x08001818   0x08001818   0x0000005a   Code   RO         2982    i.HAL_DMA2D_Init    stm32f4xx_hal_dma2d.o
    0x08001872   0x08001872   0x00000002   PAD
    0x08001874   0x08001874   0x00000028   Code   RO         1469    i.HAL_DMA2D_MspInit  dma2d.o
    0x0800189c   0x0800189c   0x0000010c   Code   RO         2986    i.HAL_DMA2D_PollForTransfer  stm32f4xx_hal_dma2d.o
    0x080019a8   0x080019a8   0x00000034   Code   RO         2989    i.HAL_DMA2D_Start   stm32f4xx_hal_dma2d.o
    0x080019dc   0x080019dc   0x00000024   Code   RO         6609    i.HAL_DMA_Abort_IT  stm32f4xx_hal_dma.o
    0x08001a00   0x08001a00   0x00000056   Code   RO         6610    i.HAL_DMA_DeInit    stm32f4xx_hal_dma.o
    0x08001a56   0x08001a56   0x00000002   PAD
    0x08001a58   0x08001a58   0x000000d4   Code   RO         6614    i.HAL_DMA_Init      stm32f4xx_hal_dma.o
    0x08001b2c   0x08001b2c   0x00000024   Code   RO         7045    i.HAL_Delay         stm32f4xx_hal.o
    0x08001b50   0x08001b50   0x000000d4   Code   RO         1603    i.HAL_FMC_MspInit   fmc.o
    0x08001c24   0x08001c24   0x00000170   Code   RO         6498    i.HAL_GPIO_DeInit   stm32f4xx_hal_gpio.o
    0x08001d94   0x08001d94   0x000001cc   Code   RO         6501    i.HAL_GPIO_Init     stm32f4xx_hal_gpio.o
    0x08001f60   0x08001f60   0x0000000a   Code   RO         6503    i.HAL_GPIO_ReadPin  stm32f4xx_hal_gpio.o
    0x08001f6a   0x08001f6a   0x00000008   Code   RO         6504    i.HAL_GPIO_TogglePin  stm32f4xx_hal_gpio.o
    0x08001f72   0x08001f72   0x0000000a   Code   RO         6505    i.HAL_GPIO_WritePin  stm32f4xx_hal_gpio.o
    0x08001f7c   0x08001f7c   0x0000000c   Code   RO         7053    i.HAL_GetTick       stm32f4xx_hal.o
    0x08001f88   0x08001f88   0x00000008   Code   RO         1954    i.HAL_HCD_Connect_Callback  usbh_conf.o
    0x08001f90   0x08001f90   0x00000008   Code   RO         1955    i.HAL_HCD_Disconnect_Callback  usbh_conf.o
    0x08001f98   0x08001f98   0x00000006   Code   RO         2243    i.HAL_HCD_GetCurrentFrame  stm32f4xx_hal_hcd.o
    0x08001f9e   0x08001f9e   0x00000006   Code   RO         2244    i.HAL_HCD_GetCurrentSpeed  stm32f4xx_hal_hcd.o
    0x08001fa4   0x08001fa4   0x0000000e   Code   RO         2247    i.HAL_HCD_HC_GetURBState  stm32f4xx_hal_hcd.o
    0x08001fb2   0x08001fb2   0x0000000c   Code   RO         2248    i.HAL_HCD_HC_GetXferCount  stm32f4xx_hal_hcd.o
    0x08001fbe   0x08001fbe   0x00000024   Code   RO         2249    i.HAL_HCD_HC_Halt   stm32f4xx_hal_hcd.o
    0x08001fe2   0x08001fe2   0x00000054   Code   RO         2250    i.HAL_HCD_HC_Init   stm32f4xx_hal_hcd.o
    0x08002036   0x08002036   0x00000002   Code   RO         1956    i.HAL_HCD_HC_NotifyURBChange_Callback  usbh_conf.o
    0x08002038   0x08002038   0x000000b6   Code   RO         2252    i.HAL_HCD_HC_SubmitRequest  stm32f4xx_hal_hcd.o
    0x080020ee   0x080020ee   0x00000002   PAD
    0x080020f0   0x080020f0   0x0000012e   Code   RO         2253    i.HAL_HCD_IRQHandler  stm32f4xx_hal_hcd.o
    0x0800221e   0x0800221e   0x0000005a   Code   RO         2254    i.HAL_HCD_Init      stm32f4xx_hal_hcd.o
    0x08002278   0x08002278   0x00000070   Code   RO         1958    i.HAL_HCD_MspInit   usbh_conf.o
    0x080022e8   0x080022e8   0x00000006   Code   RO         2257    i.HAL_HCD_ResetPort  stm32f4xx_hal_hcd.o
    0x080022ee   0x080022ee   0x00000008   Code   RO         1959    i.HAL_HCD_SOF_Callback  usbh_conf.o
    0x080022f6   0x080022f6   0x0000002c   Code   RO         2259    i.HAL_HCD_Start     stm32f4xx_hal_hcd.o
    0x08002322   0x08002322   0x00000024   Code   RO         2260    i.HAL_HCD_Stop      stm32f4xx_hal_hcd.o
    0x08002346   0x08002346   0x00000042   Code   RO         3893    i.HAL_I2CEx_ConfigAnalogFilter  stm32f4xx_hal_i2c_ex.o
    0x08002388   0x08002388   0x0000003e   Code   RO         3894    i.HAL_I2CEx_ConfigDigitalFilter  stm32f4xx_hal_i2c_ex.o
    0x080023c6   0x080023c6   0x00000032   Code   RO         3497    i.HAL_I2C_DeInit    stm32f4xx_hal_i2c.o
    0x080023f8   0x080023f8   0x00000006   Code   RO         3505    i.HAL_I2C_GetState  stm32f4xx_hal_i2c.o
    0x080023fe   0x080023fe   0x00000002   PAD
    0x08002400   0x08002400   0x00000108   Code   RO         3506    i.HAL_I2C_Init      stm32f4xx_hal_i2c.o
    0x08002508   0x08002508   0x000001fc   Code   RO         3522    i.HAL_I2C_Mem_Read  stm32f4xx_hal_i2c.o
    0x08002704   0x08002704   0x0000013c   Code   RO         3525    i.HAL_I2C_Mem_Write  stm32f4xx_hal_i2c.o
    0x08002840   0x08002840   0x0000003c   Code   RO         1651    i.HAL_I2C_MspDeInit  i2c.o
    0x0800287c   0x0800287c   0x00000090   Code   RO         1652    i.HAL_I2C_MspInit   i2c.o
    0x0800290c   0x0800290c   0x00000010   Code   RO         7057    i.HAL_IncTick       stm32f4xx_hal.o
    0x0800291c   0x0800291c   0x00000034   Code   RO         7058    i.HAL_Init          stm32f4xx_hal.o
    0x08002950   0x08002950   0x00000040   Code   RO         7059    i.HAL_InitTick      stm32f4xx_hal.o
    0x08002990   0x08002990   0x00000052   Code   RO         3926    i.HAL_LTDC_ConfigLayer  stm32f4xx_hal_ltdc.o
    0x080029e2   0x080029e2   0x00000002   PAD
    0x080029e4   0x080029e4   0x00000030   Code   RO         3938    i.HAL_LTDC_EnableDither  stm32f4xx_hal_ltdc.o
    0x08002a14   0x08002a14   0x000000f4   Code   RO         3943    i.HAL_LTDC_Init     stm32f4xx_hal_ltdc.o
    0x08002b08   0x08002b08   0x00000174   Code   RO         1694    i.HAL_LTDC_MspInit  ltdc.o
    0x08002c7c   0x08002c7c   0x00000034   Code   RO         2216    i.HAL_MspInit       stm32f4xx_hal_msp.o
    0x08002cb0   0x08002cb0   0x00000016   Code   RO         6908    i.HAL_NVIC_EnableIRQ  stm32f4xx_hal_cortex.o
    0x08002cc6   0x08002cc6   0x00000002   PAD
    0x08002cc8   0x08002cc8   0x00000040   Code   RO         6914    i.HAL_NVIC_SetPriority  stm32f4xx_hal_cortex.o
    0x08002d08   0x08002d08   0x00000024   Code   RO         6915    i.HAL_NVIC_SetPriorityGrouping  stm32f4xx_hal_cortex.o
    0x08002d2c   0x08002d2c   0x00000234   Code   RO         6202    i.HAL_RCCEx_PeriphCLKConfig  stm32f4xx_hal_rcc_ex.o
    0x08002f60   0x08002f60   0x00000130   Code   RO         6095    i.HAL_RCC_ClockConfig  stm32f4xx_hal_rcc.o
    0x08003090   0x08003090   0x00000020   Code   RO         6102    i.HAL_RCC_GetPCLK1Freq  stm32f4xx_hal_rcc.o
    0x080030b0   0x080030b0   0x00000020   Code   RO         6103    i.HAL_RCC_GetPCLK2Freq  stm32f4xx_hal_rcc.o
    0x080030d0   0x080030d0   0x00000060   Code   RO         6104    i.HAL_RCC_GetSysClockFreq  stm32f4xx_hal_rcc.o
    0x08003130   0x08003130   0x0000031c   Code   RO         6107    i.HAL_RCC_OscConfig  stm32f4xx_hal_rcc.o
    0x0800344c   0x0800344c   0x00000044   Code   RO         4221    i.HAL_RTC_GetDate   stm32f4xx_hal_rtc.o
    0x08003490   0x08003490   0x00000058   Code   RO         4223    i.HAL_RTC_GetTime   stm32f4xx_hal_rtc.o
    0x080034e8   0x080034e8   0x000000ac   Code   RO         4224    i.HAL_RTC_Init      stm32f4xx_hal_rtc.o
    0x08003594   0x08003594   0x00000018   Code   RO         1736    i.HAL_RTC_MspInit   rtc.o
    0x080035ac   0x080035ac   0x000000c8   Code   RO         4230    i.HAL_RTC_SetDate   stm32f4xx_hal_rtc.o
    0x08003674   0x08003674   0x000000f0   Code   RO         4231    i.HAL_RTC_SetTime   stm32f4xx_hal_rtc.o
    0x08003764   0x08003764   0x00000036   Code   RO         4232    i.HAL_RTC_WaitForSynchro  stm32f4xx_hal_rtc.o
    0x0800379a   0x0800379a   0x00000042   Code   RO         3345    i.HAL_SDRAM_Init    stm32f4xx_hal_sdram.o
    0x080037dc   0x080037dc   0x00000004   Code   RO         1605    i.HAL_SDRAM_MspInit  fmc.o
    0x080037e0   0x080037e0   0x00000022   Code   RO         3348    i.HAL_SDRAM_ProgramRefreshRate  stm32f4xx_hal_sdram.o
    0x08003802   0x08003802   0x00000002   PAD
    0x08003804   0x08003804   0x00000030   Code   RO         3354    i.HAL_SDRAM_SendCommand  stm32f4xx_hal_sdram.o
    0x08003834   0x08003834   0x0000002e   Code   RO         4587    i.HAL_SPI_DeInit    stm32f4xx_hal_spi.o
    0x08003862   0x08003862   0x00000006   Code   RO         4590    i.HAL_SPI_GetState  stm32f4xx_hal_spi.o
    0x08003868   0x08003868   0x00000080   Code   RO         4592    i.HAL_SPI_Init      stm32f4xx_hal_spi.o
    0x080038e8   0x080038e8   0x0000002c   Code   RO         1777    i.HAL_SPI_MspDeInit  spi.o
    0x08003914   0x08003914   0x00000068   Code   RO         1778    i.HAL_SPI_MspInit   spi.o
    0x0800397c   0x0800397c   0x00000150   Code   RO         4595    i.HAL_SPI_Receive   stm32f4xx_hal_spi.o
    0x08003acc   0x08003acc   0x00000168   Code   RO         4600    i.HAL_SPI_Transmit  stm32f4xx_hal_spi.o
    0x08003c34   0x08003c34   0x000001d8   Code   RO         4601    i.HAL_SPI_TransmitReceive  stm32f4xx_hal_spi.o
    0x08003e0c   0x08003e0c   0x00000028   Code   RO         6919    i.HAL_SYSTICK_Config  stm32f4xx_hal_cortex.o
    0x08003e34   0x08003e34   0x00000050   Code   RO         5546    i.HAL_TIMEx_MasterConfigSynchronization  stm32f4xx_hal_tim_ex.o
    0x08003e84   0x08003e84   0x00000036   Code   RO         4900    i.HAL_TIM_Base_Init  stm32f4xx_hal_tim.o
    0x08003eba   0x08003eba   0x00000002   PAD
    0x08003ebc   0x08003ebc   0x0000003c   Code   RO         1820    i.HAL_TIM_Base_MspInit  tim.o
    0x08003ef8   0x08003ef8   0x000000f2   Code   RO         4909    i.HAL_TIM_ConfigClockSource  stm32f4xx_hal_tim.o
    0x08003fea   0x08003fea   0x00000002   PAD
    0x08003fec   0x08003fec   0x0000007c   Code   RO         1821    i.HAL_TIM_MspPostInit  tim.o
    0x08004068   0x08004068   0x000000d0   Code   RO         4966    i.HAL_TIM_PWM_ConfigChannel  stm32f4xx_hal_tim.o
    0x08004138   0x08004138   0x00000036   Code   RO         4969    i.HAL_TIM_PWM_Init  stm32f4xx_hal_tim.o
    0x0800416e   0x0800416e   0x00000002   Code   RO         4971    i.HAL_TIM_PWM_MspInit  stm32f4xx_hal_tim.o
    0x08004170   0x08004170   0x00000038   Code   RO         4973    i.HAL_TIM_PWM_Start  stm32f4xx_hal_tim.o
    0x080041a8   0x080041a8   0x00000002   Code   RO         5789    i.HAL_UART_ErrorCallback  stm32f4xx_hal_uart.o
    0x080041aa   0x080041aa   0x00000002   PAD
    0x080041ac   0x080041ac   0x00000110   Code   RO         5792    i.HAL_UART_IRQHandler  stm32f4xx_hal_uart.o
    0x080042bc   0x080042bc   0x00000062   Code   RO         5793    i.HAL_UART_Init     stm32f4xx_hal_uart.o
    0x0800431e   0x0800431e   0x00000002   PAD
    0x08004320   0x08004320   0x0000007c   Code   RO         1874    i.HAL_UART_MspInit  usart.o
    0x0800439c   0x0800439c   0x00000048   Code   RO         5798    i.HAL_UART_Receive_IT  stm32f4xx_hal_uart.o
    0x080043e4   0x080043e4   0x0000001c   Code   RO         1182    i.HAL_UART_RxCpltCallback  main.o
    0x08004400   0x08004400   0x00000002   Code   RO         5804    i.HAL_UART_TxCpltCallback  stm32f4xx_hal_uart.o
    0x08004402   0x08004402   0x00000232   Code   RO         2261    i.HCD_HC_IN_IRQHandler  stm32f4xx_hal_hcd.o
    0x08004634   0x08004634   0x00000216   Code   RO         2262    i.HCD_HC_OUT_IRQHandler  stm32f4xx_hal_hcd.o
    0x0800484a   0x0800484a   0x000000ac   Code   RO         2263    i.HCD_Port_IRQHandler  stm32f4xx_hal_hcd.o
    0x080048f6   0x080048f6   0x00000002   PAD
    0x080048f8   0x080048f8   0x00000070   Code   RO         2264    i.HCD_RXQLVL_IRQHandler  stm32f4xx_hal_hcd.o
    0x08004968   0x08004968   0x00000002   Code   RO         2130    i.HardFault_Handler  stm32f4xx_it.o
    0x0800496a   0x0800496a   0x00000028   Code   RO         3544    i.I2C_IsAcknowledgeFailed  stm32f4xx_hal_i2c.o
    0x08004992   0x08004992   0x000000f0   Code   RO         3553    i.I2C_RequestMemoryRead  stm32f4xx_hal_i2c.o
    0x08004a82   0x08004a82   0x00000002   PAD
    0x08004a84   0x08004a84   0x000000a0   Code   RO         3554    i.I2C_RequestMemoryWrite  stm32f4xx_hal_i2c.o
    0x08004b24   0x08004b24   0x0000004e   Code   RO         3557    i.I2C_WaitOnBTFFlagUntilTimeout  stm32f4xx_hal_i2c.o
    0x08004b72   0x08004b72   0x00000060   Code   RO         3558    i.I2C_WaitOnFlagUntilTimeout  stm32f4xx_hal_i2c.o
    0x08004bd2   0x08004bd2   0x00000002   PAD
    0x08004bd4   0x08004bd4   0x00000088   Code   RO         3559    i.I2C_WaitOnMasterAddressFlagUntilTimeout  stm32f4xx_hal_i2c.o
    0x08004c5c   0x08004c5c   0x00000062   Code   RO         3560    i.I2C_WaitOnRXNEFlagUntilTimeout  stm32f4xx_hal_i2c.o
    0x08004cbe   0x08004cbe   0x0000004e   Code   RO         3561    i.I2C_WaitOnTXEFlagUntilTimeout  stm32f4xx_hal_i2c.o
    0x08004d0c   0x08004d0c   0x00000014   Code   RO           23    i.I2Cx_Error        stm32f429i_discovery.o
    0x08004d20   0x08004d20   0x00000048   Code   RO           24    i.I2Cx_Init         stm32f429i_discovery.o
    0x08004d68   0x08004d68   0x000000b8   Code   RO           25    i.I2Cx_MspInit      stm32f429i_discovery.o
    0x08004e20   0x08004e20   0x00000004   Code   RO           26    i.IOE_Delay         stm32f429i_discovery.o
    0x08004e24   0x08004e24   0x00000050   Code   RO           27    i.IOE_ITConfig      stm32f429i_discovery.o
    0x08004e74   0x08004e74   0x00000004   Code   RO           28    i.IOE_Init          stm32f429i_discovery.o
    0x08004e78   0x08004e78   0x00000034   Code   RO           29    i.IOE_Read          stm32f429i_discovery.o
    0x08004eac   0x08004eac   0x00000030   Code   RO           30    i.IOE_ReadMultiple  stm32f429i_discovery.o
    0x08004edc   0x08004edc   0x00000030   Code   RO           31    i.IOE_Write         stm32f429i_discovery.o
    0x08004f0c   0x08004f0c   0x00000004   Code   RO           33    i.LCD_Delay         stm32f429i_discovery.o
    0x08004f10   0x08004f10   0x000000a8   Code   RO           34    i.LCD_IO_Init       stm32f429i_discovery.o
    0x08004fb8   0x08004fb8   0x0000006c   Code   RO           35    i.LCD_IO_ReadData   stm32f429i_discovery.o
    0x08005024   0x08005024   0x00000038   Code   RO           36    i.LCD_IO_WriteData  stm32f429i_discovery.o
    0x0800505c   0x0800505c   0x00000038   Code   RO           37    i.LCD_IO_WriteReg   stm32f429i_discovery.o
    0x08005094   0x08005094   0x00000162   Code   RO         3962    i.LTDC_SetConfig    stm32f4xx_hal_ltdc.o
    0x080051f6   0x080051f6   0x00000002   PAD
    0x080051f8   0x080051f8   0x00000070   Code   RO         1428    i.MX_ADC1_Init      adc.o
    0x08005268   0x08005268   0x00000044   Code   RO         1470    i.MX_DMA2D_Init     dma2d.o
    0x080052ac   0x080052ac   0x00000014   Code   RO         2104    i.MX_DriverVbusHS   usbh_platform.o
    0x080052c0   0x080052c0   0x0000001c   Code   RO         1565    i.MX_FATFS_Init     fatfs.o
    0x080052dc   0x080052dc   0x00000054   Code   RO         1606    i.MX_FMC_Init       fmc.o
    0x08005330   0x08005330   0x0000017c   Code   RO         1402    i.MX_GPIO_Init      gpio.o
    0x080054ac   0x080054ac   0x0000005c   Code   RO         1653    i.MX_I2C3_Init      i2c.o
    0x08005508   0x08005508   0x000000d8   Code   RO         1695    i.MX_LTDC_Init      ltdc.o
    0x080055e0   0x080055e0   0x00000080   Code   RO         1737    i.MX_RTC_Init       rtc.o
    0x08005660   0x08005660   0x00000044   Code   RO         1779    i.MX_SPI5_Init      spi.o
    0x080056a4   0x080056a4   0x00000094   Code   RO         1822    i.MX_TIM2_Init      tim.o
    0x08005738   0x08005738   0x00000098   Code   RO         1823    i.MX_TIM3_Init      tim.o
    0x080057d0   0x080057d0   0x00000038   Code   RO         1875    i.MX_USART1_UART_Init  usart.o
    0x08005808   0x08005808   0x0000002c   Code   RO         1915    i.MX_USB_HOST_Init  usb_host.o
    0x08005834   0x08005834   0x0000000c   Code   RO         1916    i.MX_USB_HOST_Process  usb_host.o
    0x08005840   0x08005840   0x00000002   Code   RO         2131    i.MemManage_Handler  stm32f4xx_it.o
    0x08005842   0x08005842   0x00000002   Code   RO         2132    i.NMI_Handler       stm32f4xx_it.o
    0x08005844   0x08005844   0x00000020   Code   RO         6921    i.NVIC_SetPriority  stm32f4xx_hal_cortex.o
    0x08005864   0x08005864   0x0000000c   Code   RO         2133    i.OTG_HS_IRQHandler  stm32f4xx_it.o
    0x08005870   0x08005870   0x00000002   Code   RO         2134    i.PendSV_Handler    stm32f4xx_it.o
    0x08005872   0x08005872   0x00000012   Code   RO         4233    i.RTC_Bcd2ToByte    stm32f4xx_hal_rtc.o
    0x08005884   0x08005884   0x00000016   Code   RO         4234    i.RTC_ByteToBcd2    stm32f4xx_hal_rtc.o
    0x0800589a   0x0800589a   0x00000002   PAD
    0x0800589c   0x0800589c   0x0000003a   Code   RO         4235    i.RTC_EnterInitMode  stm32f4xx_hal_rtc.o
    0x080058d6   0x080058d6   0x00000020   Code   RO         4616    i.SPI_CheckFlag_BSY  stm32f4xx_hal_spi.o
    0x080058f6   0x080058f6   0x00000096   Code   RO         4634    i.SPI_WaitFlagStateUntilTimeout  stm32f4xx_hal_spi.o
    0x0800598c   0x0800598c   0x00000014   Code   RO           38    i.SPIx_Error        stm32f429i_discovery.o
    0x080059a0   0x080059a0   0x0000009c   Code   RO           39    i.SPIx_Init         stm32f429i_discovery.o
    0x08005a3c   0x08005a3c   0x00000024   Code   RO           40    i.SPIx_Write        stm32f429i_discovery.o
    0x08005a60   0x08005a60   0x00000002   Code   RO         2135    i.SVC_Handler       stm32f4xx_it.o
    0x08005a62   0x08005a62   0x00000004   Code   RO         2136    i.SysTick_Handler   stm32f4xx_it.o
    0x08005a66   0x08005a66   0x00000002   PAD
    0x08005a68   0x08005a68   0x000000a8   Code   RO         1183    i.SystemClock_Config  main.o
    0x08005b10   0x08005b10   0x00000054   Code   RO         7222    i.SystemInit        system_stm32f4xx.o
    0x08005b64   0x08005b64   0x000000c0   Code   RO         4984    i.TIM_Base_SetConfig  stm32f4xx_hal_tim.o
    0x08005c24   0x08005c24   0x00000016   Code   RO         4985    i.TIM_CCxChannelCmd  stm32f4xx_hal_tim.o
    0x08005c3a   0x08005c3a   0x00000014   Code   RO         4991    i.TIM_ETR_SetConfig  stm32f4xx_hal_tim.o
    0x08005c4e   0x08005c4e   0x00000010   Code   RO         4992    i.TIM_ITRx_SetConfig  stm32f4xx_hal_tim.o
    0x08005c5e   0x08005c5e   0x00000002   PAD
    0x08005c60   0x08005c60   0x00000058   Code   RO         4993    i.TIM_OC1_SetConfig  stm32f4xx_hal_tim.o
    0x08005cb8   0x08005cb8   0x00000064   Code   RO         4994    i.TIM_OC2_SetConfig  stm32f4xx_hal_tim.o
    0x08005d1c   0x08005d1c   0x00000060   Code   RO         4995    i.TIM_OC3_SetConfig  stm32f4xx_hal_tim.o
    0x08005d7c   0x08005d7c   0x00000050   Code   RO         4996    i.TIM_OC4_SetConfig  stm32f4xx_hal_tim.o
    0x08005dcc   0x08005dcc   0x00000022   Code   RO         4998    i.TIM_TI1_ConfigInputStage  stm32f4xx_hal_tim.o
    0x08005dee   0x08005dee   0x00000024   Code   RO         5000    i.TIM_TI2_ConfigInputStage  stm32f4xx_hal_tim.o
    0x08005e12   0x08005e12   0x00000010   Code   RO         5806    i.UART_DMAAbortOnError  stm32f4xx_hal_uart.o
    0x08005e22   0x08005e22   0x0000001c   Code   RO         5816    i.UART_EndRxTransfer  stm32f4xx_hal_uart.o
    0x08005e3e   0x08005e3e   0x0000008c   Code   RO         5818    i.UART_Receive_IT   stm32f4xx_hal_uart.o
    0x08005eca   0x08005eca   0x00000002   PAD
    0x08005ecc   0x08005ecc   0x000002ac   Code   RO         5819    i.UART_SetConfig    stm32f4xx_hal_uart.o
    0x08006178   0x08006178   0x00000062   Code   RO         5820    i.UART_Transmit_IT  stm32f4xx_hal_uart.o
    0x080061da   0x080061da   0x00000002   PAD
    0x080061dc   0x080061dc   0x0000000c   Code   RO         2137    i.USART1_IRQHandler  stm32f4xx_it.o
    0x080061e8   0x080061e8   0x00000034   Code   RO         8001    i.USBH_AllocPipe    usbh_pipes.o
    0x0800621c   0x0800621c   0x00000020   Code   RO         7929    i.USBH_BulkReceiveData  usbh_ioreq.o
    0x0800623c   0x0800623c   0x00000028   Code   RO         7930    i.USBH_BulkSendData  usbh_ioreq.o
    0x08006264   0x08006264   0x0000000a   Code   RO         8002    i.USBH_ClosePipe    usbh_pipes.o
    0x0800626e   0x0800626e   0x0000001e   Code   RO         7841    i.USBH_ClrFeature   usbh_ctlreq.o
    0x0800628c   0x0800628c   0x0000001e   Code   RO         7931    i.USBH_CtlReceiveData  usbh_ioreq.o
    0x080062aa   0x080062aa   0x00000036   Code   RO         7842    i.USBH_CtlReq       usbh_ctlreq.o
    0x080062e0   0x080062e0   0x00000028   Code   RO         7932    i.USBH_CtlSendData  usbh_ioreq.o
    0x08006308   0x08006308   0x0000001e   Code   RO         7933    i.USBH_CtlSendSetup  usbh_ioreq.o
    0x08006326   0x08006326   0x00000004   Code   RO         1960    i.USBH_Delay        usbh_conf.o
    0x0800632a   0x0800632a   0x00000044   Code   RO         7726    i.USBH_FindInterface  usbh_core.o
    0x0800636e   0x0800636e   0x00000018   Code   RO         8003    i.USBH_FreePipe     usbh_pipes.o
    0x08006386   0x08006386   0x00000034   Code   RO         7843    i.USBH_GetDescriptor  usbh_ctlreq.o
    0x080063ba   0x080063ba   0x0000000e   Code   RO         7844    i.USBH_GetNextDesc  usbh_ctlreq.o
    0x080063c8   0x080063c8   0x0000002c   Code   RO         7845    i.USBH_Get_CfgDesc  usbh_ctlreq.o
    0x080063f4   0x080063f4   0x0000009a   Code   RO         7846    i.USBH_Get_DevDesc  usbh_ctlreq.o
    0x0800648e   0x0800648e   0x00000048   Code   RO         7847    i.USBH_Get_StringDesc  usbh_ctlreq.o
    0x080064d6   0x080064d6   0x0000017e   Code   RO         7848    i.USBH_HandleControl  usbh_ctlreq.o
    0x08006654   0x08006654   0x000000f2   Code   RO         7729    i.USBH_HandleEnum   usbh_core.o
    0x08006746   0x08006746   0x00000030   Code   RO         7730    i.USBH_Init         usbh_core.o
    0x08006776   0x08006776   0x00000020   Code   RO         1961    i.USBH_LL_ClosePipe  usbh_conf.o
    0x08006796   0x08006796   0x00000028   Code   RO         7731    i.USBH_LL_Connect   usbh_core.o
    0x080067be   0x080067be   0x00000038   Code   RO         7732    i.USBH_LL_Disconnect  usbh_core.o
    0x080067f6   0x080067f6   0x00000018   Code   RO         1963    i.USBH_LL_DriverVBUS  usbh_conf.o
    0x0800680e   0x0800680e   0x00000008   Code   RO         1964    i.USBH_LL_GetLastXferSize  usbh_conf.o
    0x08006816   0x08006816   0x00000022   Code   RO         1965    i.USBH_LL_GetSpeed  usbh_conf.o
    0x08006838   0x08006838   0x0000001e   Code   RO         1966    i.USBH_LL_GetToggle  usbh_conf.o
    0x08006856   0x08006856   0x00000008   Code   RO         1967    i.USBH_LL_GetURBState  usbh_conf.o
    0x0800685e   0x0800685e   0x0000001e   Code   RO         7733    i.USBH_LL_IncTimer  usbh_core.o
    0x0800687c   0x0800687c   0x00000054   Code   RO         1968    i.USBH_LL_Init      usbh_conf.o
    0x080068d0   0x080068d0   0x0000002a   Code   RO         1969    i.USBH_LL_OpenPipe  usbh_conf.o
    0x080068fa   0x080068fa   0x00000020   Code   RO         1970    i.USBH_LL_ResetPort  usbh_conf.o
    0x0800691a   0x0800691a   0x00000006   Code   RO         7734    i.USBH_LL_SetTimer  usbh_core.o
    0x08006920   0x08006920   0x00000020   Code   RO         1971    i.USBH_LL_SetToggle  usbh_conf.o
    0x08006940   0x08006940   0x00000020   Code   RO         1972    i.USBH_LL_Start     usbh_conf.o
    0x08006960   0x08006960   0x00000020   Code   RO         1973    i.USBH_LL_Stop      usbh_conf.o
    0x08006980   0x08006980   0x00000030   Code   RO         1974    i.USBH_LL_SubmitURB  usbh_conf.o
    0x080069b0   0x080069b0   0x0000001e   Code   RO         8134    i.USBH_MSC_BOT_Abort  usbh_msc_bot.o
    0x080069ce   0x080069ce   0x00000002   PAD
    0x080069d0   0x080069d0   0x00000024   Code   RO         8135    i.USBH_MSC_BOT_Init  usbh_msc_bot.o
    0x080069f4   0x080069f4   0x000001dc   Code   RO         8136    i.USBH_MSC_BOT_Process  usbh_msc_bot.o
    0x08006bd0   0x08006bd0   0x00000016   Code   RO         8137    i.USBH_MSC_BOT_REQ_GetMaxLUN  usbh_msc_bot.o
    0x08006be6   0x08006be6   0x00000016   Code   RO         8138    i.USBH_MSC_BOT_REQ_Reset  usbh_msc_bot.o
    0x08006bfc   0x08006bfc   0x0000006c   Code   RO         8043    i.USBH_MSC_ClassRequest  usbh_msc.o
    0x08006c68   0x08006c68   0x0000002e   Code   RO         8044    i.USBH_MSC_GetLUNInfo  usbh_msc.o
    0x08006c96   0x08006c96   0x0000004a   Code   RO         8046    i.USBH_MSC_InterfaceDeInit  usbh_msc.o
    0x08006ce0   0x08006ce0   0x0000014c   Code   RO         8047    i.USBH_MSC_InterfaceInit  usbh_msc.o
    0x08006e2c   0x08006e2c   0x00000290   Code   RO         8049    i.USBH_MSC_Process  usbh_msc.o
    0x080070bc   0x080070bc   0x0000008e   Code   RO         8050    i.USBH_MSC_RdWrProcess  usbh_msc.o
    0x0800714a   0x0800714a   0x0000008a   Code   RO         8051    i.USBH_MSC_Read     usbh_msc.o
    0x080071d4   0x080071d4   0x000000c0   Code   RO         8181    i.USBH_MSC_SCSI_Inquiry  usbh_msc_scsi.o
    0x08007294   0x08007294   0x0000007c   Code   RO         8182    i.USBH_MSC_SCSI_Read  usbh_msc_scsi.o
    0x08007310   0x08007310   0x0000007a   Code   RO         8183    i.USBH_MSC_SCSI_ReadCapacity  usbh_msc_scsi.o
    0x0800738a   0x0800738a   0x00000092   Code   RO         8184    i.USBH_MSC_SCSI_RequestSense  usbh_msc_scsi.o
    0x0800741c   0x0800741c   0x0000004c   Code   RO         8185    i.USBH_MSC_SCSI_TestUnitReady  usbh_msc_scsi.o
    0x08007468   0x08007468   0x0000007c   Code   RO         8186    i.USBH_MSC_SCSI_Write  usbh_msc_scsi.o
    0x080074e4   0x080074e4   0x00000004   Code   RO         8052    i.USBH_MSC_SOFProcess  usbh_msc.o
    0x080074e8   0x080074e8   0x00000026   Code   RO         8053    i.USBH_MSC_UnitIsReady  usbh_msc.o
    0x0800750e   0x0800750e   0x0000008a   Code   RO         8054    i.USBH_MSC_Write    usbh_msc.o
    0x08007598   0x08007598   0x00000014   Code   RO         8004    i.USBH_OpenPipe     usbh_pipes.o
    0x080075ac   0x080075ac   0x000000e8   Code   RO         7849    i.USBH_ParseCfgDesc  usbh_ctlreq.o
    0x08007694   0x08007694   0x00000168   Code   RO         7735    i.USBH_Process      usbh_core.o
    0x080077fc   0x080077fc   0x0000001c   Code   RO         7737    i.USBH_RegisterClass  usbh_core.o
    0x08007818   0x08007818   0x00000016   Code   RO         7738    i.USBH_SelectInterface  usbh_core.o
    0x0800782e   0x0800782e   0x0000001c   Code   RO         7850    i.USBH_SetAddress   usbh_ctlreq.o
    0x0800784a   0x0800784a   0x0000001c   Code   RO         7851    i.USBH_SetCfg       usbh_ctlreq.o
    0x08007866   0x08007866   0x00000014   Code   RO         7739    i.USBH_Start        usbh_core.o
    0x0800787a   0x0800787a   0x00000002   PAD
    0x0800787c   0x0800787c   0x00000020   Code   RO         1917    i.USBH_UserProcess  usb_host.o
    0x0800789c   0x0800789c   0x00000004   Code   RO         1510    i.USBH_initialize   usbh_diskio.o
    0x080078a0   0x080078a0   0x00000064   Code   RO         1511    i.USBH_ioctl        usbh_diskio.o
    0x08007904   0x08007904   0x00000044   Code   RO         1512    i.USBH_read         usbh_diskio.o
    0x08007948   0x08007948   0x00000018   Code   RO         1513    i.USBH_status       usbh_diskio.o
    0x08007960   0x08007960   0x0000004c   Code   RO         1514    i.USBH_write        usbh_diskio.o
    0x080079ac   0x080079ac   0x0000006c   Code   RO         2408    i.USB_CoreInit      stm32f4xx_ll_usb.o
    0x08007a18   0x08007a18   0x00000038   Code   RO         2409    i.USB_CoreReset     stm32f4xx_ll_usb.o
    0x08007a50   0x08007a50   0x0000000c   Code   RO         2415    i.USB_DisableGlobalInt  stm32f4xx_ll_usb.o
    0x08007a5c   0x08007a5c   0x00000040   Code   RO         2416    i.USB_DoPing        stm32f4xx_ll_usb.o
    0x08007a9c   0x08007a9c   0x0000002c   Code   RO         2417    i.USB_DriveVbus     stm32f4xx_ll_usb.o
    0x08007ac8   0x08007ac8   0x0000000c   Code   RO         2423    i.USB_EnableGlobalInt  stm32f4xx_ll_usb.o
    0x08007ad4   0x08007ad4   0x00000020   Code   RO         2424    i.USB_FlushRxFifo   stm32f4xx_ll_usb.o
    0x08007af4   0x08007af4   0x00000024   Code   RO         2425    i.USB_FlushTxFifo   stm32f4xx_ll_usb.o
    0x08007b18   0x08007b18   0x00000008   Code   RO         2426    i.USB_GetCurrentFrame  stm32f4xx_ll_usb.o
    0x08007b20   0x08007b20   0x0000000e   Code   RO         2428    i.USB_GetHostSpeed  stm32f4xx_ll_usb.o
    0x08007b2e   0x08007b2e   0x00000008   Code   RO         2429    i.USB_GetMode       stm32f4xx_ll_usb.o
    0x08007b36   0x08007b36   0x00000148   Code   RO         2430    i.USB_HC_Halt       stm32f4xx_ll_usb.o
    0x08007c7e   0x08007c7e   0x00000002   PAD
    0x08007c80   0x08007c80   0x000000ea   Code   RO         2431    i.USB_HC_Init       stm32f4xx_ll_usb.o
    0x08007d6a   0x08007d6a   0x0000000c   Code   RO         2432    i.USB_HC_ReadInterrupt  stm32f4xx_ll_usb.o
    0x08007d76   0x08007d76   0x00000002   PAD
    0x08007d78   0x08007d78   0x00000188   Code   RO         2433    i.USB_HC_StartXfer  stm32f4xx_ll_usb.o
    0x08007f00   0x08007f00   0x000000d4   Code   RO         2434    i.USB_HostInit      stm32f4xx_ll_usb.o
    0x08007fd4   0x08007fd4   0x00000036   Code   RO         2435    i.USB_InitFSLSPClkSel  stm32f4xx_ll_usb.o
    0x0800800a   0x0800800a   0x00000008   Code   RO         2440    i.USB_ReadInterrupts  stm32f4xx_ll_usb.o
    0x08008012   0x08008012   0x00000020   Code   RO         2441    i.USB_ReadPacket    stm32f4xx_ll_usb.o
    0x08008032   0x08008032   0x0000002c   Code   RO         2442    i.USB_ResetPort     stm32f4xx_ll_usb.o
    0x0800805e   0x0800805e   0x0000002c   Code   RO         2443    i.USB_SetCurrentMode  stm32f4xx_ll_usb.o
    0x0800808a   0x0800808a   0x000000b2   Code   RO         2447    i.USB_StopHost      stm32f4xx_ll_usb.o
    0x0800813c   0x0800813c   0x00000028   Code   RO         2448    i.USB_WritePacket   stm32f4xx_ll_usb.o
    0x08008164   0x08008164   0x00000002   Code   RO         2138    i.UsageFault_Handler  stm32f4xx_it.o
    0x08008166   0x08008166   0x00000002   PAD
    0x08008168   0x08008168   0x00000028   Code   RO         8482    i.__0sprintf        mc_w.l(printfa.o)
    0x08008190   0x08008190   0x0000000e   Code   RO         8584    i.__scatterload_copy  mc_w.l(handlers.o)
    0x0800819e   0x0800819e   0x00000002   Code   RO         8585    i.__scatterload_null  mc_w.l(handlers.o)
    0x080081a0   0x080081a0   0x0000000e   Code   RO         8586    i.__scatterload_zeroinit  mc_w.l(handlers.o)
    0x080081ae   0x080081ae   0x00000002   PAD
    0x080081b0   0x080081b0   0x00000184   Code   RO         8487    i._fp_digits        mc_w.l(printfa.o)
    0x08008334   0x08008334   0x000006dc   Code   RO         8488    i._printf_core      mc_w.l(printfa.o)
    0x08008a10   0x08008a10   0x00000024   Code   RO         8489    i._printf_post_padding  mc_w.l(printfa.o)
    0x08008a34   0x08008a34   0x0000002e   Code   RO         8490    i._printf_pre_padding  mc_w.l(printfa.o)
    0x08008a62   0x08008a62   0x0000000a   Code   RO         8492    i._sputc            mc_w.l(printfa.o)
    0x08008a6c   0x08008a6c   0x000000ec   Code   RO         1184    i.aciona_PWM        main.o
    0x08008b58   0x08008b58   0x00000070   Code   RO         7314    i.check_fs          ff.o
    0x08008bc8   0x08008bc8   0x0000005c   Code   RO         7315    i.chk_lock          ff.o
    0x08008c24   0x08008c24   0x00000020   Code   RO         7316    i.clear_lock        ff.o
    0x08008c44   0x08008c44   0x00000026   Code   RO         7317    i.clmt_clust        ff.o
    0x08008c6a   0x08008c6a   0x00000018   Code   RO         7318    i.clust2sect        ff.o
    0x08008c82   0x08008c82   0x00000002   PAD
    0x08008c84   0x08008c84   0x0000009c   Code   RO         1185    i.configura_hora    main.o
    0x08008d20   0x08008d20   0x000000a4   Code   RO         7319    i.create_chain      ff.o
    0x08008dc4   0x08008dc4   0x000000bc   Code   RO         7320    i.create_name       ff.o
    0x08008e80   0x08008e80   0x00000034   Code   RO         7321    i.dec_lock          ff.o
    0x08008eb4   0x08008eb4   0x00000064   Code   RO         7322    i.dir_find          ff.o
    0x08008f18   0x08008f18   0x00000102   Code   RO         7323    i.dir_next          ff.o
    0x0800901a   0x0800901a   0x00000066   Code   RO         7325    i.dir_register      ff.o
    0x08009080   0x08009080   0x0000008e   Code   RO         7327    i.dir_sdi           ff.o
    0x0800910e   0x0800910e   0x00000002   PAD
    0x08009110   0x08009110   0x00000028   Code   RO         7259    i.disk_initialize   diskio.o
    0x08009138   0x08009138   0x0000001c   Code   RO         7260    i.disk_ioctl        diskio.o
    0x08009154   0x08009154   0x0000001c   Code   RO         7261    i.disk_read         diskio.o
    0x08009170   0x08009170   0x00000018   Code   RO         7262    i.disk_status       diskio.o
    0x08009188   0x08009188   0x0000001c   Code   RO         7263    i.disk_write        diskio.o
    0x080091a4   0x080091a4   0x00000028   Code   RO         7328    i.f_close           ff.o
    0x080091cc   0x080091cc   0x00000058   Code   RO         7335    i.f_mount           ff.o
    0x08009224   0x08009224   0x0000021c   Code   RO         7336    i.f_open            ff.o
    0x08009440   0x08009440   0x0000008e   Code   RO         7345    i.f_sync            ff.o
    0x080094ce   0x080094ce   0x000001b2   Code   RO         7348    i.f_write           ff.o
    0x08009680   0x08009680   0x00000288   Code   RO         7349    i.find_volume       ff.o
    0x08009908   0x08009908   0x0000007a   Code   RO         7350    i.follow_path       ff.o
    0x08009982   0x08009982   0x00000002   PAD
    0x08009984   0x08009984   0x00000050   Code   RO         8508    i.free              mc_w.l(malloc.o)
    0x080099d4   0x080099d4   0x000000e8   Code   RO         7351    i.get_fat           ff.o
    0x08009abc   0x08009abc   0x00000004   Code   RO         1566    i.get_fattime       fatfs.o
    0x08009ac0   0x08009ac0   0x0000003c   Code   RO         7353    i.get_ldnumber      ff.o
    0x08009afc   0x08009afc   0x00000006   Code   RO          899    i.ili9341_DisplayOff  ili9341.o
    0x08009b02   0x08009b02   0x00000006   Code   RO          900    i.ili9341_DisplayOn  ili9341.o
    0x08009b08   0x08009b08   0x00000006   Code   RO          901    i.ili9341_GetLcdPixelHeight  ili9341.o
    0x08009b0e   0x08009b0e   0x00000004   Code   RO          902    i.ili9341_GetLcdPixelWidth  ili9341.o
    0x08009b12   0x08009b12   0x00000292   Code   RO          903    i.ili9341_Init      ili9341.o
    0x08009da4   0x08009da4   0x00000012   Code   RO          905    i.ili9341_ReadID    ili9341.o
    0x08009db6   0x08009db6   0x00000002   PAD
    0x08009db8   0x08009db8   0x00000080   Code   RO         7354    i.inc_lock          ff.o
    0x08009e38   0x08009e38   0x0000004c   Code   RO         1186    i.inicializa_display  main.o
    0x08009e84   0x08009e84   0x00000010   Code   RO         1187    i.inicializa_vetor_uint8  main.o
    0x08009e94   0x08009e94   0x00000026   Code   RO         7355    i.ld_clust          ff.o
    0x08009eba   0x08009eba   0x00000016   Code   RO         7356    i.ld_dword          ff.o
    0x08009ed0   0x08009ed0   0x0000000a   Code   RO         7357    i.ld_word           ff.o
    0x08009eda   0x08009eda   0x00000002   PAD
    0x08009edc   0x08009edc   0x0000009c   Code   RO         1188    i.le_pressao        main.o
    0x08009f78   0x08009f78   0x0000013c   Code   RO         1189    i.le_temperatura    main.o
    0x0800a0b4   0x0800a0b4   0x00000120   Code   RO         1190    i.le_umidade        main.o
    0x0800a1d4   0x0800a1d4   0x00000044   Code   RO         1191    i.leitura_AD        main.o
    0x0800a218   0x0800a218   0x0000014c   Code   RO         1192    i.main              main.o
    0x0800a364   0x0800a364   0x0000006c   Code   RO         8509    i.malloc            mc_w.l(malloc.o)
    0x0800a3d0   0x0800a3d0   0x00000012   Code   RO         7358    i.mem_cpy           ff.o
    0x0800a3e2   0x0800a3e2   0x00000002   PAD
    0x0800a3e4   0x0800a3e4   0x0000000e   Code   RO         7359    i.mem_set           ff.o
    0x0800a3f2   0x0800a3f2   0x00000032   Code   RO         7360    i.move_window       ff.o
    0x0800a424   0x0800a424   0x00000194   Code   RO         1193    i.pendrive          main.o
    0x0800a5b8   0x0800a5b8   0x00000124   Code   RO         7361    i.put_fat           ff.o
    0x0800a6dc   0x0800a6dc   0x00000074   Code   RO         7364    i.remove_chain      ff.o
    0x0800a750   0x0800a750   0x00000074   Code   RO         1194    i.renderiza_RTC     main.o
    0x0800a7c4   0x0800a7c4   0x000000a0   Code   RO         1195    i.renderiza_sensores  main.o
    0x0800a864   0x0800a864   0x00000028   Code   RO         7365    i.st_clust          ff.o
    0x0800a88c   0x0800a88c   0x00000010   Code   RO         7366    i.st_dword          ff.o
    0x0800a89c   0x0800a89c   0x00000008   Code   RO         7367    i.st_word           ff.o
    0x0800a8a4   0x0800a8a4   0x0000000a   Code   RO          967    i.stmpe811_ClearGlobalIT  stmpe811.o
    0x0800a8ae   0x0800a8ae   0x0000001c   Code   RO          968    i.stmpe811_DisableGlobalIT  stmpe811.o
    0x0800a8ca   0x0800a8ca   0x0000001e   Code   RO          969    i.stmpe811_DisableITSource  stmpe811.o
    0x0800a8e8   0x0800a8e8   0x0000001c   Code   RO          970    i.stmpe811_EnableGlobalIT  stmpe811.o
    0x0800a904   0x0800a904   0x0000001e   Code   RO          971    i.stmpe811_EnableITSource  stmpe811.o
    0x0800a922   0x0800a922   0x00000002   PAD
    0x0800a924   0x0800a924   0x0000001c   Code   RO          972    i.stmpe811_GetInstance  stmpe811.o
    0x0800a940   0x0800a940   0x0000001e   Code   RO          979    i.stmpe811_IO_EnableAF  stmpe811.o
    0x0800a95e   0x0800a95e   0x00000002   PAD
    0x0800a960   0x0800a960   0x00000030   Code   RO          988    i.stmpe811_Init     stmpe811.o
    0x0800a990   0x0800a990   0x00000020   Code   RO          990    i.stmpe811_ReadID   stmpe811.o
    0x0800a9b0   0x0800a9b0   0x00000028   Code   RO          991    i.stmpe811_Reset    stmpe811.o
    0x0800a9d8   0x0800a9d8   0x00000006   Code   RO          994    i.stmpe811_TS_ClearIT  stmpe811.o
    0x0800a9de   0x0800a9de   0x00000036   Code   RO          995    i.stmpe811_TS_DetectTouch  stmpe811.o
    0x0800aa14   0x0800aa14   0x00000014   Code   RO          996    i.stmpe811_TS_DisableIT  stmpe811.o
    0x0800aa28   0x0800aa28   0x0000001a   Code   RO          997    i.stmpe811_TS_EnableIT  stmpe811.o
    0x0800aa42   0x0800aa42   0x0000003e   Code   RO          998    i.stmpe811_TS_GetXY  stmpe811.o
    0x0800aa80   0x0800aa80   0x00000010   Code   RO          999    i.stmpe811_TS_ITStatus  stmpe811.o
    0x0800aa90   0x0800aa90   0x000000a2   Code   RO         1000    i.stmpe811_TS_Start  stmpe811.o
    0x0800ab32   0x0800ab32   0x00000002   PAD
    0x0800ab34   0x0800ab34   0x00000088   Code   RO         7368    i.sync_fs           ff.o
    0x0800abbc   0x0800abbc   0x00000052   Code   RO         7369    i.sync_window       ff.o
    0x0800ac0e   0x0800ac0e   0x00000032   Code   RO         7370    i.validate          ff.o
    0x0800ac40   0x0800ac40   0x00001ab8   Data   RO          465    .constdata          stm32f429i_discovery_lcd.o
    0x0800c6f8   0x0800c6f8   0x00000be0   Data   RO          467    .constdata          stm32f429i_discovery_lcd.o
    0x0800d2d8   0x0800d2d8   0x00000014   Data   RO         1515    .constdata          usbh_diskio.o
    0x0800d2ec   0x0800d2ec   0x00000008   Data   RO         6620    .constdata          stm32f4xx_hal_dma.o
    0x0800d2f4   0x0800d2f4   0x00000010   Data   RO         7223    .constdata          system_stm32f4xx.o
    0x0800d304   0x0800d304   0x00000008   Data   RO         7224    .constdata          system_stm32f4xx.o
    0x0800d30c   0x0800d30c   0x0000009c   Data   RO         7372    .constdata          ff.o
    0x0800d3a8   0x0800d3a8   0x00000004   Data   RO         8055    .conststring        usbh_msc.o
    0x0800d3ac   0x0800d3ac   0x00000020   Data   RO         8582    Region$$Table       anon$$obj.o


    Execution Region RW_IRAM1 (Exec base: 0x20000000, Load base: 0x0800d3cc, Size: 0x00003708, Max: 0x00030000, ABSOLUTE)

    Exec Addr    Load Addr    Size         Type   Attr      Idx    E Section Name        Object

    0x20000000   0x0800d3cc   0x00000018   Data   RW           44    .data               stm32f429i_discovery.o
    0x20000018   0x0800d3e4   0x00000010   Data   RW          470    .data               stm32f429i_discovery_lcd.o
    0x20000028   0x0800d3f4   0x00000008   Data   RW          472    .data               stm32f429i_discovery_lcd.o
    0x20000030   0x0800d3fc   0x00000001   Data   RW          779    .data               stm32f429i_discovery_sdram.o
    0x20000031   0x0800d3fd   0x00000003   PAD
    0x20000034   0x0800d400   0x00000010   Data   RW          854    .data               stm32f429i_discovery_ts.o
    0x20000044   0x0800d410   0x00000038   Data   RW          908    .data               ili9341.o
    0x2000007c   0x0800d448   0x00000028   Data   RW         1001    .data               stmpe811.o
    0x200000a4   0x0800d470   0x00000002   Data   RW         1003    .data               stmpe811.o
    0x200000a6   0x0800d472   0x00000002   PAD
    0x200000a8   0x0800d474   0x00000004   Data   RW         1197    .data               main.o
    0x200000ac   0x0800d478   0x00000005   Data   RW         1569    .data               fatfs.o
    0x200000b1   0x0800d47d   0x00000003   PAD
    0x200000b4   0x0800d480   0x00000008   Data   RW         1608    .data               fmc.o
    0x200000bc   0x0800d488   0x00000001   Data   RW         1919    .data               usb_host.o
    0x200000bd   0x0800d489   0x00000003   PAD
    0x200000c0   0x0800d48c   0x0000000c   Data   RW         7065    .data               stm32f4xx_hal.o
    0x200000cc   0x0800d498   0x00000004   Data   RW         7225    .data               system_stm32f4xx.o
    0x200000d0   0x0800d49c   0x00000008   Data   RW         7373    .data               ff.o
    0x200000d8   0x0800d4a4   0x00000020   Data   RW         8056    .data               usbh_msc.o
    0x200000f8   0x0800d4c4   0x00000004   Data   RW         8561    .data               mc_w.l(mvars.o)
    0x200000fc   0x0800d4c8   0x00000004   Data   RW         8562    .data               mc_w.l(mvars.o)
    0x20000100        -       0x000000ac   Zero   RW           42    .bss                stm32f429i_discovery.o
    0x200001ac        -       0x00000130   Zero   RW          464    .bss                stm32f429i_discovery_lcd.o
    0x200002dc        -       0x00000120   Zero   RW          778    .bss                stm32f429i_discovery_sdram.o
    0x200003fc        -       0x00002394   Zero   RW         1196    .bss                main.o
    0x20002790        -       0x00000048   Zero   RW         1429    .bss                adc.o
    0x200027d8        -       0x00000040   Zero   RW         1471    .bss                dma2d.o
    0x20002818        -       0x00000034   Zero   RW         1607    .bss                fmc.o
    0x2000284c        -       0x00000054   Zero   RW         1654    .bss                i2c.o
    0x200028a0        -       0x000000a8   Zero   RW         1696    .bss                ltdc.o
    0x20002948        -       0x00000020   Zero   RW         1738    .bss                rtc.o
    0x20002968        -       0x00000058   Zero   RW         1780    .bss                spi.o
    0x200029c0        -       0x00000078   Zero   RW         1824    .bss                tim.o
    0x20002a38        -       0x00000040   Zero   RW         1876    .bss                usart.o
    0x20002a78        -       0x000003c8   Zero   RW         1918    .bss                usb_host.o
    0x20002e40        -       0x00000298   Zero   RW         1975    .bss                usbh_conf.o
    0x200030d8        -       0x00000020   Zero   RW         7371    .bss                ff.o
    0x200030f8        -       0x0000000c   Zero   RW         7654    .bss                ff_gen_drv.o
    0x20003104   0x0800d4cc   0x00000004   PAD
    0x20003108        -       0x00000200   Zero   RW            2    HEAP                startup_stm32f429xx.o
    0x20003308        -       0x00000400   Zero   RW            1    STACK               startup_stm32f429xx.o


==============================================================================

Image component sizes


      Code (inc. data)   RO Data    RW Data    ZI Data      Debug   Object Name

       244         28          0          0         72       1729   adc.o
       148         22          0          0          0       3753   diskio.o
       108         20          0          0         64       1553   dma2d.o
        32         10          0          5          0       1500   fatfs.o
      4630         80        156          8         32      38125   ff.o
        70          6          0          0         12       1643   ff_gen_drv.o
       300         42          0          8         52       2192   fmc.o
       380         28          0          0          0       1167   gpio.o
       296         48          0          0         84       2297   i2c.o
       698          0          0         56          0       8847   ili9341.o
       588         40          0          0        168       2098   ltdc.o
      2522        370          0          4       9108      28281   main.o
       152         16          0          0         32       1547   rtc.o
       216         34          0          0         88       2169   spi.o
        36          8        428          0       1536        840   startup_stm32f429xx.o
      1116        158          0         24        172     825539   stm32f429i_discovery.o
         0          0          0          0          0        744   stm32f429i_discovery_io.o
      1376        160       9880         24        304      19878   stm32f429i_discovery_lcd.o
       612         54          0          1        288       3851   stm32f429i_discovery_sdram.o
        56          8          0         16          0       2864   stm32f429i_discovery_ts.o
       180         28          0         12          0       4605   stm32f4xx_hal.o
      1132         52          0          0          0       5893   stm32f4xx_hal_adc.o
       194         14          0          0          0      30431   stm32f4xx_hal_cortex.o
       458         12          8          0          0       4303   stm32f4xx_hal_dma.o
       728          6          0          0          0       5639   stm32f4xx_hal_dma2d.o
       856        100          0          0          0       4686   stm32f4xx_hal_gpio.o
      2198          4          0          0          0      13433   stm32f4xx_hal_hcd.o
      2070         36          0          0          0      14270   stm32f4xx_hal_i2c.o
       128          0          0          0          0       1871   stm32f4xx_hal_i2c_ex.o
       728         12          0          0          0       3611   stm32f4xx_hal_ltdc.o
        52          4          0          0          0        846   stm32f4xx_hal_msp.o
      1260         76          0          0          0       5168   stm32f4xx_hal_rcc.o
       564         36          0          0          0       1604   stm32f4xx_hal_rcc_ex.o
       920         28          0          0          0       7524   stm32f4xx_hal_rtc.o
       148          0          0          0          0       2736   stm32f4xx_hal_sdram.o
      1530          0          0          0          0       8222   stm32f4xx_hal_spi.o
      1300         88          0          0          0      12566   stm32f4xx_hal_tim.o
        80          0          0          0          0       1300   stm32f4xx_hal_tim_ex.o
      1412         14          0          0          0       7739   stm32f4xx_hal_uart.o
        44         12          0          0          0       5046   stm32f4xx_it.o
       292          4          0          0          0       3520   stm32f4xx_ll_fmc.o
      1972         48          0          0          0      17287   stm32f4xx_ll_usb.o
       650         10          0         42          0      14571   stmpe811.o
        84         18         24          4          0       1171   system_stm32f4xx.o
       484         38          0          0        120       3181   tim.o
       180         22          0          0         64       1698   usart.o
        88         24          0          1        968       2098   usb_host.o
       580         22          0          0        664      11932   usbh_conf.o
       992         20          0          0          0       9680   usbh_core.o
      1090         12          0          0          0       9992   usbh_ctlreq.o
       272         20         20          0          0       4101   usbh_diskio.o
       172          0          0          0          0       4372   usbh_ioreq.o
      1676         10          4         32          0      10789   usbh_msc.o
       586         28          0          0          0       4841   usbh_msc_bot.o
       784          0          0          0          0       6287   usbh_msc_scsi.o
       106          0          0          0          0       3382   usbh_pipes.o
        20          4          0          0          0        522   usbh_platform.o

    ----------------------------------------------------------------------
     39664       1934      10552        248      13832    1201534   Object Totals
         0          0         32          0          0          0   (incl. Generated)
        74          0          0         11          4          0   (incl. Padding)

    ----------------------------------------------------------------------

      Code (inc. data)   RO Data    RW Data    ZI Data      Debug   Library Member Name

         0          0          0          0          0          0   entry.o
         0          0          0          0          0          0   entry10a.o
         0          0          0          0          0          0   entry11a.o
         8          4          0          0          0          0   entry2.o
         4          0          0          0          0          0   entry5.o
         0          0          0          0          0          0   entry7b.o
         0          0          0          0          0          0   entry8b.o
         8          4          0          0          0          0   entry9a.o
        30          0          0          0          0          0   handlers.o
        36          8          0          0          0         68   init.o
         0          0          0          0          0          0   iusefp.o
        30          0          0          0          0         68   llshl.o
        36          0          0          0          0         68   llsshr.o
        32          0          0          0          0         68   llushr.o
       188         20          0          0          0        160   malloc.o
        36          0          0          0          0         68   memcpya.o
        36          0          0          0          0        108   memseta.o
         0          0          0          8          0          0   mvars.o
      2276         86          0          0          0        520   printfa.o
        18          0          0          0          0         68   strcpy.o
        14          0          0          0          0         68   strlen.o
        44          0          0          0          0         80   uidiv.o
        98          0          0          0          0         92   uldiv.o
        48          0          0          0          0         68   cdrcmple.o
       334          0          0          0          0        148   dadd.o
       222          0          0          0          0        100   ddiv.o
       186          0          0          0          0        176   depilogue.o
        48          0          0          0          0         68   dfixul.o
       228          0          0          0          0         96   dmul.o
        38          0          0          0          0         68   f2d.o

    ----------------------------------------------------------------------
      4004        122          0          8          0       2160   Library Totals
         6          0          0          0          0          0   (incl. Padding)

    ----------------------------------------------------------------------

      Code (inc. data)   RO Data    RW Data    ZI Data      Debug   Library Name

      2894        122          0          8          0       1436   mc_w.l
      1104          0          0          0          0        724   mf_w.l

    ----------------------------------------------------------------------
      4004        122          0          8          0       2160   Library Totals

    ----------------------------------------------------------------------

==============================================================================


      Code (inc. data)   RO Data    RW Data    ZI Data      Debug   

     43668       2056      10552        256      13832    1165154   Grand Totals
     43668       2056      10552        256      13832    1165154   ELF Image Totals
     43668       2056      10552        256          0          0   ROM Totals

==============================================================================

    Total RO  Size (Code + RO Data)                54220 (  52.95kB)
    Total RW  Size (RW Data + ZI Data)             14088 (  13.76kB)
    Total ROM Size (Code + RO Data + RW Data)      54476 (  53.20kB)

==============================================================================

