Component: ARM Compiler 5.06 update 6 (build 750) Tool: armlink [4d35ed]

==============================================================================

Section Cross References

    startup_stm32f429xx.o(RESET) refers to startup_stm32f429xx.o(STACK) for __initial_sp
    startup_stm32f429xx.o(RESET) refers to startup_stm32f429xx.o(.text) for Reset_Handler
    startup_stm32f429xx.o(RESET) refers to stm32f4xx_it.o(i.NMI_Handler) for NMI_Handler
    startup_stm32f429xx.o(RESET) refers to stm32f4xx_it.o(i.HardFault_Handler) for HardFault_Handler
    startup_stm32f429xx.o(RESET) refers to stm32f4xx_it.o(i.MemManage_Handler) for MemManage_Handler
    startup_stm32f429xx.o(RESET) refers to stm32f4xx_it.o(i.BusFault_Handler) for BusFault_Handler
    startup_stm32f429xx.o(RESET) refers to stm32f4xx_it.o(i.UsageFault_Handler) for UsageFault_Handler
    startup_stm32f429xx.o(RESET) refers to stm32f4xx_it.o(i.SVC_Handler) for SVC_Handler
    startup_stm32f429xx.o(RESET) refers to stm32f4xx_it.o(i.DebugMon_Handler) for DebugMon_Handler
    startup_stm32f429xx.o(RESET) refers to stm32f4xx_it.o(i.PendSV_Handler) for PendSV_Handler
    startup_stm32f429xx.o(RESET) refers to stm32f4xx_it.o(i.SysTick_Handler) for SysTick_Handler
    startup_stm32f429xx.o(RESET) refers to stm32f4xx_it.o(i.USART1_IRQHandler) for USART1_IRQHandler
    startup_stm32f429xx.o(RESET) refers to stm32f4xx_it.o(i.OTG_HS_IRQHandler) for OTG_HS_IRQHandler
    startup_stm32f429xx.o(.text) refers to system_stm32f4xx.o(i.SystemInit) for SystemInit
    startup_stm32f429xx.o(.text) refers to entry.o(.ARM.Collect$$$$00000000) for __main
    stm32f429i_discovery.o(i.BSP_LED_Init) refers to stm32f4xx_hal_gpio.o(i.HAL_GPIO_Init) for HAL_GPIO_Init
    stm32f429i_discovery.o(i.BSP_LED_Init) refers to stm32f4xx_hal_gpio.o(i.HAL_GPIO_WritePin) for HAL_GPIO_WritePin
    stm32f429i_discovery.o(i.BSP_LED_Init) refers to stm32f429i_discovery.o(.constdata) for .constdata
    stm32f429i_discovery.o(i.BSP_LED_Init) refers to stm32f429i_discovery.o(.data) for .data
    stm32f429i_discovery.o(i.BSP_LED_Off) refers to stm32f4xx_hal_gpio.o(i.HAL_GPIO_WritePin) for HAL_GPIO_WritePin
    stm32f429i_discovery.o(i.BSP_LED_Off) refers to stm32f429i_discovery.o(.constdata) for .constdata
    stm32f429i_discovery.o(i.BSP_LED_Off) refers to stm32f429i_discovery.o(.data) for .data
    stm32f429i_discovery.o(i.BSP_LED_On) refers to stm32f4xx_hal_gpio.o(i.HAL_GPIO_WritePin) for HAL_GPIO_WritePin
    stm32f429i_discovery.o(i.BSP_LED_On) refers to stm32f429i_discovery.o(.constdata) for .constdata
    stm32f429i_discovery.o(i.BSP_LED_On) refers to stm32f429i_discovery.o(.data) for .data
    stm32f429i_discovery.o(i.BSP_LED_Toggle) refers to stm32f4xx_hal_gpio.o(i.HAL_GPIO_TogglePin) for HAL_GPIO_TogglePin
    stm32f429i_discovery.o(i.BSP_LED_Toggle) refers to stm32f429i_discovery.o(.constdata) for .constdata
    stm32f429i_discovery.o(i.BSP_LED_Toggle) refers to stm32f429i_discovery.o(.data) for .data
    stm32f429i_discovery.o(i.BSP_PB_GetState) refers to stm32f4xx_hal_gpio.o(i.HAL_GPIO_ReadPin) for HAL_GPIO_ReadPin
    stm32f429i_discovery.o(i.BSP_PB_GetState) refers to stm32f429i_discovery.o(.constdata) for .constdata
    stm32f429i_discovery.o(i.BSP_PB_GetState) refers to stm32f429i_discovery.o(.data) for .data
    stm32f429i_discovery.o(i.BSP_PB_Init) refers to stm32f4xx_hal_gpio.o(i.HAL_GPIO_Init) for HAL_GPIO_Init
    stm32f429i_discovery.o(i.BSP_PB_Init) refers to stm32f4xx_hal_cortex.o(i.HAL_NVIC_SetPriority) for HAL_NVIC_SetPriority
    stm32f429i_discovery.o(i.BSP_PB_Init) refers to stm32f4xx_hal_cortex.o(i.HAL_NVIC_EnableIRQ) for HAL_NVIC_EnableIRQ
    stm32f429i_discovery.o(i.BSP_PB_Init) refers to stm32f429i_discovery.o(.constdata) for .constdata
    stm32f429i_discovery.o(i.BSP_PB_Init) refers to stm32f429i_discovery.o(.data) for .data
    stm32f429i_discovery.o(i.GYRO_IO_Init) refers to stm32f4xx_hal_gpio.o(i.HAL_GPIO_Init) for HAL_GPIO_Init
    stm32f429i_discovery.o(i.GYRO_IO_Init) refers to stm32f4xx_hal_gpio.o(i.HAL_GPIO_WritePin) for HAL_GPIO_WritePin
    stm32f429i_discovery.o(i.GYRO_IO_Init) refers to stm32f429i_discovery.o(i.SPIx_Init) for SPIx_Init
    stm32f429i_discovery.o(i.GYRO_IO_Read) refers to stm32f4xx_hal_gpio.o(i.HAL_GPIO_WritePin) for HAL_GPIO_WritePin
    stm32f429i_discovery.o(i.GYRO_IO_Read) refers to stm32f429i_discovery.o(i.SPIx_WriteRead) for SPIx_WriteRead
    stm32f429i_discovery.o(i.GYRO_IO_Write) refers to stm32f4xx_hal_gpio.o(i.HAL_GPIO_WritePin) for HAL_GPIO_WritePin
    stm32f429i_discovery.o(i.GYRO_IO_Write) refers to stm32f429i_discovery.o(i.SPIx_WriteRead) for SPIx_WriteRead
    stm32f429i_discovery.o(i.I2Cx_Error) refers to stm32f4xx_hal_i2c.o(i.HAL_I2C_DeInit) for HAL_I2C_DeInit
    stm32f429i_discovery.o(i.I2Cx_Error) refers to stm32f429i_discovery.o(i.I2Cx_Init) for I2Cx_Init
    stm32f429i_discovery.o(i.I2Cx_Error) refers to stm32f429i_discovery.o(.bss) for .bss
[...]
    BSP_LCD_Clear                            0x080008c9   Thumb Code    50  stm32f429i_discovery_lcd.o(i.BSP_LCD_Clear)
    BSP_LCD_DisplayChar                      0x08000905   Thumb Code    44  stm32f429i_discovery_lcd.o(i.BSP_LCD_DisplayChar)
    BSP_LCD_DisplayOn                        0x08000939   Thumb Code    14  stm32f429i_discovery_lcd.o(i.BSP_LCD_DisplayOn)
    BSP_LCD_DisplayStringAt                  0x0800094d   Thumb Code   188  stm32f429i_discovery_lcd.o(i.BSP_LCD_DisplayStringAt)
    BSP_LCD_DisplayStringAtLine              0x08000a11   Thumb Code    28  stm32f429i_discovery_lcd.o(i.BSP_LCD_DisplayStringAtLine)
    BSP_LCD_DrawPixel                        0x08000a2d   Thumb Code    42  stm32f429i_discovery_lcd.o(i.BSP_LCD_DrawPixel)
    BSP_LCD_GetFont                          0x08000a61   Thumb Code    18  stm32f429i_discovery_lcd.o(i.BSP_LCD_GetFont)
    BSP_LCD_GetXSize                         0x08000a7d   Thumb Code     8  stm32f429i_discovery_lcd.o(i.BSP_LCD_GetXSize)
    BSP_LCD_GetYSize                         0x08000a89   Thumb Code     8  stm32f429i_discovery_lcd.o(i.BSP_LCD_GetYSize)
    BSP_LCD_Init                             0x08000a95   Thumb Code   130  stm32f429i_discovery_lcd.o(i.BSP_LCD_Init)
    BSP_LCD_LayerDefaultInit                 0x08000b29   Thumb Code   116  stm32f429i_discovery_lcd.o(i.BSP_LCD_LayerDefaultInit)
    BSP_LCD_MspInit                          0x08000ba9   Thumb Code   270  stm32f429i_discovery_lcd.o(i.BSP_LCD_MspInit)
    BSP_LCD_SelectLayer                      0x08000cd5   Thumb Code     6  stm32f429i_discovery_lcd.o(i.BSP_LCD_SelectLayer)
    BSP_LCD_SetFont                          0x08000ce1   Thumb Code    18  stm32f429i_discovery_lcd.o(i.BSP_LCD_SetFont)
    BSP_LCD_SetTextColor                     0x08000cfd   Thumb Code    16  stm32f429i_discovery_lcd.o(i.BSP_LCD_SetTextColor)
    BSP_SDRAM_Init                           0x08000d15   Thumb Code   106  stm32f429i_discovery_sdram.o(i.BSP_SDRAM_Init)
    BSP_SDRAM_Initialization_sequence        0x08000d8d   Thumb Code   132  stm32f429i_discovery_sdram.o(i.BSP_SDRAM_Initialization_sequence)
    BSP_SDRAM_MspInit                        0x08000e15   Thumb Code   320  stm32f429i_discovery_sdram.o(i.BSP_SDRAM_MspInit)
    BSP_TS_Init                              0x08000f79   Thumb Code    48  stm32f429i_discovery_ts.o(i.BSP_TS_Init)
    BusFault_Handler                         0x08000fb1   Thumb Code     2  stm32f4xx_it.o(i.BusFault_Handler)
    DebugMon_Handler                         0x0800110d   Thumb Code     2  stm32f4xx_it.o(i.DebugMon_Handler)
    Error_Handler                            0x080011c5   Thumb Code     2  main.o(i.Error_Handler)
    FATFS_LinkDriver                         0x080011c7   Thumb Code     6  ff_gen_drv.o(i.FATFS_LinkDriver)
    FATFS_LinkDriverEx                       0x080011cd   Thumb Code    58  ff_gen_drv.o(i.FATFS_LinkDriverEx)
    FMC_SDRAM_Init                           0x0800120d   Thumb Code    80  stm32f4xx_ll_fmc.o(i.FMC_SDRAM_Init)
    FMC_SDRAM_ProgramRefreshRate             0x0800125d   Thumb Code    12  stm32f4xx_ll_fmc.o(i.FMC_SDRAM_ProgramRefreshRate)
    FMC_SDRAM_SendCommand                    0x08001269   Thumb Code    72  stm32f4xx_ll_fmc.o(i.FMC_SDRAM_SendCommand)
    FMC_SDRAM_Timing_Init                    0x080012b1   Thumb Code   124  stm32f4xx_ll_fmc.o(i.FMC_SDRAM_Timing_Init)
    HAL_ADC_ConfigChannel                    0x08001391   Thumb Code   318  stm32f4xx_hal_adc.o(i.HAL_ADC_ConfigChannel)
    HAL_ADC_GetValue                         0x080014e5   Thumb Code     6  stm32f4xx_hal_adc.o(i.HAL_ADC_GetValue)
    HAL_ADC_Init                             0x080014eb   Thumb Code    84  stm32f4xx_hal_adc.o(i.HAL_ADC_Init)
    HAL_ADC_MspInit                          0x08001541   Thumb Code   116  adc.o(i.HAL_ADC_MspInit)
    HAL_ADC_PollForConversion                0x080015c5   Thumb Code   162  stm32f4xx_hal_adc.o(i.HAL_ADC_PollForConversion)
    HAL_ADC_Start                            0x08001669   Thumb Code   170  stm32f4xx_hal_adc.o(i.HAL_ADC_Start)
    HAL_ADC_Stop                             0x08001725   Thumb Code    60  stm32f4xx_hal_adc.o(i.HAL_ADC_Stop)
    HAL_DMA2D_ConfigLayer                    0x08001761   Thumb Code   162  stm32f4xx_hal_dma2d.o(i.HAL_DMA2D_ConfigLayer)
    HAL_DMA2D_Init                           0x08001809   Thumb Code    90  stm32f4xx_hal_dma2d.o(i.HAL_DMA2D_Init)
    HAL_DMA2D_MspInit                        0x08001865   Thumb Code    30  dma2d.o(i.HAL_DMA2D_MspInit)
    HAL_DMA2D_PollForTransfer                0x0800188d   Thumb Code   268  stm32f4xx_hal_dma2d.o(i.HAL_DMA2D_PollForTransfer)
    HAL_DMA2D_Start                          0x08001999   Thumb Code    52  stm32f4xx_hal_dma2d.o(i.HAL_DMA2D_Start)
    HAL_DMA_Abort_IT                         0x080019cd   Thumb Code    36  stm32f4xx_hal_dma.o(i.HAL_DMA_Abort_IT)
    HAL_DMA_DeInit                           0x080019f1   Thumb Code    86  stm32f4xx_hal_dma.o(i.HAL_DMA_DeInit)
    HAL_DMA_Init                             0x08001a49   Thumb Code   206  stm32f4xx_hal_dma.o(i.HAL_DMA_Init)
    HAL_Delay                                0x08001b1d   Thumb Code    32  stm32f4xx_hal.o(i.HAL_Delay)
    HAL_GPIO_DeInit                          0x08001c15   Thumb Code   320  stm32f4xx_hal_gpio.o(i.HAL_GPIO_DeInit)
    HAL_GPIO_Init                            0x08001d85   Thumb Code   408  stm32f4xx_hal_gpio.o(i.HAL_GPIO_Init)
    HAL_GPIO_WritePin                        0x08001f51   Thumb Code    10  stm32f4xx_hal_gpio.o(i.HAL_GPIO_WritePin)
    HAL_GetTick                              0x08001f5d   Thumb Code     6  stm32f4xx_hal.o(i.HAL_GetTick)
    HAL_HCD_Connect_Callback                 0x08001f69   Thumb Code     8  usbh_conf.o(i.HAL_HCD_Connect_Callback)
    HAL_HCD_Disconnect_Callback              0x08001f71   Thumb Code     8  usbh_conf.o(i.HAL_HCD_Disconnect_Callback)
    HAL_HCD_GetCurrentFrame                  0x08001f79   Thumb Code     6  stm32f4xx_hal_hcd.o(i.HAL_HCD_GetCurrentFrame)
    HAL_HCD_GetCurrentSpeed                  0x08001f7f   Thumb Code     6  stm32f4xx_hal_hcd.o(i.HAL_HCD_GetCurrentSpeed)
    HAL_HCD_HC_GetURBState                   0x08001f85   Thumb Code    14  stm32f4xx_hal_hcd.o(i.HAL_HCD_HC_GetURBState)
    HAL_HCD_HC_GetXferCount                  0x08001f93   Thumb Code    12  stm32f4xx_hal_hcd.o(i.HAL_HCD_HC_GetXferCount)
    HAL_HCD_HC_Halt                          0x08001f9f   Thumb Code    36  stm32f4xx_hal_hcd.o(i.HAL_HCD_HC_Halt)
    HAL_HCD_HC_Init                          0x08001fc3   Thumb Code    84  stm32f4xx_hal_hcd.o(i.HAL_HCD_HC_Init)
    HAL_HCD_HC_NotifyURBChange_Callback      0x08002017   Thumb Code     2  usbh_conf.o(i.HAL_HCD_HC_NotifyURBChange_Callback)
    HAL_HCD_HC_SubmitRequest                 0x08002019   Thumb Code   182  stm32f4xx_hal_hcd.o(i.HAL_HCD_HC_SubmitRequest)
    HAL_HCD_IRQHandler                       0x080020d1   Thumb Code   302  stm32f4xx_hal_hcd.o(i.HAL_HCD_IRQHandler)
    HAL_HCD_Init                             0x080021ff   Thumb Code    90  stm32f4xx_hal_hcd.o(i.HAL_HCD_Init)
    HAL_HCD_MspInit                          0x08002259   Thumb Code    98  usbh_conf.o(i.HAL_HCD_MspInit)
    HAL_HCD_ResetPort                        0x080022c9   Thumb Code     6  stm32f4xx_hal_hcd.o(i.HAL_HCD_ResetPort)
    HAL_HCD_SOF_Callback                     0x080022cf   Thumb Code     8  usbh_conf.o(i.HAL_HCD_SOF_Callback)
    HAL_HCD_Start                            0x080022d7   Thumb Code    44  stm32f4xx_hal_hcd.o(i.HAL_HCD_Start)
    HAL_HCD_Stop                             0x08002303   Thumb Code    36  stm32f4xx_hal_hcd.o(i.HAL_HCD_Stop)
    HAL_I2CEx_ConfigAnalogFilter             0x08002327   Thumb Code    66  stm32f4xx_hal_i2c_ex.o(i.HAL_I2CEx_ConfigAnalogFilter)
    HAL_I2CEx_ConfigDigitalFilter            0x08002369   Thumb Code    62  stm32f4xx_hal_i2c_ex.o(i.HAL_I2CEx_ConfigDigitalFilter)
    HAL_I2C_DeInit                           0x080023a7   Thumb Code    50  stm32f4xx_hal_i2c.o(i.HAL_I2C_DeInit)
    HAL_I2C_GetState                         0x080023d9   Thumb Code     6  stm32f4xx_hal_i2c.o(i.HAL_I2C_GetState)
    HAL_I2C_Init                             0x080023e1   Thumb Code   254  stm32f4xx_hal_i2c.o(i.HAL_I2C_Init)
    HAL_I2C_Mem_Read                         0x080024e9   Thumb Code   496  stm32f4xx_hal_i2c.o(i.HAL_I2C_Mem_Read)
    HAL_I2C_Mem_Write                        0x080026e5   Thumb Code   306  stm32f4xx_hal_i2c.o(i.HAL_I2C_Mem_Write)
    HAL_I2C_MspDeInit                        0x08002821   Thumb Code    44  i2c.o(i.HAL_I2C_MspDeInit)
    HAL_I2C_MspInit                          0x0800285d   Thumb Code   126  i2c.o(i.HAL_I2C_MspInit)
    HAL_IncTick                              0x080028ed   Thumb Code    12  stm32f4xx_hal.o(i.HAL_IncTick)
    HAL_Init                                 0x080028fd   Thumb Code    48  stm32f4xx_hal.o(i.HAL_Init)
    HAL_InitTick                             0x08002931   Thumb Code    54  stm32f4xx_hal.o(i.HAL_InitTick)
    HAL_LTDC_ConfigLayer                     0x08002971   Thumb Code    82  stm32f4xx_hal_ltdc.o(i.HAL_LTDC_ConfigLayer)
    HAL_LTDC_EnableDither                    0x080029c5   Thumb Code    42  stm32f4xx_hal_ltdc.o(i.HAL_LTDC_EnableDither)
    HAL_LTDC_Init                            0x080029f5   Thumb Code   238  stm32f4xx_hal_ltdc.o(i.HAL_LTDC_Init)
    HAL_LTDC_MspInit                         0x08002ae9   Thumb Code   340  ltdc.o(i.HAL_LTDC_MspInit)
    HAL_MspInit                              0x08002c5d   Thumb Code    48  stm32f4xx_hal_msp.o(i.HAL_MspInit)
    HAL_NVIC_EnableIRQ                       0x08002c91   Thumb Code    22  stm32f4xx_hal_cortex.o(i.HAL_NVIC_EnableIRQ)
    HAL_NVIC_SetPriority                     0x08002ca9   Thumb Code    60  stm32f4xx_hal_cortex.o(i.HAL_NVIC_SetPriority)
    HAL_NVIC_SetPriorityGrouping             0x08002ce9   Thumb Code    26  stm32f4xx_hal_cortex.o(i.HAL_NVIC_SetPriorityGrouping)
    HAL_RCCEx_PeriphCLKConfig                0x08002d0d   Thumb Code   528  stm32f4xx_hal_rcc_ex.o(i.HAL_RCCEx_PeriphCLKConfig)
    HAL_RCC_ClockConfig                      0x08002f41   Thumb Code   286  stm32f4xx_hal_rcc.o(i.HAL_RCC_ClockConfig)
    HAL_RCC_GetPCLK1Freq                     0x08003071   Thumb Code    20  stm32f4xx_hal_rcc.o(i.HAL_RCC_GetPCLK1Freq)
    HAL_RCC_GetPCLK2Freq                     0x08003091   Thumb Code    20  stm32f4xx_hal_rcc.o(i.HAL_RCC_GetPCLK2Freq)
    HAL_RCC_GetSysClockFreq                  0x080030b1   Thumb Code    88  stm32f4xx_hal_rcc.o(i.HAL_RCC_GetSysClockFreq)
    HAL_RCC_OscConfig                        0x08003111   Thumb Code   770  stm32f4xx_hal_rcc.o(i.HAL_RCC_OscConfig)
    HAL_RTC_GetDate                          0x0800342d   Thumb Code    62  stm32f4xx_hal_rtc.o(i.HAL_RTC_GetDate)
    HAL_RTC_GetTime                          0x08003471   Thumb Code    82  stm32f4xx_hal_rtc.o(i.HAL_RTC_GetTime)
    HAL_RTC_Init                             0x080034c9   Thumb Code   166  stm32f4xx_hal_rtc.o(i.HAL_RTC_Init)
    HAL_RTC_MspInit                          0x08003575   Thumb Code    16  rtc.o(i.HAL_RTC_MspInit)
    HAL_RTC_SetDate                          0x0800358d   Thumb Code   194  stm32f4xx_hal_rtc.o(i.HAL_RTC_SetDate)
    HAL_RTC_SetTime                          0x08003655   Thumb Code   236  stm32f4xx_hal_rtc.o(i.HAL_RTC_SetTime)
    HAL_RTC_WaitForSynchro                   0x08003745   Thumb Code    54  stm32f4xx_hal_rtc.o(i.HAL_RTC_WaitForSynchro)
    HAL_SDRAM_Init                           0x0800377b   Thumb Code    66  stm32f4xx_hal_sdram.o(i.HAL_SDRAM_Init)
    HAL_SDRAM_MspInit                        0x080037bd   Thumb Code     4  fmc.o(i.HAL_SDRAM_MspInit)
    HAL_SDRAM_ProgramRefreshRate             0x080037c1   Thumb Code    34  stm32f4xx_hal_sdram.o(i.HAL_SDRAM_ProgramRefreshRate)
    HAL_SDRAM_SendCommand                    0x080037e5   Thumb Code    48  stm32f4xx_hal_sdram.o(i.HAL_SDRAM_SendCommand)
    HAL_SPI_DeInit                           0x08003815   Thumb Code    46  stm32f4xx_hal_spi.o(i.HAL_SPI_DeInit)
    HAL_SPI_GetState                         0x08003843   Thumb Code     6  stm32f4xx_hal_spi.o(i.HAL_SPI_GetState)
    HAL_SPI_Init                             0x08003849   Thumb Code   128  stm32f4xx_hal_spi.o(i.HAL_SPI_Init)
    HAL_SPI_MspDeInit                        0x080038c9   Thumb Code    30  spi.o(i.HAL_SPI_MspDeInit)
    HAL_SPI_MspInit                          0x080038f5   Thumb Code    92  spi.o(i.HAL_SPI_MspInit)
    HAL_SPI_Receive                          0x0800395d   Thumb Code   336  stm32f4xx_hal_spi.o(i.HAL_SPI_Receive)
    HAL_SPI_Transmit                         0x08003aad   Thumb Code   360  stm32f4xx_hal_spi.o(i.HAL_SPI_Transmit)
    HAL_SPI_TransmitReceive                  0x08003c15   Thumb Code   472  stm32f4xx_hal_spi.o(i.HAL_SPI_TransmitReceive)
    HAL_SYSTICK_Config                       0x08003ded   Thumb Code    40  stm32f4xx_hal_cortex.o(i.HAL_SYSTICK_Config)
    HAL_TIMEx_MasterConfigSynchronization    0x08003e15   Thumb Code    80  stm32f4xx_hal_tim_ex.o(i.HAL_TIMEx_MasterConfigSynchronization)
    HAL_TIM_Base_Init                        0x08003e65   Thumb Code    54  stm32f4xx_hal_tim.o(i.HAL_TIM_Base_Init)
    HAL_TIM_Base_MspInit                     0x08003e9d   Thumb Code    52  tim.o(i.HAL_TIM_Base_MspInit)
    HAL_TIM_ConfigClockSource                0x08003ed9   Thumb Code   242  stm32f4xx_hal_tim.o(i.HAL_TIM_ConfigClockSource)
    HAL_TIM_MspPostInit                      0x08003fcd   Thumb Code   110  tim.o(i.HAL_TIM_MspPostInit)
    HAL_TIM_PWM_ConfigChannel                0x08004049   Thumb Code   208  stm32f4xx_hal_tim.o(i.HAL_TIM_PWM_ConfigChannel)
    HAL_TIM_PWM_Init                         0x08004119   Thumb Code    54  stm32f4xx_hal_tim.o(i.HAL_TIM_PWM_Init)
    HAL_TIM_PWM_MspInit                      0x0800414f   Thumb Code     2  stm32f4xx_hal_tim.o(i.HAL_TIM_PWM_MspInit)
    HAL_TIM_PWM_Start                        0x08004151   Thumb Code    48  stm32f4xx_hal_tim.o(i.HAL_TIM_PWM_Start)
    HAL_UART_ErrorCallback                   0x08004189   Thumb Code     2  stm32f4xx_hal_uart.o(i.HAL_UART_ErrorCallback)
    HAL_UART_IRQHandler                      0x0800418d   Thumb Code   266  stm32f4xx_hal_uart.o(i.HAL_UART_IRQHandler)
    HAL_UART_Init                            0x0800429d   Thumb Code    98  stm32f4xx_hal_uart.o(i.HAL_UART_Init)
    HAL_UART_MspInit                         0x08004301   Thumb Code   110  usart.o(i.HAL_UART_MspInit)
    HAL_UART_Receive_IT                      0x0800437d   Thumb Code    72  stm32f4xx_hal_uart.o(i.HAL_UART_Receive_IT)
    HAL_UART_RxCpltCallback                  0x080043c5   Thumb Code    20  main.o(i.HAL_UART_RxCpltCallback)
    HAL_UART_TxCpltCallback                  0x080043e1   Thumb Code     2  stm32f4xx_hal_uart.o(i.HAL_UART_TxCpltCallback)
    HardFault_Handler                        0x08004949   Thumb Code     2  stm32f4xx_it.o(i.HardFault_Handler)
    IOE_Delay                                0x08004e01   Thumb Code     4  stm32f429i_discovery.o(i.IOE_Delay)
    IOE_ITConfig                             0x08004e05   Thumb Code    68  stm32f429i_discovery.o(i.IOE_ITConfig)
    IOE_Init                                 0x08004e55   Thumb Code     4  stm32f429i_discovery.o(i.IOE_Init)
    IOE_Read                                 0x08004e59   Thumb Code    44  stm32f429i_discovery.o(i.IOE_Read)
    IOE_ReadMultiple                         0x08004e8d   Thumb Code    38  stm32f429i_discovery.o(i.IOE_ReadMultiple)
    IOE_Write                                0x08004ebd   Thumb Code    40  stm32f429i_discovery.o(i.IOE_Write)
    LCD_Delay                                0x08004eed   Thumb Code     4  stm32f429i_discovery.o(i.LCD_Delay)
    LCD_IO_Init                              0x08004ef1   Thumb Code   150  stm32f429i_discovery.o(i.LCD_IO_Init)
    LCD_IO_ReadData                          0x08004f99   Thumb Code    92  stm32f429i_discovery.o(i.LCD_IO_ReadData)
    LCD_IO_WriteData                         0x08005005   Thumb Code    46  stm32f429i_discovery.o(i.LCD_IO_WriteData)
    LCD_IO_WriteReg                          0x0800503d   Thumb Code    48  stm32f429i_discovery.o(i.LCD_IO_WriteReg)
    MX_ADC1_Init                             0x080051d9   Thumb Code   100  adc.o(i.MX_ADC1_Init)
    MX_DMA2D_Init                            0x08005249   Thumb Code    58  dma2d.o(i.MX_DMA2D_Init)
    MX_DriverVbusHS                          0x0800528d   Thumb Code    16  usbh_platform.o(i.MX_DriverVbusHS)
    MX_FATFS_Init                            0x080052a1   Thumb Code    18  fatfs.o(i.MX_FATFS_Init)
    MX_FMC_Init                              0x080052bd   Thumb Code    74  fmc.o(i.MX_FMC_Init)
    MX_GPIO_Init                             0x08005311   Thumb Code   352  gpio.o(i.MX_GPIO_Init)
    MX_I2C3_Init                             0x0800548d   Thumb Code    78  i2c.o(i.MX_I2C3_Init)
    MX_LTDC_Init                             0x080054e9   Thumb Code   208  ltdc.o(i.MX_LTDC_Init)
    MX_RTC_Init                              0x080055c1   Thumb Code   120  rtc.o(i.MX_RTC_Init)
    MX_SPI5_Init                             0x08005641   Thumb Code    60  spi.o(i.MX_SPI5_Init)
    MX_TIM2_Init                             0x08005685   Thumb Code   142  tim.o(i.MX_TIM2_Init)
    MX_TIM3_Init                             0x08005719   Thumb Code   142  tim.o(i.MX_TIM3_Init)
    MX_USART1_UART_Init                      0x080057b1   Thumb Code    48  usart.o(i.MX_USART1_UART_Init)
    MX_USB_HOST_Init                         0x080057e9   Thumb Code    30  usb_host.o(i.MX_USB_HOST_Init)
    MX_USB_HOST_Process                      0x08005815   Thumb Code     6  usb_host.o(i.MX_USB_HOST_Process)
    MemManage_Handler                        0x08005821   Thumb Code     2  stm32f4xx_it.o(i.MemManage_Handler)
    NMI_Handler                              0x08005823   Thumb Code     2  stm32f4xx_it.o(i.NMI_Handler)
    OTG_HS_IRQHandler                        0x08005845   Thumb Code     6  stm32f4xx_it.o(i.OTG_HS_IRQHandler)
    PendSV_Handler                           0x08005851   Thumb Code     2  stm32f4xx_it.o(i.PendSV_Handler)
    RTC_Bcd2ToByte                           0x08005853   Thumb Code    18  stm32f4xx_hal_rtc.o(i.RTC_Bcd2ToByte)
    RTC_ByteToBcd2                           0x08005865   Thumb Code    22  stm32f4xx_hal_rtc.o(i.RTC_ByteToBcd2)
    RTC_EnterInitMode                        0x0800587d   Thumb Code    58  stm32f4xx_hal_rtc.o(i.RTC_EnterInitMode)
    SVC_Handler                              0x08005a41   Thumb Code     2  stm32f4xx_it.o(i.SVC_Handler)
    SysTick_Handler                          0x08005a43   Thumb Code     4  stm32f4xx_it.o(i.SysTick_Handler)
    SystemClock_Config                       0x08005a49   Thumb Code   158  main.o(i.SystemClock_Config)
    SystemInit                               0x08005af1   Thumb Code    66  system_stm32f4xx.o(i.SystemInit)
    TIM_Base_SetConfig                       0x08005b45   Thumb Code   148  stm32f4xx_hal_tim.o(i.TIM_Base_SetConfig)
    TIM_CCxChannelCmd                        0x08005c05   Thumb Code    22  stm32f4xx_hal_tim.o(i.TIM_CCxChannelCmd)
    TIM_OC2_SetConfig                        0x08005c99   Thumb Code    90  stm32f4xx_hal_tim.o(i.TIM_OC2_SetConfig)
    USART1_IRQHandler                        0x080061bd   Thumb Code     6  stm32f4xx_it.o(i.USART1_IRQHandler)
    USBH_AllocPipe                           0x080061c9   Thumb Code    52  usbh_pipes.o(i.USBH_AllocPipe)
    USBH_BulkReceiveData                     0x080061fd   Thumb Code    32  usbh_ioreq.o(i.USBH_BulkReceiveData)
    USBH_BulkSendData                        0x0800621d   Thumb Code    40  usbh_ioreq.o(i.USBH_BulkSendData)
    USBH_ClosePipe                           0x08006245   Thumb Code    10  usbh_pipes.o(i.USBH_ClosePipe)
    USBH_ClrFeature                          0x0800624f   Thumb Code    30  usbh_ctlreq.o(i.USBH_ClrFeature)
    USBH_CtlReceiveData                      0x0800626d   Thumb Code    30  usbh_ioreq.o(i.USBH_CtlReceiveData)
    USBH_CtlReq                              0x0800628b   Thumb Code    54  usbh_ctlreq.o(i.USBH_CtlReq)
    USBH_CtlSendData                         0x080062c1   Thumb Code    40  usbh_ioreq.o(i.USBH_CtlSendData)
    USBH_CtlSendSetup                        0x080062e9   Thumb Code    30  usbh_ioreq.o(i.USBH_CtlSendSetup)
    USBH_Delay                               0x08006307   Thumb Code     4  usbh_conf.o(i.USBH_Delay)
    USBH_FindInterface                       0x0800630b   Thumb Code    68  usbh_core.o(i.USBH_FindInterface)
    USBH_FreePipe                            0x0800634f   Thumb Code    24  usbh_pipes.o(i.USBH_FreePipe)
    USBH_GetDescriptor                       0x08006367   Thumb Code    52  usbh_ctlreq.o(i.USBH_GetDescriptor)
    USBH_GetNextDesc                         0x0800639b   Thumb Code    14  usbh_ctlreq.o(i.USBH_GetNextDesc)
    USBH_Get_CfgDesc                         0x080063a9   Thumb Code    44  usbh_ctlreq.o(i.USBH_Get_CfgDesc)
    USBH_Get_DevDesc                         0x080063d5   Thumb Code   154  usbh_ctlreq.o(i.USBH_Get_DevDesc)
    USBH_Get_StringDesc                      0x0800646f   Thumb Code    72  usbh_ctlreq.o(i.USBH_Get_StringDesc)
    USBH_Init                                0x08006727   Thumb Code    48  usbh_core.o(i.USBH_Init)
    USBH_LL_ClosePipe                        0x08006757   Thumb Code    32  usbh_conf.o(i.USBH_LL_ClosePipe)
    USBH_LL_Connect                          0x08006777   Thumb Code    40  usbh_core.o(i.USBH_LL_Connect)
    USBH_LL_Disconnect                       0x0800679f   Thumb Code    56  usbh_core.o(i.USBH_LL_Disconnect)
    USBH_LL_DriverVBUS                       0x080067d7   Thumb Code    24  usbh_conf.o(i.USBH_LL_DriverVBUS)
    USBH_LL_GetLastXferSize                  0x080067ef   Thumb Code     8  usbh_conf.o(i.USBH_LL_GetLastXferSize)
    USBH_LL_GetSpeed                         0x080067f7   Thumb Code    34  usbh_conf.o(i.USBH_LL_GetSpeed)
    USBH_LL_GetToggle                        0x08006819   Thumb Code    30  usbh_conf.o(i.USBH_LL_GetToggle)
    USBH_LL_GetURBState                      0x08006837   Thumb Code     8  usbh_conf.o(i.USBH_LL_GetURBState)
    USBH_LL_IncTimer                         0x0800683f   Thumb Code    30  usbh_core.o(i.USBH_LL_IncTimer)
    USBH_LL_Init                             0x0800685d   Thumb Code    76  usbh_conf.o(i.USBH_LL_Init)
    USBH_LL_OpenPipe                         0x080068b1   Thumb Code    42  usbh_conf.o(i.USBH_LL_OpenPipe)
    USBH_LL_ResetPort                        0x080068db   Thumb Code    32  usbh_conf.o(i.USBH_LL_ResetPort)
    USBH_LL_SetTimer                         0x080068fb   Thumb Code     6  usbh_core.o(i.USBH_LL_SetTimer)
    USBH_LL_SetToggle                        0x08006901   Thumb Code    32  usbh_conf.o(i.USBH_LL_SetToggle)
    USBH_LL_Start                            0x08006921   Thumb Code    32  usbh_conf.o(i.USBH_LL_Start)
    USBH_LL_Stop                             0x08006941   Thumb Code    32  usbh_conf.o(i.USBH_LL_Stop)
    USBH_LL_SubmitURB                        0x08006961   Thumb Code    48  usbh_conf.o(i.USBH_LL_SubmitURB)
    USBH_MSC_BOT_Init                        0x080069b1   Thumb Code    26  usbh_msc_bot.o(i.USBH_MSC_BOT_Init)
    USBH_MSC_BOT_Process                     0x080069d5   Thumb Code   470  usbh_msc_bot.o(i.USBH_MSC_BOT_Process)
    USBH_MSC_BOT_REQ_GetMaxLUN               0x08006bb1   Thumb Code    22  usbh_msc_bot.o(i.USBH_MSC_BOT_REQ_GetMaxLUN)
    USBH_MSC_BOT_REQ_Reset                   0x08006bc7   Thumb Code    22  usbh_msc_bot.o(i.USBH_MSC_BOT_REQ_Reset)
    USBH_MSC_GetLUNInfo                      0x08006c49   Thumb Code    46  usbh_msc.o(i.USBH_MSC_GetLUNInfo)
    USBH_MSC_Read                            0x0800712b   Thumb Code   138  usbh_msc.o(i.USBH_MSC_Read)
    USBH_MSC_SCSI_Inquiry                    0x080071b5   Thumb Code   192  usbh_msc_scsi.o(i.USBH_MSC_SCSI_Inquiry)
    USBH_MSC_SCSI_Read                       0x08007275   Thumb Code   124  usbh_msc_scsi.o(i.USBH_MSC_SCSI_Read)
    USBH_MSC_SCSI_ReadCapacity               0x080072f1   Thumb Code   122  usbh_msc_scsi.o(i.USBH_MSC_SCSI_ReadCapacity)
    USBH_MSC_SCSI_RequestSense               0x0800736b   Thumb Code   146  usbh_msc_scsi.o(i.USBH_MSC_SCSI_RequestSense)
    USBH_MSC_SCSI_TestUnitReady              0x080073fd   Thumb Code    76  usbh_msc_scsi.o(i.USBH_MSC_SCSI_TestUnitReady)
    USBH_MSC_SCSI_Write                      0x08007449   Thumb Code   124  usbh_msc_scsi.o(i.USBH_MSC_SCSI_Write)
    USBH_MSC_UnitIsReady                     0x080074c9   Thumb Code    38  usbh_msc.o(i.USBH_MSC_UnitIsReady)
    USBH_MSC_Write                           0x080074ef   Thumb Code   138  usbh_msc.o(i.USBH_MSC_Write)
    USBH_OpenPipe                            0x08007579   Thumb Code    20  usbh_pipes.o(i.USBH_OpenPipe)
    USBH_Process                             0x08007675   Thumb Code   360  usbh_core.o(i.USBH_Process)
    USBH_RegisterClass                       0x080077dd   Thumb Code    28  usbh_core.o(i.USBH_RegisterClass)
    USBH_SelectInterface                     0x080077f9   Thumb Code    22  usbh_core.o(i.USBH_SelectInterface)
    USBH_SetAddress                          0x0800780f   Thumb Code    28  usbh_ctlreq.o(i.USBH_SetAddress)
    USBH_SetCfg                              0x0800782b   Thumb Code    28  usbh_ctlreq.o(i.USBH_SetCfg)
    USBH_Start                               0x08007847   Thumb Code    20  usbh_core.o(i.USBH_Start)
    USBH_initialize                          0x0800787d   Thumb Code     4  usbh_diskio.o(i.USBH_initialize)
    USBH_ioctl                               0x08007881   Thumb Code    96  usbh_diskio.o(i.USBH_ioctl)
    USBH_read                                0x080078e5   Thumb Code    62  usbh_diskio.o(i.USBH_read)
    USBH_status                              0x08007929   Thumb Code    20  usbh_diskio.o(i.USBH_status)
    USBH_write                               0x08007941   Thumb Code    70  usbh_diskio.o(i.USBH_write)
    USB_CoreInit                             0x0800798d   Thumb Code   104  stm32f4xx_ll_usb.o(i.USB_CoreInit)
    USB_DisableGlobalInt                     0x08007a31   Thumb Code    12  stm32f4xx_ll_usb.o(i.USB_DisableGlobalInt)
    USB_DoPing                               0x08007a3d   Thumb Code    60  stm32f4xx_ll_usb.o(i.USB_DoPing)
    USB_DriveVbus                            0x08007a7d   Thumb Code    44  stm32f4xx_ll_usb.o(i.USB_DriveVbus)
    USB_EnableGlobalInt                      0x08007aa9   Thumb Code    12  stm32f4xx_ll_usb.o(i.USB_EnableGlobalInt)
    USB_FlushRxFifo                          0x08007ab5   Thumb Code    28  stm32f4xx_ll_usb.o(i.USB_FlushRxFifo)
    USB_FlushTxFifo                          0x08007ad5   Thumb Code    32  stm32f4xx_ll_usb.o(i.USB_FlushTxFifo)
    USB_GetCurrentFrame                      0x08007af9   Thumb Code     8  stm32f4xx_ll_usb.o(i.USB_GetCurrentFrame)
    USB_GetHostSpeed                         0x08007b01   Thumb Code    14  stm32f4xx_ll_usb.o(i.USB_GetHostSpeed)
    USB_GetMode                              0x08007b0f   Thumb Code     8  stm32f4xx_ll_usb.o(i.USB_GetMode)
    USB_HC_Halt                              0x08007b17   Thumb Code   328  stm32f4xx_ll_usb.o(i.USB_HC_Halt)
    USB_HC_Init                              0x08007c61   Thumb Code   234  stm32f4xx_ll_usb.o(i.USB_HC_Init)
    USB_HC_ReadInterrupt                     0x08007d4b   Thumb Code    12  stm32f4xx_ll_usb.o(i.USB_HC_ReadInterrupt)
    USB_HC_StartXfer                         0x08007d59   Thumb Code   386  stm32f4xx_ll_usb.o(i.USB_HC_StartXfer)
    USB_HostInit                             0x08007ee1   Thumb Code   192  stm32f4xx_ll_usb.o(i.USB_HostInit)
    USB_InitFSLSPClkSel                      0x08007fb5   Thumb Code    54  stm32f4xx_ll_usb.o(i.USB_InitFSLSPClkSel)
    USB_ReadInterrupts                       0x08007feb   Thumb Code     8  stm32f4xx_ll_usb.o(i.USB_ReadInterrupts)
    USB_ReadPacket                           0x08007ff3   Thumb Code    32  stm32f4xx_ll_usb.o(i.USB_ReadPacket)
    USB_ResetPort                            0x08008013   Thumb Code    44  stm32f4xx_ll_usb.o(i.USB_ResetPort)
    USB_SetCurrentMode                       0x0800803f   Thumb Code    44  stm32f4xx_ll_usb.o(i.USB_SetCurrentMode)
    USB_StopHost                             0x0800806b   Thumb Code   178  stm32f4xx_ll_usb.o(i.USB_StopHost)
    USB_WritePacket                          0x0800811d   Thumb Code    40  stm32f4xx_ll_usb.o(i.USB_WritePacket)
    UsageFault_Handler                       0x08008145   Thumb Code     2  stm32f4xx_it.o(i.UsageFault_Handler)
    __0sprintf                               0x08008149   Thumb Code    34  printfa.o(i.__0sprintf)
    __1sprintf                               0x08008149   Thumb Code     0  printfa.o(i.__0sprintf)
    __2sprintf                               0x08008149   Thumb Code     0  printfa.o(i.__0sprintf)
    __c89sprintf                             0x08008149   Thumb Code     0  printfa.o(i.__0sprintf)
    sprintf                                  0x08008149   Thumb Code     0  printfa.o(i.__0sprintf)
    __scatterload_copy                       0x08008171   Thumb Code    14  handlers.o(i.__scatterload_copy)
    __scatterload_null                       0x0800817f   Thumb Code     2  handlers.o(i.__scatterload_null)
    __scatterload_zeroinit                   0x08008181   Thumb Code    14  handlers.o(i.__scatterload_zeroinit)
    aciona_PWM                               0x08008a4d   Thumb Code   218  main.o(i.aciona_PWM)
    configura_hora                           0x08008b7d   Thumb Code   148  main.o(i.configura_hora)
    free                                     0x08008c19   Thumb Code    76  malloc.o(i.free)
    ili9341_DisplayOff                       0x08008c69   Thumb Code     6  ili9341.o(i.ili9341_DisplayOff)
    ili9341_DisplayOn                        0x08008c6f   Thumb Code     6  ili9341.o(i.ili9341_DisplayOn)
    ili9341_GetLcdPixelHeight                0x08008c75   Thumb Code     6  ili9341.o(i.ili9341_GetLcdPixelHeight)
    ili9341_GetLcdPixelWidth                 0x08008c7b   Thumb Code     4  ili9341.o(i.ili9341_GetLcdPixelWidth)
    ili9341_Init                             0x08008c7f   Thumb Code   658  ili9341.o(i.ili9341_Init)
    ili9341_ReadID                           0x08008f11   Thumb Code    18  ili9341.o(i.ili9341_ReadID)
    inicializa_display                       0x08008f25   Thumb Code    68  main.o(i.inicializa_display)
    inicializa_vetor_uint8                   0x08008f71   Thumb Code    16  main.o(i.inicializa_vetor_uint8)
    le_pressao                               0x08008f81   Thumb Code   152  main.o(i.le_pressao)
    le_temperatura                           0x0800901d   Thumb Code   312  main.o(i.le_temperatura)
    le_umidade                               0x08009159   Thumb Code   282  main.o(i.le_umidade)
    leitura_AD                               0x08009279   Thumb Code    58  main.o(i.leitura_AD)
    main                                     0x080092bd   Thumb Code   238  main.o(i.main)
    malloc                                   0x080093d1   Thumb Code    92  malloc.o(i.malloc)
    renderiza_RTC                            0x0800943d   Thumb Code    88  main.o(i.renderiza_RTC)
    renderiza_sensores                       0x080094b1   Thumb Code   144  main.o(i.renderiza_sensores)
    stmpe811_ClearGlobalIT                   0x08009551   Thumb Code    10  stmpe811.o(i.stmpe811_ClearGlobalIT)
    stmpe811_DisableGlobalIT                 0x0800955b   Thumb Code    28  stmpe811.o(i.stmpe811_DisableGlobalIT)
    stmpe811_DisableITSource                 0x08009577   Thumb Code    30  stmpe811.o(i.stmpe811_DisableITSource)
    stmpe811_EnableGlobalIT                  0x08009595   Thumb Code    28  stmpe811.o(i.stmpe811_EnableGlobalIT)
    stmpe811_EnableITSource                  0x080095b1   Thumb Code    30  stmpe811.o(i.stmpe811_EnableITSource)
    stmpe811_IO_EnableAF                     0x080095ed   Thumb Code    30  stmpe811.o(i.stmpe811_IO_EnableAF)
    stmpe811_Init                            0x0800960d   Thumb Code    42  stmpe811.o(i.stmpe811_Init)
    stmpe811_ReadID                          0x0800963d   Thumb Code    32  stmpe811.o(i.stmpe811_ReadID)
    stmpe811_Reset                           0x0800965d   Thumb Code    40  stmpe811.o(i.stmpe811_Reset)
    stmpe811_TS_ClearIT                      0x08009685   Thumb Code     6  stmpe811.o(i.stmpe811_TS_ClearIT)
    stmpe811_TS_DetectTouch                  0x0800968b   Thumb Code    54  stmpe811.o(i.stmpe811_TS_DetectTouch)
    stmpe811_TS_DisableIT                    0x080096c1   Thumb Code    20  stmpe811.o(i.stmpe811_TS_DisableIT)
    stmpe811_TS_EnableIT                     0x080096d5   Thumb Code    26  stmpe811.o(i.stmpe811_TS_EnableIT)
    stmpe811_TS_GetXY                        0x080096ef   Thumb Code    62  stmpe811.o(i.stmpe811_TS_GetXY)
    stmpe811_TS_ITStatus                     0x0800972d   Thumb Code    16  stmpe811.o(i.stmpe811_TS_ITStatus)
    stmpe811_TS_Start                        0x0800973d   Thumb Code   162  stmpe811.o(i.stmpe811_TS_Start)
    Font24_Table                             0x080097de   Data        6840  stm32f429i_discovery_lcd.o(.constdata)
    Font16_Table                             0x0800b296   Data        3040  stm32f429i_discovery_lcd.o(.constdata)
    USBH_Driver                              0x0800be78   Data          20  usbh_diskio.o(.constdata)
    AHBPrescTable                            0x0800be94   Data          16  system_stm32f4xx.o(.constdata)
    APBPrescTable                            0x0800bea4   Data           8  system_stm32f4xx.o(.constdata)
    Region$$Table$$Base                      0x0800beb0   Number         0  anon$$obj.o(Region$$Table)
    Region$$Table$$Limit                     0x0800bed0   Number         0  anon$$obj.o(Region$$Table)
    BUTTON_PORT                              0x20000004   Data           4  stm32f429i_discovery.o(.data)
    I2cxTimeout                              0x20000008   Data           4  stm32f429i_discovery.o(.data)
    SpixTimeout                              0x2000000c   Data           4  stm32f429i_discovery.o(.data)
    GPIO_PORT                                0x20000010   Data           8  stm32f429i_discovery.o(.data)
    LcdDrv                                   0x2000001c   Data           4  stm32f429i_discovery_lcd.o(.data)
    Font24                                   0x20000020   Data           8  stm32f429i_discovery_lcd.o(.data)
    Font16                                   0x20000028   Data           8  stm32f429i_discovery_lcd.o(.data)
    ili9341_drv                              0x20000044   Data          56  ili9341.o(.data)
    stmpe811_ts_drv                          0x2000007c   Data          40  stmpe811.o(.data)
    stmpe811                                 0x200000a4   Data           2  stmpe811.o(.data)
    retUSBH                                  0x200000a6   Data           1  fatfs.o(.data)
    USBHPath                                 0x200000a7   Data           4  fatfs.o(.data)
    Appli_state                              0x200000b4   Data           1  usb_host.o(.data)
    uwTickFreq                               0x200000b8   Data           1  stm32f4xx_hal.o(.data)
    uwTickPrio                               0x200000bc   Data           4  stm32f4xx_hal.o(.data)
    uwTick                                   0x200000c0   Data           4  stm32f4xx_hal.o(.data)
    SystemCoreClock                          0x200000c4   Data           4  system_stm32f4xx.o(.data)
    USBH_msc                                 0x200000c8   Data          32  usbh_msc.o(.data)
    __microlib_freelist                      0x200000e8   Data           4  mvars.o(.data)
    __microlib_freelist_initialised          0x200000ec   Data           4  mvars.o(.data)
    I2cHandle                                0x200000f0   Data          84  stm32f429i_discovery.o(.bss)
    LtdcHandler                              0x2000019c   Data         168  stm32f429i_discovery_lcd.o(.bss)
    c                                        0x200003ec   Data         112  main.o(.bss)
    p                                        0x2000045c   Data        8996  main.o(.bss)
    hadc1                                    0x20002780   Data          72  adc.o(.bss)
    hdma2d                                   0x200027c8   Data          64  dma2d.o(.bss)
    hsdram1                                  0x20002808   Data          52  fmc.o(.bss)
    hi2c3                                    0x2000283c   Data          84  i2c.o(.bss)
    hltdc                                    0x20002890   Data         168  ltdc.o(.bss)
    hrtc                                     0x20002938   Data          32  rtc.o(.bss)
    hspi5                                    0x20002958   Data          88  spi.o(.bss)
    htim2                                    0x200029b0   Data          60  tim.o(.bss)
    htim3                                    0x200029ec   Data          60  tim.o(.bss)
    huart1                                   0x20002a28   Data          64  usart.o(.bss)
    hUsbHostHS                               0x20002a68   Data         968  usb_host.o(.bss)
    hhcd_USB_OTG_HS                          0x20002e30   Data         664  usbh_conf.o(.bss)
    disk                                     0x200030c8   Data          12  ff_gen_drv.o(.bss)
    __heap_base                              0x200030d8   Data           0  startup_stm32f429xx.o(HEAP)
    __heap_limit                             0x200032d8   Data           0  startup_stm32f429xx.o(HEAP)
    __initial_sp                             0x200036d8   Data           0  startup_stm32f429xx.o(STACK)



==============================================================================

Memory Map of the image

  Image Entry point : 0x080001ad

  Load Region LR_IROM1 (Base: 0x08000000, Size: 0x0000bfc0, Max: 0x00200000, ABSOLUTE)

    Execution Region ER_IROM1 (Exec base: 0x08000000, Load base: 0x08000000, Size: 0x0000bed0, Max: 0x00200000, ABSOLUTE)

    Exec Addr    Load Addr    Size         Type   Attr      Idx    E Section Name        Object

    0x08000000   0x08000000   0x000001ac   Data   RO            3    RESET               startup_stm32f429xx.o
    0x080001ac   0x080001ac   0x00000000   Code   RO         8238  * .ARM.Collect$$$$00000000  mc_w.l(entry.o)
    0x080001ac   0x080001ac   0x00000004   Code   RO         8544    .ARM.Collect$$$$00000001  mc_w.l(entry2.o)
    0x080001b0   0x080001b0   0x00000004   Code   RO         8547    .ARM.Collect$$$$00000004  mc_w.l(entry5.o)
    0x080001b4   0x080001b4   0x00000000   Code   RO         8549    .ARM.Collect$$$$00000008  mc_w.l(entry7b.o)
    0x080001b4   0x080001b4   0x00000000   Code   RO         8551    .ARM.Collect$$$$0000000A  mc_w.l(entry8b.o)
    0x080001b4   0x080001b4   0x00000008   Code   RO         8552    .ARM.Collect$$$$0000000B  mc_w.l(entry9a.o)
    0x080001bc   0x080001bc   0x00000000   Code   RO         8554    .ARM.Collect$$$$0000000D  mc_w.l(entry10a.o)
    0x080001bc   0x080001bc   0x00000000   Code   RO         8556    .ARM.Collect$$$$0000000F  mc_w.l(entry11a.o)
    0x080001bc   0x080001bc   0x00000004   Code   RO         8545    .ARM.Collect$$$$00002712  mc_w.l(entry2.o)
    0x080001c0   0x080001c0   0x00000024   Code   RO            4    .text               startup_stm32f429xx.o
    0x080001e4   0x080001e4   0x00000062   Code   RO         8241    .text               mc_w.l(uldiv.o)
    0x08000246   0x08000246   0x00000024   Code   RO         8243    .text               mc_w.l(memcpya.o)
    0x0800026a   0x0800026a   0x00000024   Code   RO         8245    .text               mc_w.l(memseta.o)
    0x0800028e   0x0800028e   0x00000012   Code   RO         8249    .text               mc_w.l(strcpy.o)
    0x080002a0   0x080002a0   0x00000026   Code   RO         8542    .text               mf_w.l(f2d.o)
    0x080002c6   0x080002c6   0x0000002c   Code   RO         8561    .text               mc_w.l(uidiv.o)
    0x080002f2   0x080002f2   0x0000001e   Code   RO         8563    .text               mc_w.l(llshl.o)
    0x08000310   0x08000310   0x00000020   Code   RO         8565    .text               mc_w.l(llushr.o)
    0x08000330   0x08000330   0x00000000   Code   RO         8569    .text               mc_w.l(iusefp.o)
    0x08000330   0x08000330   0x0000014e   Code   RO         8570    .text               mf_w.l(dadd.o)
    0x0800047e   0x0800047e   0x000000e4   Code   RO         8572    .text               mf_w.l(dmul.o)
    0x08000562   0x08000562   0x000000de   Code   RO         8574    .text               mf_w.l(ddiv.o)
    0x08000640   0x08000640   0x00000030   Code   RO         8576    .text               mf_w.l(dfixul.o)
    0x08000670   0x08000670   0x00000030   Code   RO         8578    .text               mf_w.l(cdrcmple.o)
    0x080006a0   0x080006a0   0x00000024   Code   RO         8580    .text               mc_w.l(init.o)
    0x080006c4   0x080006c4   0x00000024   Code   RO         8583    .text               mc_w.l(llsshr.o)
    0x080006e8   0x080006e8   0x000000ba   Code   RO         8586    .text               mf_w.l(depilogue.o)
    0x080007a2   0x080007a2   0x00000002   PAD
    0x080007a4   0x080007a4   0x00000124   Code   RO         2696    i.ADC_Init          stm32f4xx_hal_adc.o
    0x080008c8   0x080008c8   0x0000003c   Code   RO          414    i.BSP_LCD_Clear     stm32f429i_discovery_lcd.o
    0x08000904   0x08000904   0x00000034   Code   RO          416    i.BSP_LCD_DisplayChar  stm32f429i_discovery_lcd.o
    0x08000938   0x08000938   0x00000014   Code   RO          418    i.BSP_LCD_DisplayOn  stm32f429i_discovery_lcd.o
    0x0800094c   0x0800094c   0x000000c4   Code   RO          419    i.BSP_LCD_DisplayStringAt  stm32f429i_discovery_lcd.o
    0x08000a10   0x08000a10   0x0000001c   Code   RO          420    i.BSP_LCD_DisplayStringAtLine  stm32f429i_discovery_lcd.o
    0x08000a2c   0x08000a2c   0x00000034   Code   RO          426    i.BSP_LCD_DrawPixel  stm32f429i_discovery_lcd.o
    0x08000a60   0x08000a60   0x0000001c   Code   RO          436    i.BSP_LCD_GetFont   stm32f429i_discovery_lcd.o
    0x08000a7c   0x08000a7c   0x0000000c   Code   RO          438    i.BSP_LCD_GetXSize  stm32f429i_discovery_lcd.o
    0x08000a88   0x08000a88   0x0000000c   Code   RO          439    i.BSP_LCD_GetYSize  stm32f429i_discovery_lcd.o
    0x08000a94   0x08000a94   0x00000094   Code   RO          440    i.BSP_LCD_Init      stm32f429i_discovery_lcd.o
    0x08000b28   0x08000b28   0x00000080   Code   RO          441    i.BSP_LCD_LayerDefaultInit  stm32f429i_discovery_lcd.o
    0x08000ba8   0x08000ba8   0x0000012c   Code   RO          442    i.BSP_LCD_MspInit   stm32f429i_discovery_lcd.o
    0x08000cd4   0x08000cd4   0x0000000c   Code   RO          447    i.BSP_LCD_SelectLayer  stm32f429i_discovery_lcd.o
    0x08000ce0   0x08000ce0   0x0000001c   Code   RO          451    i.BSP_LCD_SetFont   stm32f429i_discovery_lcd.o
    0x08000cfc   0x08000cfc   0x00000018   Code   RO          458    i.BSP_LCD_SetTextColor  stm32f429i_discovery_lcd.o
    0x08000d14   0x08000d14   0x00000078   Code   RO          769    i.BSP_SDRAM_Init    stm32f429i_discovery_sdram.o
    0x08000d8c   0x08000d8c   0x00000088   Code   RO          770    i.BSP_SDRAM_Initialization_sequence  stm32f429i_discovery_sdram.o
    0x08000e14   0x08000e14   0x00000164   Code   RO          772    i.BSP_SDRAM_MspInit  stm32f429i_discovery_sdram.o
    0x08000f78   0x08000f78   0x00000038   Code   RO          853    i.BSP_TS_Init       stm32f429i_discovery_ts.o
    0x08000fb0   0x08000fb0   0x00000002   Code   RO         2134    i.BusFault_Handler  stm32f4xx_it.o
    0x08000fb2   0x08000fb2   0x00000096   Code   RO         2968    i.DMA2D_SetConfig   stm32f4xx_hal_dma2d.o
    0x08001048   0x08001048   0x00000028   Code   RO         6611    i.DMA_CalcBaseAndBitshift  stm32f4xx_hal_dma.o
    0x08001070   0x08001070   0x00000054   Code   RO         6612    i.DMA_CheckFifoParam  stm32f4xx_hal_dma.o
    0x080010c4   0x080010c4   0x00000048   Code   RO         7730    i.DeInitStateMachine  usbh_core.o
    0x0800110c   0x0800110c   0x00000002   Code   RO         2135    i.DebugMon_Handler  stm32f4xx_it.o
    0x0800110e   0x0800110e   0x00000002   PAD
    0x08001110   0x08001110   0x000000b4   Code   RO          462    i.DrawChar          stm32f429i_discovery_lcd.o
    0x080011c4   0x080011c4   0x00000002   Code   RO         1181    i.Error_Handler     main.o
    0x080011c6   0x080011c6   0x00000006   Code   RO         7656    i.FATFS_LinkDriver  ff_gen_drv.o
    0x080011cc   0x080011cc   0x00000040   Code   RO         7657    i.FATFS_LinkDriverEx  ff_gen_drv.o
    0x0800120c   0x0800120c   0x00000050   Code   RO         3185    i.FMC_SDRAM_Init    stm32f4xx_ll_fmc.o
    0x0800125c   0x0800125c   0x0000000c   Code   RO         3186    i.FMC_SDRAM_ProgramRefreshRate  stm32f4xx_ll_fmc.o
    0x08001268   0x08001268   0x00000048   Code   RO         3187    i.FMC_SDRAM_SendCommand  stm32f4xx_ll_fmc.o
    0x080012b0   0x080012b0   0x00000080   Code   RO         3189    i.FMC_SDRAM_Timing_Init  stm32f4xx_ll_fmc.o
    0x08001330   0x08001330   0x00000060   Code   RO          463    i.FillBuffer        stm32f429i_discovery_lcd.o
    0x08001390   0x08001390   0x00000154   Code   RO         2698    i.HAL_ADC_ConfigChannel  stm32f4xx_hal_adc.o
    0x080014e4   0x080014e4   0x00000006   Code   RO         2705    i.HAL_ADC_GetValue  stm32f4xx_hal_adc.o
    0x080014ea   0x080014ea   0x00000054   Code   RO         2707    i.HAL_ADC_Init      stm32f4xx_hal_adc.o
    0x0800153e   0x0800153e   0x00000002   PAD
    0x08001540   0x08001540   0x00000084   Code   RO         1433    i.HAL_ADC_MspInit   adc.o
    0x080015c4   0x080015c4   0x000000a2   Code   RO         2711    i.HAL_ADC_PollForConversion  stm32f4xx_hal_adc.o
    0x08001666   0x08001666   0x00000002   PAD
    0x08001668   0x08001668   0x000000bc   Code   RO         2713    i.HAL_ADC_Start     stm32f4xx_hal_adc.o
    0x08001724   0x08001724   0x0000003c   Code   RO         2716    i.HAL_ADC_Stop      stm32f4xx_hal_adc.o
    0x08001760   0x08001760   0x000000a8   Code   RO         2980    i.HAL_DMA2D_ConfigLayer  stm32f4xx_hal_dma2d.o
    0x08001808   0x08001808   0x0000005a   Code   RO         2988    i.HAL_DMA2D_Init    stm32f4xx_hal_dma2d.o
    0x08001862   0x08001862   0x00000002   PAD
    0x08001864   0x08001864   0x00000028   Code   RO         1475    i.HAL_DMA2D_MspInit  dma2d.o
    0x0800188c   0x0800188c   0x0000010c   Code   RO         2992    i.HAL_DMA2D_PollForTransfer  stm32f4xx_hal_dma2d.o
    0x08001998   0x08001998   0x00000034   Code   RO         2995    i.HAL_DMA2D_Start   stm32f4xx_hal_dma2d.o
    0x080019cc   0x080019cc   0x00000024   Code   RO         6615    i.HAL_DMA_Abort_IT  stm32f4xx_hal_dma.o
    0x080019f0   0x080019f0   0x00000056   Code   RO         6616    i.HAL_DMA_DeInit    stm32f4xx_hal_dma.o
    0x08001a46   0x08001a46   0x00000002   PAD
    0x08001a48   0x08001a48   0x000000d4   Code   RO         6620    i.HAL_DMA_Init      stm32f4xx_hal_dma.o
    0x08001b1c   0x08001b1c   0x00000024   Code   RO         7051    i.HAL_Delay         stm32f4xx_hal.o
    0x08001b40   0x08001b40   0x000000d4   Code   RO         1609    i.HAL_FMC_MspInit   fmc.o
    0x08001c14   0x08001c14   0x00000170   Code   RO         6504    i.HAL_GPIO_DeInit   stm32f4xx_hal_gpio.o
    0x08001d84   0x08001d84   0x000001cc   Code   RO         6507    i.HAL_GPIO_Init     stm32f4xx_hal_gpio.o
    0x08001f50   0x08001f50   0x0000000a   Code   RO         6511    i.HAL_GPIO_WritePin  stm32f4xx_hal_gpio.o
    0x08001f5a   0x08001f5a   0x00000002   PAD
    0x08001f5c   0x08001f5c   0x0000000c   Code   RO         7059    i.HAL_GetTick       stm32f4xx_hal.o
    0x08001f68   0x08001f68   0x00000008   Code   RO         1960    i.HAL_HCD_Connect_Callback  usbh_conf.o
    0x08001f70   0x08001f70   0x00000008   Code   RO         1961    i.HAL_HCD_Disconnect_Callback  usbh_conf.o
    0x08001f78   0x08001f78   0x00000006   Code   RO         2249    i.HAL_HCD_GetCurrentFrame  stm32f4xx_hal_hcd.o
    0x08001f7e   0x08001f7e   0x00000006   Code   RO         2250    i.HAL_HCD_GetCurrentSpeed  stm32f4xx_hal_hcd.o
    0x08001f84   0x08001f84   0x0000000e   Code   RO         2253    i.HAL_HCD_HC_GetURBState  stm32f4xx_hal_hcd.o
    0x08001f92   0x08001f92   0x0000000c   Code   RO         2254    i.HAL_HCD_HC_GetXferCount  stm32f4xx_hal_hcd.o
    0x08001f9e   0x08001f9e   0x00000024   Code   RO         2255    i.HAL_HCD_HC_Halt   stm32f4xx_hal_hcd.o
    0x08001fc2   0x08001fc2   0x00000054   Code   RO         2256    i.HAL_HCD_HC_Init   stm32f4xx_hal_hcd.o
    0x08002016   0x08002016   0x00000002   Code   RO         1962    i.HAL_HCD_HC_NotifyURBChange_Callback  usbh_conf.o
    0x08002018   0x08002018   0x000000b6   Code   RO         2258    i.HAL_HCD_HC_SubmitRequest  stm32f4xx_hal_hcd.o
    0x080020ce   0x080020ce   0x00000002   PAD
    0x080020d0   0x080020d0   0x0000012e   Code   RO         2259    i.HAL_HCD_IRQHandler  stm32f4xx_hal_hcd.o
    0x080021fe   0x080021fe   0x0000005a   Code   RO         2260    i.HAL_HCD_Init      stm32f4xx_hal_hcd.o
    0x08002258   0x08002258   0x00000070   Code   RO         1964    i.HAL_HCD_MspInit   usbh_conf.o
    0x080022c8   0x080022c8   0x00000006   Code   RO         2263    i.HAL_HCD_ResetPort  stm32f4xx_hal_hcd.o
    0x080022ce   0x080022ce   0x00000008   Code   RO         1965    i.HAL_HCD_SOF_Callback  usbh_conf.o
    0x080022d6   0x080022d6   0x0000002c   Code   RO         2265    i.HAL_HCD_Start     stm32f4xx_hal_hcd.o
    0x08002302   0x08002302   0x00000024   Code   RO         2266    i.HAL_HCD_Stop      stm32f4xx_hal_hcd.o
    0x08002326   0x08002326   0x00000042   Code   RO         3899    i.HAL_I2CEx_ConfigAnalogFilter  stm32f4xx_hal_i2c_ex.o
    0x08002368   0x08002368   0x0000003e   Code   RO         3900    i.HAL_I2CEx_ConfigDigitalFilter  stm32f4xx_hal_i2c_ex.o
    0x080023a6   0x080023a6   0x00000032   Code   RO         3503    i.HAL_I2C_DeInit    stm32f4xx_hal_i2c.o
    0x080023d8   0x080023d8   0x00000006   Code   RO         3511    i.HAL_I2C_GetState  stm32f4xx_hal_i2c.o
    0x080023de   0x080023de   0x00000002   PAD
    0x080023e0   0x080023e0   0x00000108   Code   RO         3512    i.HAL_I2C_Init      stm32f4xx_hal_i2c.o
    0x080024e8   0x080024e8   0x000001fc   Code   RO         3528    i.HAL_I2C_Mem_Read  stm32f4xx_hal_i2c.o
    0x080026e4   0x080026e4   0x0000013c   Code   RO         3531    i.HAL_I2C_Mem_Write  stm32f4xx_hal_i2c.o
    0x08002820   0x08002820   0x0000003c   Code   RO         1657    i.HAL_I2C_MspDeInit  i2c.o
    0x0800285c   0x0800285c   0x00000090   Code   RO         1658    i.HAL_I2C_MspInit   i2c.o
    0x080028ec   0x080028ec   0x00000010   Code   RO         7063    i.HAL_IncTick       stm32f4xx_hal.o
    0x080028fc   0x080028fc   0x00000034   Code   RO         7064    i.HAL_Init          stm32f4xx_hal.o
    0x08002930   0x08002930   0x00000040   Code   RO         7065    i.HAL_InitTick      stm32f4xx_hal.o
    0x08002970   0x08002970   0x00000052   Code   RO         3932    i.HAL_LTDC_ConfigLayer  stm32f4xx_hal_ltdc.o
    0x080029c2   0x080029c2   0x00000002   PAD
    0x080029c4   0x080029c4   0x00000030   Code   RO         3944    i.HAL_LTDC_EnableDither  stm32f4xx_hal_ltdc.o
    0x080029f4   0x080029f4   0x000000f4   Code   RO         3949    i.HAL_LTDC_Init     stm32f4xx_hal_ltdc.o
    0x08002ae8   0x08002ae8   0x00000174   Code   RO         1700    i.HAL_LTDC_MspInit  ltdc.o
    0x08002c5c   0x08002c5c   0x00000034   Code   RO         2222    i.HAL_MspInit       stm32f4xx_hal_msp.o
    0x08002c90   0x08002c90   0x00000016   Code   RO         6914    i.HAL_NVIC_EnableIRQ  stm32f4xx_hal_cortex.o
    0x08002ca6   0x08002ca6   0x00000002   PAD
    0x08002ca8   0x08002ca8   0x00000040   Code   RO         6920    i.HAL_NVIC_SetPriority  stm32f4xx_hal_cortex.o
    0x08002ce8   0x08002ce8   0x00000024   Code   RO         6921    i.HAL_NVIC_SetPriorityGrouping  stm32f4xx_hal_cortex.o
    0x08002d0c   0x08002d0c   0x00000234   Code   RO         6208    i.HAL_RCCEx_PeriphCLKConfig  stm32f4xx_hal_rcc_ex.o
    0x08002f40   0x08002f40   0x00000130   Code   RO         6101    i.HAL_RCC_ClockConfig  stm32f4xx_hal_rcc.o
    0x08003070   0x08003070   0x00000020   Code   RO         6108    i.HAL_RCC_GetPCLK1Freq  stm32f4xx_hal_rcc.o
    0x08003090   0x08003090   0x00000020   Code   RO         6109    i.HAL_RCC_GetPCLK2Freq  stm32f4xx_hal_rcc.o
    0x080030b0   0x080030b0   0x00000060   Code   RO         6110    i.HAL_RCC_GetSysClockFreq  stm32f4xx_hal_rcc.o
    0x08003110   0x08003110   0x0000031c   Code   RO         6113    i.HAL_RCC_OscConfig  stm32f4xx_hal_rcc.o
    0x0800342c   0x0800342c   0x00000044   Code   RO         4227    i.HAL_RTC_GetDate   stm32f4xx_hal_rtc.o
    0x08003470   0x08003470   0x00000058   Code   RO         4229    i.HAL_RTC_GetTime   stm32f4xx_hal_rtc.o
    0x080034c8   0x080034c8   0x000000ac   Code   RO         4230    i.HAL_RTC_Init      stm32f4xx_hal_rtc.o
    0x08003574   0x08003574   0x00000018   Code   RO         1742    i.HAL_RTC_MspInit   rtc.o
    0x0800358c   0x0800358c   0x000000c8   Code   RO         4236    i.HAL_RTC_SetDate   stm32f4xx_hal_rtc.o
    0x08003654   0x08003654   0x000000f0   Code   RO         4237    i.HAL_RTC_SetTime   stm32f4xx_hal_rtc.o
    0x08003744   0x08003744   0x00000036   Code   RO         4238    i.HAL_RTC_WaitForSynchro  stm32f4xx_hal_rtc.o
    0x0800377a   0x0800377a   0x00000042   Code   RO         3351    i.HAL_SDRAM_Init    stm32f4xx_hal_sdram.o
    0x080037bc   0x080037bc   0x00000004   Code   RO         1611    i.HAL_SDRAM_MspInit  fmc.o
    0x080037c0   0x080037c0   0x00000022   Code   RO         3354    i.HAL_SDRAM_ProgramRefreshRate  stm32f4xx_hal_sdram.o
    0x080037e2   0x080037e2   0x00000002   PAD
    0x080037e4   0x080037e4   0x00000030   Code   RO         3360    i.HAL_SDRAM_SendCommand  stm32f4xx_hal_sdram.o
    0x08003814   0x08003814   0x0000002e   Code   RO         4593    i.HAL_SPI_DeInit    stm32f4xx_hal_spi.o
    0x08003842   0x08003842   0x00000006   Code   RO         4596    i.HAL_SPI_GetState  stm32f4xx_hal_spi.o
    0x08003848   0x08003848   0x00000080   Code   RO         4598    i.HAL_SPI_Init      stm32f4xx_hal_spi.o
    0x080038c8   0x080038c8   0x0000002c   Code   RO         1783    i.HAL_SPI_MspDeInit  spi.o
    0x080038f4   0x080038f4   0x00000068   Code   RO         1784    i.HAL_SPI_MspInit   spi.o
    0x0800395c   0x0800395c   0x00000150   Code   RO         4601    i.HAL_SPI_Receive   stm32f4xx_hal_spi.o
    0x08003aac   0x08003aac   0x00000168   Code   RO         4606    i.HAL_SPI_Transmit  stm32f4xx_hal_spi.o
    0x08003c14   0x08003c14   0x000001d8   Code   RO         4607    i.HAL_SPI_TransmitReceive  stm32f4xx_hal_spi.o
    0x08003dec   0x08003dec   0x00000028   Code   RO         6925    i.HAL_SYSTICK_Config  stm32f4xx_hal_cortex.o
    0x08003e14   0x08003e14   0x00000050   Code   RO         5552    i.HAL_TIMEx_MasterConfigSynchronization  stm32f4xx_hal_tim_ex.o
    0x08003e64   0x08003e64   0x00000036   Code   RO         4906    i.HAL_TIM_Base_Init  stm32f4xx_hal_tim.o
    0x08003e9a   0x08003e9a   0x00000002   PAD
    0x08003e9c   0x08003e9c   0x0000003c   Code   RO         1826    i.HAL_TIM_Base_MspInit  tim.o
    0x08003ed8   0x08003ed8   0x000000f2   Code   RO         4915    i.HAL_TIM_ConfigClockSource  stm32f4xx_hal_tim.o
    0x08003fca   0x08003fca   0x00000002   PAD
    0x08003fcc   0x08003fcc   0x0000007c   Code   RO         1827    i.HAL_TIM_MspPostInit  tim.o
    0x08004048   0x08004048   0x000000d0   Code   RO         4972    i.HAL_TIM_PWM_ConfigChannel  stm32f4xx_hal_tim.o
    0x08004118   0x08004118   0x00000036   Code   RO         4975    i.HAL_TIM_PWM_Init  stm32f4xx_hal_tim.o
    0x0800414e   0x0800414e   0x00000002   Code   RO         4977    i.HAL_TIM_PWM_MspInit  stm32f4xx_hal_tim.o
    0x08004150   0x08004150   0x00000038   Code   RO         4979    i.HAL_TIM_PWM_Start  stm32f4xx_hal_tim.o
    0x08004188   0x08004188   0x00000002   Code   RO         5795    i.HAL_UART_ErrorCallback  stm32f4xx_hal_uart.o
    0x0800418a   0x0800418a   0x00000002   PAD
    0x0800418c   0x0800418c   0x00000110   Code   RO         5798    i.HAL_UART_IRQHandler  stm32f4xx_hal_uart.o
    0x0800429c   0x0800429c   0x00000062   Code   RO         5799    i.HAL_UART_Init     stm32f4xx_hal_uart.o
    0x080042fe   0x080042fe   0x00000002   PAD
    0x08004300   0x08004300   0x0000007c   Code   RO         1880    i.HAL_UART_MspInit  usart.o
    0x0800437c   0x0800437c   0x00000048   Code   RO         5804    i.HAL_UART_Receive_IT  stm32f4xx_hal_uart.o
    0x080043c4   0x080043c4   0x0000001c   Code   RO         1182    i.HAL_UART_RxCpltCallback  main.o
    0x080043e0   0x080043e0   0x00000002   Code   RO         5810    i.HAL_UART_TxCpltCallback  stm32f4xx_hal_uart.o
    0x080043e2   0x080043e2   0x00000232   Code   RO         2267    i.HCD_HC_IN_IRQHandler  stm32f4xx_hal_hcd.o
    0x08004614   0x08004614   0x00000216   Code   RO         2268    i.HCD_HC_OUT_IRQHandler  stm32f4xx_hal_hcd.o
    0x0800482a   0x0800482a   0x000000ac   Code   RO         2269    i.HCD_Port_IRQHandler  stm32f4xx_hal_hcd.o
    0x080048d6   0x080048d6   0x00000002   PAD
    0x080048d8   0x080048d8   0x00000070   Code   RO         2270    i.HCD_RXQLVL_IRQHandler  stm32f4xx_hal_hcd.o
    0x08004948   0x08004948   0x00000002   Code   RO         2136    i.HardFault_Handler  stm32f4xx_it.o
    0x0800494a   0x0800494a   0x00000028   Code   RO         3550    i.I2C_IsAcknowledgeFailed  stm32f4xx_hal_i2c.o
    0x08004972   0x08004972   0x000000f0   Code   RO         3559    i.I2C_RequestMemoryRead  stm32f4xx_hal_i2c.o
    0x08004a62   0x08004a62   0x00000002   PAD
    0x08004a64   0x08004a64   0x000000a0   Code   RO         3560    i.I2C_RequestMemoryWrite  stm32f4xx_hal_i2c.o
    0x08004b04   0x08004b04   0x0000004e   Code   RO         3563    i.I2C_WaitOnBTFFlagUntilTimeout  stm32f4xx_hal_i2c.o
    0x08004b52   0x08004b52   0x00000060   Code   RO         3564    i.I2C_WaitOnFlagUntilTimeout  stm32f4xx_hal_i2c.o
    0x08004bb2   0x08004bb2   0x00000002   PAD
    0x08004bb4   0x08004bb4   0x00000088   Code   RO         3565    i.I2C_WaitOnMasterAddressFlagUntilTimeout  stm32f4xx_hal_i2c.o
    0x08004c3c   0x08004c3c   0x00000062   Code   RO         3566    i.I2C_WaitOnRXNEFlagUntilTimeout  stm32f4xx_hal_i2c.o
    0x08004c9e   0x08004c9e   0x0000004e   Code   RO         3567    i.I2C_WaitOnTXEFlagUntilTimeout  stm32f4xx_hal_i2c.o
    0x08004cec   0x08004cec   0x00000014   Code   RO           23    i.I2Cx_Error        stm32f429i_discovery.o
    0x08004d00   0x08004d00   0x00000048   Code   RO           24    i.I2Cx_Init         stm32f429i_discovery.o
    0x08004d48   0x08004d48   0x000000b8   Code   RO           25    i.I2Cx_MspInit      stm32f429i_discovery.o
    0x08004e00   0x08004e00   0x00000004   Code   RO           26    i.IOE_Delay         stm32f429i_discovery.o
    0x08004e04   0x08004e04   0x00000050   Code   RO           27    i.IOE_ITConfig      stm32f429i_discovery.o
    0x08004e54   0x08004e54   0x00000004   Code   RO           28    i.IOE_Init          stm32f429i_discovery.o
    0x08004e58   0x08004e58   0x00000034   Code   RO           29    i.IOE_Read          stm32f429i_discovery.o
    0x08004e8c   0x08004e8c   0x00000030   Code   RO           30    i.IOE_ReadMultiple  stm32f429i_discovery.o
    0x08004ebc   0x08004ebc   0x00000030   Code   RO           31    i.IOE_Write         stm32f429i_discovery.o
    0x08004eec   0x08004eec   0x00000004   Code   RO           33    i.LCD_Delay         stm32f429i_discovery.o
    0x08004ef0   0x08004ef0   0x000000a8   Code   RO           34    i.LCD_IO_Init       stm32f429i_discovery.o
    0x08004f98   0x08004f98   0x0000006c   Code   RO           35    i.LCD_IO_ReadData   stm32f429i_discovery.o
    0x08005004   0x08005004   0x00000038   Code   RO           36    i.LCD_IO_WriteData  stm32f429i_discovery.o
    0x0800503c   0x0800503c   0x00000038   Code   RO           37    i.LCD_IO_WriteReg   stm32f429i_discovery.o
    0x08005074   0x08005074   0x00000162   Code   RO         3968    i.LTDC_SetConfig    stm32f4xx_hal_ltdc.o
    0x080051d6   0x080051d6   0x00000002   PAD
    0x080051d8   0x080051d8   0x00000070   Code   RO         1434    i.MX_ADC1_Init      adc.o
    0x08005248   0x08005248   0x00000044   Code   RO         1476    i.MX_DMA2D_Init     dma2d.o
    0x0800528c   0x0800528c   0x00000014   Code   RO         2110    i.MX_DriverVbusHS   usbh_platform.o
    0x080052a0   0x080052a0   0x0000001c   Code   RO         1571    i.MX_FATFS_Init     fatfs.o
    0x080052bc   0x080052bc   0x00000054   Code   RO         1612    i.MX_FMC_Init       fmc.o
    0x08005310   0x08005310   0x0000017c   Code   RO         1408    i.MX_GPIO_Init      gpio.o
    0x0800548c   0x0800548c   0x0000005c   Code   RO         1659    i.MX_I2C3_Init      i2c.o
    0x080054e8   0x080054e8   0x000000d8   Code   RO         1701    i.MX_LTDC_Init      ltdc.o
    0x080055c0   0x080055c0   0x00000080   Code   RO         1743    i.MX_RTC_Init       rtc.o
    0x08005640   0x08005640   0x00000044   Code   RO         1785    i.MX_SPI5_Init      spi.o
    0x08005684   0x08005684   0x00000094   Code   RO         1828    i.MX_TIM2_Init      tim.o
    0x08005718   0x08005718   0x00000098   Code   RO         1829    i.MX_TIM3_Init      tim.o
    0x080057b0   0x080057b0   0x00000038   Code   RO         1881    i.MX_USART1_UART_Init  usart.o
    0x080057e8   0x080057e8   0x0000002c   Code   RO         1921    i.MX_USB_HOST_Init  usb_host.o
    0x08005814   0x08005814   0x0000000c   Code   RO         1922    i.MX_USB_HOST_Process  usb_host.o
    0x08005820   0x08005820   0x00000002   Code   RO         2137    i.MemManage_Handler  stm32f4xx_it.o
    0x08005822   0x08005822   0x00000002   Code   RO         2138    i.NMI_Handler       stm32f4xx_it.o
    0x08005824   0x08005824   0x00000020   Code   RO         6927    i.NVIC_SetPriority  stm32f4xx_hal_cortex.o
    0x08005844   0x08005844   0x0000000c   Code   RO         2139    i.OTG_HS_IRQHandler  stm32f4xx_it.o
    0x08005850   0x08005850   0x00000002   Code   RO         2140    i.PendSV_Handler    stm32f4xx_it.o
    0x08005852   0x08005852   0x00000012   Code   RO         4239    i.RTC_Bcd2ToByte    stm32f4xx_hal_rtc.o
    0x08005864   0x08005864   0x00000016   Code   RO         4240    i.RTC_ByteToBcd2    stm32f4xx_hal_rtc.o
    0x0800587a   0x0800587a   0x00000002   PAD
    0x0800587c   0x0800587c   0x0000003a   Code   RO         4241    i.RTC_EnterInitMode  stm32f4xx_hal_rtc.o
    0x080058b6   0x080058b6   0x00000020   Code   RO         4622    i.SPI_CheckFlag_BSY  stm32f4xx_hal_spi.o
    0x080058d6   0x080058d6   0x00000096   Code   RO         4640    i.SPI_WaitFlagStateUntilTimeout  stm32f4xx_hal_spi.o
    0x0800596c   0x0800596c   0x00000014   Code   RO           38    i.SPIx_Error        stm32f429i_discovery.o
    0x08005980   0x08005980   0x0000009c   Code   RO           39    i.SPIx_Init         stm32f429i_discovery.o
    0x08005a1c   0x08005a1c   0x00000024   Code   RO           40    i.SPIx_Write        stm32f429i_discovery.o
    0x08005a40   0x08005a40   0x00000002   Code   RO         2141    i.SVC_Handler       stm32f4xx_it.o
    0x08005a42   0x08005a42   0x00000004   Code   RO         2142    i.SysTick_Handler   stm32f4xx_it.o
    0x08005a46   0x08005a46   0x00000002   PAD
    0x08005a48   0x08005a48   0x000000a8   Code   RO         1183    i.SystemClock_Config  main.o
    0x08005af0   0x08005af0   0x00000054   Code   RO         7228    i.SystemInit        system_stm32f4xx.o
    0x08005b44   0x08005b44   0x000000c0   Code   RO         4990    i.TIM_Base_SetConfig  stm32f4xx_hal_tim.o
    0x08005c04   0x08005c04   0x00000016   Code   RO         4991    i.TIM_CCxChannelCmd  stm32f4xx_hal_tim.o
    0x08005c1a   0x08005c1a   0x00000014   Code   RO         4997    i.TIM_ETR_SetConfig  stm32f4xx_hal_tim.o
    0x08005c2e   0x08005c2e   0x00000010   Code   RO         4998    i.TIM_ITRx_SetConfig  stm32f4xx_hal_tim.o
    0x08005c3e   0x08005c3e   0x00000002   PAD
    0x08005c40   0x08005c40   0x00000058   Code   RO         4999    i.TIM_OC1_SetConfig  stm32f4xx_hal_tim.o
    0x08005c98   0x08005c98   0x00000064   Code   RO         5000    i.TIM_OC2_SetConfig  stm32f4xx_hal_tim.o
    0x08005cfc   0x08005cfc   0x00000060   Code   RO         5001    i.TIM_OC3_SetConfig  stm32f4xx_hal_tim.o
    0x08005d5c   0x08005d5c   0x00000050   Code   RO         5002    i.TIM_OC4_SetConfig  stm32f4xx_hal_tim.o
    0x08005dac   0x08005dac   0x00000022   Code   RO         5004    i.TIM_TI1_ConfigInputStage  stm32f4xx_hal_tim.o
    0x08005dce   0x08005dce   0x00000024   Code   RO         5006    i.TIM_TI2_ConfigInputStage  stm32f4xx_hal_tim.o
    0x08005df2   0x08005df2   0x00000010   Code   RO         5812    i.UART_DMAAbortOnError  stm32f4xx_hal_uart.o
    0x08005e02   0x08005e02   0x0000001c   Code   RO         5822    i.UART_EndRxTransfer  stm32f4xx_hal_uart.o
    0x08005e1e   0x08005e1e   0x0000008c   Code   RO         5824    i.UART_Receive_IT   stm32f4xx_hal_uart.o
    0x08005eaa   0x08005eaa   0x00000002   PAD
    0x08005eac   0x08005eac   0x000002ac   Code   RO         5825    i.UART_SetConfig    stm32f4xx_hal_uart.o
    0x08006158   0x08006158   0x00000062   Code   RO         5826    i.UART_Transmit_IT  stm32f4xx_hal_uart.o
    0x080061ba   0x080061ba   0x00000002   PAD
    0x080061bc   0x080061bc   0x0000000c   Code   RO         2143    i.USART1_IRQHandler  stm32f4xx_it.o
    0x080061c8   0x080061c8   0x00000034   Code   RO         8007    i.USBH_AllocPipe    usbh_pipes.o
    0x080061fc   0x080061fc   0x00000020   Code   RO         7935    i.USBH_BulkReceiveData  usbh_ioreq.o
    0x0800621c   0x0800621c   0x00000028   Code   RO         7936    i.USBH_BulkSendData  usbh_ioreq.o
    0x08006244   0x08006244   0x0000000a   Code   RO         8008    i.USBH_ClosePipe    usbh_pipes.o
    0x0800624e   0x0800624e   0x0000001e   Code   RO         7847    i.USBH_ClrFeature   usbh_ctlreq.o
    0x0800626c   0x0800626c   0x0000001e   Code   RO         7937    i.USBH_CtlReceiveData  usbh_ioreq.o
    0x0800628a   0x0800628a   0x00000036   Code   RO         7848    i.USBH_CtlReq       usbh_ctlreq.o
    0x080062c0   0x080062c0   0x00000028   Code   RO         7938    i.USBH_CtlSendData  usbh_ioreq.o
    0x080062e8   0x080062e8   0x0000001e   Code   RO         7939    i.USBH_CtlSendSetup  usbh_ioreq.o
    0x08006306   0x08006306   0x00000004   Code   RO         1966    i.USBH_Delay        usbh_conf.o
    0x0800630a   0x0800630a   0x00000044   Code   RO         7732    i.USBH_FindInterface  usbh_core.o
    0x0800634e   0x0800634e   0x00000018   Code   RO         8009    i.USBH_FreePipe     usbh_pipes.o
    0x08006366   0x08006366   0x00000034   Code   RO         7849    i.USBH_GetDescriptor  usbh_ctlreq.o
    0x0800639a   0x0800639a   0x0000000e   Code   RO         7850    i.USBH_GetNextDesc  usbh_ctlreq.o
    0x080063a8   0x080063a8   0x0000002c   Code   RO         7851    i.USBH_Get_CfgDesc  usbh_ctlreq.o
    0x080063d4   0x080063d4   0x0000009a   Code   RO         7852    i.USBH_Get_DevDesc  usbh_ctlreq.o
    0x0800646e   0x0800646e   0x00000048   Code   RO         7853    i.USBH_Get_StringDesc  usbh_ctlreq.o
    0x080064b6   0x080064b6   0x0000017e   Code   RO         7854    i.USBH_HandleControl  usbh_ctlreq.o
    0x08006634   0x08006634   0x000000f2   Code   RO         7735    i.USBH_HandleEnum   usbh_core.o
    0x08006726   0x08006726   0x00000030   Code   RO         7736    i.USBH_Init         usbh_core.o
    0x08006756   0x08006756   0x00000020   Code   RO         1967    i.USBH_LL_ClosePipe  usbh_conf.o
    0x08006776   0x08006776   0x00000028   Code   RO         7737    i.USBH_LL_Connect   usbh_core.o
    0x0800679e   0x0800679e   0x00000038   Code   RO         7738    i.USBH_LL_Disconnect  usbh_core.o
    0x080067d6   0x080067d6   0x00000018   Code   RO         1969    i.USBH_LL_DriverVBUS  usbh_conf.o
    0x080067ee   0x080067ee   0x00000008   Code   RO         1970    i.USBH_LL_GetLastXferSize  usbh_conf.o
    0x080067f6   0x080067f6   0x00000022   Code   RO         1971    i.USBH_LL_GetSpeed  usbh_conf.o
    0x08006818   0x08006818   0x0000001e   Code   RO         1972    i.USBH_LL_GetToggle  usbh_conf.o
    0x08006836   0x08006836   0x00000008   Code   RO         1973    i.USBH_LL_GetURBState  usbh_conf.o
    0x0800683e   0x0800683e   0x0000001e   Code   RO         7739    i.USBH_LL_IncTimer  usbh_core.o
    0x0800685c   0x0800685c   0x00000054   Code   RO         1974    i.USBH_LL_Init      usbh_conf.o
    0x080068b0   0x080068b0   0x0000002a   Code   RO         1975    i.USBH_LL_OpenPipe  usbh_conf.o
    0x080068da   0x080068da   0x00000020   Code   RO         1976    i.USBH_LL_ResetPort  usbh_conf.o
    0x080068fa   0x080068fa   0x00000006   Code   RO         7740    i.USBH_LL_SetTimer  usbh_core.o
    0x08006900   0x08006900   0x00000020   Code   RO         1977    i.USBH_LL_SetToggle  usbh_conf.o
    0x08006920   0x08006920   0x00000020   Code   RO         1978    i.USBH_LL_Start     usbh_conf.o
    0x08006940   0x08006940   0x00000020   Code   RO         1979    i.USBH_LL_Stop      usbh_conf.o
    0x08006960   0x08006960   0x00000030   Code   RO         1980    i.USBH_LL_SubmitURB  usbh_conf.o
    0x08006990   0x08006990   0x0000001e   Code   RO         8140    i.USBH_MSC_BOT_Abort  usbh_msc_bot.o
    0x080069ae   0x080069ae   0x00000002   PAD
    0x080069b0   0x080069b0   0x00000024   Code   RO         8141    i.USBH_MSC_BOT_Init  usbh_msc_bot.o
    0x080069d4   0x080069d4   0x000001dc   Code   RO         8142    i.USBH_MSC_BOT_Process  usbh_msc_bot.o
    0x08006bb0   0x08006bb0   0x00000016   Code   RO         8143    i.USBH_MSC_BOT_REQ_GetMaxLUN  usbh_msc_bot.o
    0x08006bc6   0x08006bc6   0x00000016   Code   RO         8144    i.USBH_MSC_BOT_REQ_Reset  usbh_msc_bot.o
    0x08006bdc   0x08006bdc   0x0000006c   Code   RO         8049    i.USBH_MSC_ClassRequest  usbh_msc.o
    0x08006c48   0x08006c48   0x0000002e   Code   RO         8050    i.USBH_MSC_GetLUNInfo  usbh_msc.o
    0x08006c76   0x08006c76   0x0000004a   Code   RO         8052    i.USBH_MSC_InterfaceDeInit  usbh_msc.o
    0x08006cc0   0x08006cc0   0x0000014c   Code   RO         8053    i.USBH_MSC_InterfaceInit  usbh_msc.o
    0x08006e0c   0x08006e0c   0x00000290   Code   RO         8055    i.USBH_MSC_Process  usbh_msc.o
    0x0800709c   0x0800709c   0x0000008e   Code   RO         8056    i.USBH_MSC_RdWrProcess  usbh_msc.o
    0x0800712a   0x0800712a   0x0000008a   Code   RO         8057    i.USBH_MSC_Read     usbh_msc.o
    0x080071b4   0x080071b4   0x000000c0   Code   RO         8187    i.USBH_MSC_SCSI_Inquiry  usbh_msc_scsi.o
    0x08007274   0x08007274   0x0000007c   Code   RO         8188    i.USBH_MSC_SCSI_Read  usbh_msc_scsi.o
    0x080072f0   0x080072f0   0x0000007a   Code   RO         8189    i.USBH_MSC_SCSI_ReadCapacity  usbh_msc_scsi.o
    0x0800736a   0x0800736a   0x00000092   Code   RO         8190    i.USBH_MSC_SCSI_RequestSense  usbh_msc_scsi.o
    0x080073fc   0x080073fc   0x0000004c   Code   RO         8191    i.USBH_MSC_SCSI_TestUnitReady  usbh_msc_scsi.o
    0x08007448   0x08007448   0x0000007c   Code   RO         8192    i.USBH_MSC_SCSI_Write  usbh_msc_scsi.o
    0x080074c4   0x080074c4   0x00000004   Code   RO         8058    i.USBH_MSC_SOFProcess  usbh_msc.o
    0x080074c8   0x080074c8   0x00000026   Code   RO         8059    i.USBH_MSC_UnitIsReady  usbh_msc.o
    0x080074ee   0x080074ee   0x0000008a   Code   RO         8060    i.USBH_MSC_Write    usbh_msc.o
    0x08007578   0x08007578   0x00000014   Code   RO         8010    i.USBH_OpenPipe     usbh_pipes.o
    0x0800758c   0x0800758c   0x000000e8   Code   RO         7855    i.USBH_ParseCfgDesc  usbh_ctlreq.o
    0x08007674   0x08007674   0x00000168   Code   RO         7741    i.USBH_Process      usbh_core.o
    0x080077dc   0x080077dc   0x0000001c   Code   RO         7743    i.USBH_RegisterClass  usbh_core.o
    0x080077f8   0x080077f8   0x00000016   Code   RO         7744    i.USBH_SelectInterface  usbh_core.o
    0x0800780e   0x0800780e   0x0000001c   Code   RO         7856    i.USBH_SetAddress   usbh_ctlreq.o
    0x0800782a   0x0800782a   0x0000001c   Code   RO         7857    i.USBH_SetCfg       usbh_ctlreq.o
    0x08007846   0x08007846   0x00000014   Code   RO         7745    i.USBH_Start        usbh_core.o
    0x0800785a   0x0800785a   0x00000002   PAD
    0x0800785c   0x0800785c   0x00000020   Code   RO         1923    i.USBH_UserProcess  usb_host.o
    0x0800787c   0x0800787c   0x00000004   Code   RO         1516    i.USBH_initialize   usbh_diskio.o
    0x08007880   0x08007880   0x00000064   Code   RO         1517    i.USBH_ioctl        usbh_diskio.o
    0x080078e4   0x080078e4   0x00000044   Code   RO         1518    i.USBH_read         usbh_diskio.o
    0x08007928   0x08007928   0x00000018   Code   RO         1519    i.USBH_status       usbh_diskio.o
    0x08007940   0x08007940   0x0000004c   Code   RO         1520    i.USBH_write        usbh_diskio.o
    0x0800798c   0x0800798c   0x0000006c   Code   RO         2414    i.USB_CoreInit      stm32f4xx_ll_usb.o
    0x080079f8   0x080079f8   0x00000038   Code   RO         2415    i.USB_CoreReset     stm32f4xx_ll_usb.o
    0x08007a30   0x08007a30   0x0000000c   Code   RO         2421    i.USB_DisableGlobalInt  stm32f4xx_ll_usb.o
    0x08007a3c   0x08007a3c   0x00000040   Code   RO         2422    i.USB_DoPing        stm32f4xx_ll_usb.o
    0x08007a7c   0x08007a7c   0x0000002c   Code   RO         2423    i.USB_DriveVbus     stm32f4xx_ll_usb.o
    0x08007aa8   0x08007aa8   0x0000000c   Code   RO         2429    i.USB_EnableGlobalInt  stm32f4xx_ll_usb.o
    0x08007ab4   0x08007ab4   0x00000020   Code   RO         2430    i.USB_FlushRxFifo   stm32f4xx_ll_usb.o
    0x08007ad4   0x08007ad4   0x00000024   Code   RO         2431    i.USB_FlushTxFifo   stm32f4xx_ll_usb.o
    0x08007af8   0x08007af8   0x00000008   Code   RO         2432    i.USB_GetCurrentFrame  stm32f4xx_ll_usb.o
    0x08007b00   0x08007b00   0x0000000e   Code   RO         2434    i.USB_GetHostSpeed  stm32f4xx_ll_usb.o
    0x08007b0e   0x08007b0e   0x00000008   Code   RO         2435    i.USB_GetMode       stm32f4xx_ll_usb.o
    0x08007b16   0x08007b16   0x00000148   Code   RO         2436    i.USB_HC_Halt       stm32f4xx_ll_usb.o
    0x08007c5e   0x08007c5e   0x00000002   PAD
    0x08007c60   0x08007c60   0x000000ea   Code   RO         2437    i.USB_HC_Init       stm32f4xx_ll_usb.o
    0x08007d4a   0x08007d4a   0x0000000c   Code   RO         2438    i.USB_HC_ReadInterrupt  stm32f4xx_ll_usb.o
    0x08007d56   0x08007d56   0x00000002   PAD
    0x08007d58   0x08007d58   0x00000188   Code   RO         2439    i.USB_HC_StartXfer  stm32f4xx_ll_usb.o
    0x08007ee0   0x08007ee0   0x000000d4   Code   RO         2440    i.USB_HostInit      stm32f4xx_ll_usb.o
    0x08007fb4   0x08007fb4   0x00000036   Code   RO         2441    i.USB_InitFSLSPClkSel  stm32f4xx_ll_usb.o
    0x08007fea   0x08007fea   0x00000008   Code   RO         2446    i.USB_ReadInterrupts  stm32f4xx_ll_usb.o
    0x08007ff2   0x08007ff2   0x00000020   Code   RO         2447    i.USB_ReadPacket    stm32f4xx_ll_usb.o
    0x08008012   0x08008012   0x0000002c   Code   RO         2448    i.USB_ResetPort     stm32f4xx_ll_usb.o
    0x0800803e   0x0800803e   0x0000002c   Code   RO         2449    i.USB_SetCurrentMode  stm32f4xx_ll_usb.o
    0x0800806a   0x0800806a   0x000000b2   Code   RO         2453    i.USB_StopHost      stm32f4xx_ll_usb.o
    0x0800811c   0x0800811c   0x00000028   Code   RO         2454    i.USB_WritePacket   stm32f4xx_ll_usb.o
    0x08008144   0x08008144   0x00000002   Code   RO         2144    i.UsageFault_Handler  stm32f4xx_it.o
    0x08008146   0x08008146   0x00000002   PAD
    0x08008148   0x08008148   0x00000028   Code   RO         8488    i.__0sprintf        mc_w.l(printfa.o)
    0x08008170   0x08008170   0x0000000e   Code   RO         8590    i.__scatterload_copy  mc_w.l(handlers.o)
    0x0800817e   0x0800817e   0x00000002   Code   RO         8591    i.__scatterload_null  mc_w.l(handlers.o)
    0x08008180   0x08008180   0x0000000e   Code   RO         8592    i.__scatterload_zeroinit  mc_w.l(handlers.o)
    0x0800818e   0x0800818e   0x00000002   PAD
    0x08008190   0x08008190   0x00000184   Code   RO         8493    i._fp_digits        mc_w.l(printfa.o)
    0x08008314   0x08008314   0x000006dc   Code   RO         8494    i._printf_core      mc_w.l(printfa.o)
    0x080089f0   0x080089f0   0x00000024   Code   RO         8495    i._printf_post_padding  mc_w.l(printfa.o)
    0x08008a14   0x08008a14   0x0000002e   Code   RO         8496    i._printf_pre_padding  mc_w.l(printfa.o)
    0x08008a42   0x08008a42   0x0000000a   Code   RO         8498    i._sputc            mc_w.l(printfa.o)
    0x08008a4c   0x08008a4c   0x00000130   Code   RO         1184    i.aciona_PWM        main.o
    0x08008b7c   0x08008b7c   0x0000009c   Code   RO         1185    i.configura_hora    main.o
    0x08008c18   0x08008c18   0x00000050   Code   RO         8514    i.free              mc_w.l(malloc.o)
    0x08008c68   0x08008c68   0x00000006   Code   RO          899    i.ili9341_DisplayOff  ili9341.o
    0x08008c6e   0x08008c6e   0x00000006   Code   RO          900    i.ili9341_DisplayOn  ili9341.o
    0x08008c74   0x08008c74   0x00000006   Code   RO          901    i.ili9341_GetLcdPixelHeight  ili9341.o
    0x08008c7a   0x08008c7a   0x00000004   Code   RO          902    i.ili9341_GetLcdPixelWidth  ili9341.o
    0x08008c7e   0x08008c7e   0x00000292   Code   RO          903    i.ili9341_Init      ili9341.o
    0x08008f10   0x08008f10   0x00000012   Code   RO          905    i.ili9341_ReadID    ili9341.o
    0x08008f22   0x08008f22   0x00000002   PAD
    0x08008f24   0x08008f24   0x0000004c   Code   RO         1186    i.inicializa_display  main.o
    0x08008f70   0x08008f70   0x00000010   Code   RO         1187    i.inicializa_vetor_uint8  main.o
    0x08008f80   0x08008f80   0x0000009c   Code   RO         1188    i.le_pressao        main.o
    0x0800901c   0x0800901c   0x0000013c   Code   RO         1189    i.le_temperatura    main.o
    0x08009158   0x08009158   0x00000120   Code   RO         1190    i.le_umidade        main.o
    0x08009278   0x08009278   0x00000044   Code   RO         1191    i.leitura_AD        main.o
    0x080092bc   0x080092bc   0x00000114   Code   RO         1192    i.main              main.o
    0x080093d0   0x080093d0   0x0000006c   Code   RO         8515    i.malloc            mc_w.l(malloc.o)
    0x0800943c   0x0800943c   0x00000074   Code   RO         1195    i.renderiza_RTC     main.o
    0x080094b0   0x080094b0   0x000000a0   Code   RO         1196    i.renderiza_sensores  main.o
    0x08009550   0x08009550   0x0000000a   Code   RO          967    i.stmpe811_ClearGlobalIT  stmpe811.o
    0x0800955a   0x0800955a   0x0000001c   Code   RO          968    i.stmpe811_DisableGlobalIT  stmpe811.o
    0x08009576   0x08009576   0x0000001e   Code   RO          969    i.stmpe811_DisableITSource  stmpe811.o
    0x08009594   0x08009594   0x0000001c   Code   RO          970    i.stmpe811_EnableGlobalIT  stmpe811.o
    0x080095b0   0x080095b0   0x0000001e   Code   RO          971    i.stmpe811_EnableITSource  stmpe811.o
    0x080095ce   0x080095ce   0x00000002   PAD
    0x080095d0   0x080095d0   0x0000001c   Code   RO          972    i.stmpe811_GetInstance  stmpe811.o
    0x080095ec   0x080095ec   0x0000001e   Code   RO          979    i.stmpe811_IO_EnableAF  stmpe811.o
    0x0800960a   0x0800960a   0x00000002   PAD
    0x0800960c   0x0800960c   0x00000030   Code   RO          988    i.stmpe811_Init     stmpe811.o
    0x0800963c   0x0800963c   0x00000020   Code   RO          990    i.stmpe811_ReadID   stmpe811.o
    0x0800965c   0x0800965c   0x00000028   Code   RO          991    i.stmpe811_Reset    stmpe811.o
    0x08009684   0x08009684   0x00000006   Code   RO          994    i.stmpe811_TS_ClearIT  stmpe811.o
    0x0800968a   0x0800968a   0x00000036   Code   RO          995    i.stmpe811_TS_DetectTouch  stmpe811.o
    0x080096c0   0x080096c0   0x00000014   Code   RO          996    i.stmpe811_TS_DisableIT  stmpe811.o
    0x080096d4   0x080096d4   0x0000001a   Code   RO          997    i.stmpe811_TS_EnableIT  stmpe811.o
    0x080096ee   0x080096ee   0x0000003e   Code   RO          998    i.stmpe811_TS_GetXY  stmpe811.o
    0x0800972c   0x0800972c   0x00000010   Code   RO          999    i.stmpe811_TS_ITStatus  stmpe811.o
    0x0800973c   0x0800973c   0x000000a2   Code   RO         1000    i.stmpe811_TS_Start  stmpe811.o
    0x080097de   0x080097de   0x00001ab8   Data   RO          465    .constdata          stm32f429i_discovery_lcd.o
    0x0800b296   0x0800b296   0x00000be0   Data   RO          467    .constdata          stm32f429i_discovery_lcd.o
    0x0800be76   0x0800be76   0x00000002   PAD
    0x0800be78   0x0800be78   0x00000014   Data   RO         1521    .constdata          usbh_diskio.o
    0x0800be8c   0x0800be8c   0x00000008   Data   RO         6626    .constdata          stm32f4xx_hal_dma.o
    0x0800be94   0x0800be94   0x00000010   Data   RO         7229    .constdata          system_stm32f4xx.o
    0x0800bea4   0x0800bea4   0x00000008   Data   RO         7230    .constdata          system_stm32f4xx.o
    0x0800beac   0x0800beac   0x00000004   Data   RO         8061    .conststring        usbh_msc.o
    0x0800beb0   0x0800beb0   0x00000020   Data   RO         8588    Region$$Table       anon$$obj.o


    Execution Region RW_IRAM1 (Exec base: 0x20000000, Load base: 0x0800bed0, Size: 0x000036d8, Max: 0x00030000, ABSOLUTE)

    Exec Addr    Load Addr    Size         Type   Attr      Idx    E Section Name        Object

    0x20000000   0x0800bed0   0x00000018   Data   RW           44    .data               stm32f429i_discovery.o
    0x20000018   0x0800bee8   0x00000010   Data   RW          470    .data               stm32f429i_discovery_lcd.o
    0x20000028   0x0800bef8   0x00000008   Data   RW          472    .data               stm32f429i_discovery_lcd.o
    0x20000030   0x0800bf00   0x00000001   Data   RW          779    .data               stm32f429i_discovery_sdram.o
    0x20000031   0x0800bf01   0x00000003   PAD
    0x20000034   0x0800bf04   0x00000010   Data   RW          854    .data               stm32f429i_discovery_ts.o
    0x20000044   0x0800bf14   0x00000038   Data   RW          908    .data               ili9341.o
    0x2000007c   0x0800bf4c   0x00000028   Data   RW         1001    .data               stmpe811.o
    0x200000a4   0x0800bf74   0x00000002   Data   RW         1003    .data               stmpe811.o
    0x200000a6   0x0800bf76   0x00000005   Data   RW         1575    .data               fatfs.o
    0x200000ab   0x0800bf7b   0x00000001   PAD
    0x200000ac   0x0800bf7c   0x00000008   Data   RW         1614    .data               fmc.o
    0x200000b4   0x0800bf84   0x00000001   Data   RW         1925    .data               usb_host.o
    0x200000b5   0x0800bf85   0x00000003   PAD
    0x200000b8   0x0800bf88   0x0000000c   Data   RW         7071    .data               stm32f4xx_hal.o
    0x200000c4   0x0800bf94   0x00000004   Data   RW         7231    .data               system_stm32f4xx.o
    0x200000c8   0x0800bf98   0x00000020   Data   RW         8062    .data               usbh_msc.o
    0x200000e8   0x0800bfb8   0x00000004   Data   RW         8567    .data               mc_w.l(mvars.o)
    0x200000ec   0x0800bfbc   0x00000004   Data   RW         8568    .data               mc_w.l(mvars.o)
    0x200000f0        -       0x000000ac   Zero   RW           42    .bss                stm32f429i_discovery.o
    0x2000019c        -       0x00000130   Zero   RW          464    .bss                stm32f429i_discovery_lcd.o
    0x200002cc        -       0x00000120   Zero   RW          778    .bss                stm32f429i_discovery_sdram.o
    0x200003ec        -       0x00002394   Zero   RW         1197    .bss                main.o
    0x20002780        -       0x00000048   Zero   RW         1435    .bss                adc.o
    0x200027c8        -       0x00000040   Zero   RW         1477    .bss                dma2d.o
    0x20002808        -       0x00000034   Zero   RW         1613    .bss                fmc.o
    0x2000283c        -       0x00000054   Zero   RW         1660    .bss                i2c.o
    0x20002890        -       0x000000a8   Zero   RW         1702    .bss                ltdc.o
    0x20002938        -       0x00000020   Zero   RW         1744    .bss                rtc.o
    0x20002958        -       0x00000058   Zero   RW         1786    .bss                spi.o
    0x200029b0        -       0x00000078   Zero   RW         1830    .bss                tim.o
    0x20002a28        -       0x00000040   Zero   RW         1882    .bss                usart.o
    0x20002a68        -       0x000003c8   Zero   RW         1924    .bss                usb_host.o
    0x20002e30        -       0x00000298   Zero   RW         1981    .bss                usbh_conf.o
    0x200030c8        -       0x0000000c   Zero   RW         7660    .bss                ff_gen_drv.o
    0x200030d4   0x0800bfc0   0x00000004   PAD
    0x200030d8        -       0x00000200   Zero   RW            2    HEAP                startup_stm32f429xx.o
    0x200032d8        -       0x00000400   Zero   RW            1    STACK               startup_stm32f429xx.o


==============================================================================

Image component sizes


      Code (inc. data)   RO Data    RW Data    ZI Data      Debug   Object Name

       244         28          0          0         72       1729   adc.o
       108         20          0          0         64       1553   dma2d.o
        28         10          0          5          0       1038   fatfs.o
        70          6          0          0         12       1643   ff_gen_drv.o
       300         42          0          8         52       2192   fmc.o
       380         28          0          0          0       1167   gpio.o
       296         48          0          0         84       2297   i2c.o
       698          0          0         56          0       8847   ili9341.o
       588         40          0          0        168       2098   ltdc.o
      2130        226          0          0       9108      27746   main.o
       152         16          0          0         32       1547   rtc.o
       216         34          0          0         88       2169   spi.o
        36          8        428          0       1536        840   startup_stm32f429xx.o
      1116        158          0         24        172     825539   stm32f429i_discovery.o
         0          0          0          0          0        744   stm32f429i_discovery_io.o
      1376        160       9880         24        304      19878   stm32f429i_discovery_lcd.o
       612         54          0          1        288       3851   stm32f429i_discovery_sdram.o
        56          8          0         16          0       2864   stm32f429i_discovery_ts.o
       180         28          0         12          0       4605   stm32f4xx_hal.o
      1132         52          0          0          0       5893   stm32f4xx_hal_adc.o
       194         14          0          0          0      30431   stm32f4xx_hal_cortex.o
       458         12          8          0          0       4303   stm32f4xx_hal_dma.o
       728          6          0          0          0       5639   stm32f4xx_hal_dma2d.o
       838        100          0          0          0       3410   stm32f4xx_hal_gpio.o
      2198          4          0          0          0      13433   stm32f4xx_hal_hcd.o
      2070         36          0          0          0      14270   stm32f4xx_hal_i2c.o
       128          0          0          0          0       1871   stm32f4xx_hal_i2c_ex.o
       728         12          0          0          0       3611   stm32f4xx_hal_ltdc.o
        52          4          0          0          0        846   stm32f4xx_hal_msp.o
      1260         76          0          0          0       5168   stm32f4xx_hal_rcc.o
       564         36          0          0          0       1604   stm32f4xx_hal_rcc_ex.o
       920         28          0          0          0       7524   stm32f4xx_hal_rtc.o
       148          0          0          0          0       2736   stm32f4xx_hal_sdram.o
      1530          0          0          0          0       8222   stm32f4xx_hal_spi.o
      1300         88          0          0          0      12566   stm32f4xx_hal_tim.o
        80          0          0          0          0       1300   stm32f4xx_hal_tim_ex.o
      1412         14          0          0          0       7739   stm32f4xx_hal_uart.o
        44         12          0          0          0       5046   stm32f4xx_it.o
       292          4          0          0          0       3520   stm32f4xx_ll_fmc.o
      1972         48          0          0          0      17287   stm32f4xx_ll_usb.o
       650         10          0         42          0      14571   stmpe811.o
        84         18         24          4          0       1171   system_stm32f4xx.o
       484         38          0          0        120       3181   tim.o
       180         22          0          0         64       1698   usart.o
        88         24          0          1        968       2098   usb_host.o
       580         22          0          0        664      11932   usbh_conf.o
       992         20          0          0          0       9680   usbh_core.o
      1090         12          0          0          0       9992   usbh_ctlreq.o
       272         20         20          0          0       4101   usbh_diskio.o
       172          0          0          0          0       4372   usbh_ioreq.o
      1676         10          4         32          0      10789   usbh_msc.o
       586         28          0          0          0       4841   usbh_msc_bot.o
       784          0          0          0          0       6287   usbh_msc_scsi.o
       106          0          0          0          0       3382   usbh_pipes.o
        20          4          0          0          0        522   usbh_platform.o

    ----------------------------------------------------------------------
     34462       1688      10398        232      13800    1157383   Object Totals
         0          0         32          0          0          0   (incl. Generated)
        64          0          2          7          4          0   (incl. Padding)

    ----------------------------------------------------------------------

      Code (inc. data)   RO Data    RW Data    ZI Data      Debug   Library Member Name

         0          0          0          0          0          0   entry.o
         0          0          0          0          0          0   entry10a.o
         0          0          0          0          0          0   entry11a.o
         8          4          0          0          0          0   entry2.o
         4          0          0          0          0          0   entry5.o
         0          0          0          0          0          0   entry7b.o
         0          0          0          0          0          0   entry8b.o
         8          4          0          0          0          0   entry9a.o
        30          0          0          0          0          0   handlers.o
        36          8          0          0          0         68   init.o
         0          0          0          0          0          0   iusefp.o
        30          0          0          0          0         68   llshl.o
        36          0          0          0          0         68   llsshr.o
        32          0          0          0          0         68   llushr.o
       188         20          0          0          0        160   malloc.o
        36          0          0          0          0         68   memcpya.o
        36          0          0          0          0        108   memseta.o
         0          0          0          8          0          0   mvars.o
      2276         86          0          0          0        520   printfa.o
        18          0          0          0          0         68   strcpy.o
        44          0          0          0          0         80   uidiv.o
        98          0          0          0          0         92   uldiv.o
        48          0          0          0          0         68   cdrcmple.o
       334          0          0          0          0        148   dadd.o
       222          0          0          0          0        100   ddiv.o
       186          0          0          0          0        176   depilogue.o
        48          0          0          0          0         68   dfixul.o
       228          0          0          0          0         96   dmul.o
        38          0          0          0          0         68   f2d.o

    ----------------------------------------------------------------------
      3988        122          0          8          0       2092   Library Totals
         4          0          0          0          0          0   (incl. Padding)

    ----------------------------------------------------------------------

      Code (inc. data)   RO Data    RW Data    ZI Data      Debug   Library Name

      2880        122          0          8          0       1368   mc_w.l
      1104          0          0          0          0        724   mf_w.l

    ----------------------------------------------------------------------
      3988        122          0          8          0       2092   Library Totals

    ----------------------------------------------------------------------

==============================================================================


      Code (inc. data)   RO Data    RW Data    ZI Data      Debug   

     38450       1810      10398        240      13800    1125487   Grand Totals
     38450       1810      10398        240      13800    1125487   ELF Image Totals
     38450       1810      10398        240          0          0   ROM Totals

==============================================================================

    Total RO  Size (Code + RO Data)                48848 (  47.70kB)
    Total RW  Size (RW Data + ZI Data)             14040 (  13.71kB)
    Total ROM Size (Code + RO Data + RW Data)      49088 (  47.94kB)

==============================================================================

